Checking 'true'... ok.
Checking 'false'... ok.
Checking 'working-make'... ok.
Checking 'case-sensitive-fs'... ok.
Checking 'proper-umask'... ok.
Checking 'gcc'... updated.
Checking 'working-gcc'... ok.
Checking 'g++'... updated.
Checking 'working-g++'... ok.
Checking 'ncurses.h'... ok.
Checking 'git'... updated.
Checking 'rsync'... updated.
Checking 'perl-data-dumper'... ok.
Checking 'perl-findbin'... ok.
Checking 'perl-file-copy'... ok.
Checking 'perl-file-compare'... ok.
Checking 'perl-thread-queue'... ok.
Checking 'perl-ipc-cmd'... ok.
Checking 'tar'... updated.
Checking 'find'... updated.
Checking 'bash'... updated.
Checking 'xargs'... updated.
Checking 'patch'... updated.
Checking 'diff'... updated.
Checking 'cp'... updated.
Checking 'seq'... updated.
Checking 'awk'... updated.
Checking 'grep'... updated.
Checking 'egrep'... updated.
Checking 'getopt'... updated.
Checking 'realpath'... updated.
Checking 'stat'... updated.
Checking 'gzip'... updated.
Checking 'unzip'... updated.
Checking 'bzip2'... updated.
Checking 'wget'... updated.
Checking 'install'... updated.
Checking 'perl'... updated.
Checking 'python'... updated.
Checking 'python3'... updated.
Checking 'python3-distutils'... ok.
Checking 'python3-stdlib'... ok.
Checking 'file'... updated.
Checking 'which'... updated.
Checking 'argp.h'... ok.
Checking 'fts.h'... ok.
Checking 'obstack.h'... ok.
Checking 'libintl.h'... ok.
Checking 'ldconfig-stub'... ok.














Installing all packages from feed packages.
Installing all packages from feed luci.
Installing all packages from feed routing.
Installing all packages from feed telephony.
Installing all packages from feed nss_packages.
Installing all packages from feed nss_host.

#
# configuration written to .config
#
make[2]: Entering directory '/openwrt/src/scripts/config'
make[2]: 'conf' is up to date.
make[2]: Leaving directory '/openwrt/src/scripts/config'
time: target/linux/prereq#0.02#0.00#0.16
 make[1] tools/flock/compile
 make[2] -C tools/flock compile
 make[1] tools/download
 make[2] -C tools/autoconf-archive download
 make[2] -C tools/autoconf download
 make[2] -C tools/automake download
 make[2] -C tools/bc download
 make[2] -C tools/cpio download
 make[2] -C tools/bison download
 make[2] -C tools/cmake download
 make[2] -C tools/dosfstools download
 make[2] -C tools/e2fsprogs download
 make[2] -C tools/expat download
 make[2] -C tools/fakeroot download
 make[2] -C tools/findutils download
 make[2] -C tools/flex download
 make[2] -C tools/firmware-utils download
 make[2] -C tools/gengetopt download
 make[2] -C tools/gnulib download
 make[2] -C tools/libressl download
 make[2] -C tools/libtool download
 make[2] -C tools/lzma download
 make[2] -C tools/m4 download
 make[2] -C tools/make-ext4fs download
 make[2] -C tools/meson download
 make[2] -C tools/missing-macros download
 make[2] -C tools/mkimage download
 make[2] -C tools/mklibs download
 make[2] -C tools/mtd-utils download
 make[2] -C tools/mtools download
 make[2] -C tools/ninja download
 make[2] -C tools/padjffs2 download
 make[2] -C tools/patch-image download
 make[2] -C tools/patchelf download
 make[2] -C tools/pkgconf download
 make[2] -C tools/quilt download
 make[2] -C tools/squashfs4 download
 make[2] -C tools/sstrip download
 make[2] -C tools/zip download
 make[2] -C tools/zlib download
 make[2] -C tools/zstd download
 make[2] -C tools/gmp download
 make[2] -C tools/mpc download
 make[2] -C tools/mpfr download
 make[2] -C tools/elfutils download
 make[2] -C tools/libdeflate download
 make[2] -C tools/patch download
 make[2] -C tools/tar download
 make[2] -C tools/xz download
 make[2] -C tools/flock download
 make[2] -C tools/sed download
 make[1] toolchain/download
 make[2] -C toolchain/gdb download
 make[2] -C toolchain/binutils download
 make[2] -C toolchain/kernel-headers download
 make[2] -C toolchain/musl download
 make[2] -C toolchain/fortify-headers download
 make[2] -C toolchain/gcc/final download
 make[2] -C toolchain/gcc/initial download
 make[1] package/download
 make[2] -C package/base-files download
 make[2] -C package/boot/uboot-envtools download
 make[2] -C feeds/luci/applications/luci-app-firewall download
 make[2] -C feeds/luci/applications/luci-app-banip download
 make[2] -C feeds/luci/libs/luci-lib-base download
 make[2] -C feeds/luci/applications/luci-app-opkg download
 make[2] -C feeds/luci/modules/luci-base download
 make[2] -C feeds/luci/libs/luci-lib-ip download
 make[2] -C feeds/luci/libs/luci-lib-nixio download
 make[2] -C feeds/luci/libs/luci-lib-jsonc download
 make[2] -C feeds/luci/collections/luci-light download
 make[2] -C feeds/luci/modules/luci-lua-runtime download
 make[2] -C feeds/luci/modules/luci-mod-admin-full download
 make[2] -C feeds/luci/modules/luci-mod-dashboard download
 make[2] -C feeds/luci/modules/luci-mod-status download
 make[2] -C feeds/luci/modules/luci-mod-network download
 make[2] -C feeds/luci/modules/luci-mod-system download
 make[2] -C feeds/luci/protocols/luci-proto-ipv6 download
 make[2] -C feeds/luci/protocols/luci-proto-ppp download
 make[2] -C feeds/luci/collections/luci-ssl-openssl download
 make[2] -C feeds/luci/themes/luci-theme-bootstrap download
 make[2] -C feeds/luci/themes/luci-theme-material download
 make[2] -C feeds/luci/themes/luci-theme-openwrt download
 make[2] -C feeds/luci/themes/luci-theme-openwrt-2020 download
 make[2] -C feeds/luci/contrib/package/lucihttp download
 make[2] -C feeds/luci/libs/rpcd-mod-luci download
 make[2] -C feeds/luci/libs/rpcd-mod-rrdns download
 make[2] -C feeds/luci/contrib/package/ucode-mod-html download
 make[2] -C feeds/luci/contrib/package/ucode-mod-lua download
 make[2] -C feeds/nss_packages/firmware/nss-eip-firmware download
 make[2] -C feeds/nss_packages/qca/feeds/nss-host/qca-mcs download
 make[2] -C feeds/nss_packages/qca/feeds/nss-host/qca-nss-crypto download
 make[2] -C feeds/nss_packages/qca/feeds/nss-host/qca-nss-cfi download
 make[2] -C feeds/nss_packages/qca/feeds/nss-host/qca-nss-ecm download
 make[2] -C feeds/nss_packages/qca/feeds/nss-host/qca-nss-drv download
 make[2] -C feeds/nss_packages/qca/feeds/ssdk/qca-ssdk-shell download
 make[2] -C feeds/packages/net/banip download
 make[2] -C feeds/packages/net/cgi-io download
 make[2] -C feeds/packages/net/openssh download
 make[2] -C feeds/packages/net/openvswitch download
 make[2] -C package/firmware/ath10k-ct-firmware download
 make[2] -C package/firmware/ipq-wifi download
 make[2] -C package/firmware/ath11k-firmware download
 make[2] -C package/firmware/linux-firmware download
 make[2] -C package/firmware/nss-firmware download
 make[2] -C package/firmware/wireless-regdb download
 make[2] -C package/kernel/ath10k-ct download
 make[2] -C package/kernel/gpio-button-hotplug download
 make[2] -C package/kernel/linux download
 make[2] -C package/kernel/mac80211 download
 make[2] -C package/kernel/nat46 download
 make[2] -C package/kernel/qca-nss-dp download
 make[2] -C package/kernel/qca-ssdk download
 make[2] -C package/libs/jansson download
 make[2] -C package/libs/libjson-c download
 make[2] -C package/libs/libmnl download
 make[2] -C package/libs/libnftnl download
 make[2] -C package/libs/libnl-tiny download
 make[2] -C package/libs/libubox download
 make[2] -C package/libs/openssl download
 make[2] -C package/libs/toolchain download
 make[2] -C package/libs/uclient download
 make[2] -C package/libs/ustream-ssl download
 make[2] -C package/libs/zlib download
 make[2] -C package/network/config/firewall4 download
 make[2] -C package/network/config/netifd download
 make[2] -C package/network/ipv6/odhcp6c download
 make[2] -C package/network/services/dnsmasq download
 make[2] -C package/network/services/dropbear download
 make[2] -C package/network/services/hostapd download
 make[2] -C package/network/services/odhcpd download
 make[2] -C package/network/services/ppp download
 make[2] -C package/network/services/uhttpd download
 make[2] -C package/network/utils/iptables download
 make[2] -C package/network/utils/iw download
 make[2] -C package/network/utils/iwinfo download
 make[2] -C package/network/utils/nftables download
 make[2] -C package/system/ca-certificates download
 make[2] -C package/system/fstools download
 make[2] -C package/system/fwtool download
 make[2] -C package/system/mtd download
 make[2] -C package/system/openwrt-keyring download
 make[2] -C package/system/opkg download
 make[2] -C package/system/procd download
 make[2] -C package/system/rpcd download
 make[2] -C package/system/ubox download
 make[2] -C package/system/ubus download
 make[2] -C package/system/urandom-seed download
 make[2] -C package/system/uci download
 make[2] -C package/system/urngd download
 make[2] -C package/system/usign download
 make[2] -C package/utils/busybox download
 make[2] -C package/utils/e2fsprogs download
 make[2] -C package/utils/jsonfilter download
 make[2] -C package/utils/lua download
 make[2] -C package/utils/mtd-utils download
 make[2] -C package/utils/ucode download
 make[2] -C package/utils/util-linux download
 make[1] target/download
 make[2] -C target/linux download
make[2]: Entering directory '/openwrt/src/scripts/config'
make[2]: 'conf' is up to date.
make[2]: Leaving directory '/openwrt/src/scripts/config'
 make[1] world
 make[2] tools/compile
 make[2] package/cleanup
 make[3] -C tools/flock compile
 make[3] -C tools/xz compile
 make[3] -C tools/sed compile
 make[3] -C tools/libdeflate compile
 make[3] -C tools/patch compile
 make[3] -C tools/tar compile
 make[3] -C tools/ninja compile
 make[3] -C tools/autoconf-archive compile
 make[3] -C tools/gnulib compile
 make[3] -C tools/m4 compile
 make[3] -C tools/expat compile
 make[3] -C tools/zlib compile
 make[3] -C tools/cpio compile
 make[3] -C tools/lzma compile
 make[3] -C tools/make-ext4fs compile
 make[3] -C tools/mtools compile
 make[3] -C tools/patch-image compile
 make[3] -C tools/squashfs4 compile
 make[3] -C tools/sstrip compile
 make[3] -C tools/zip compile
 make[3] -C tools/meson compile
 make[3] -C tools/pkgconf compile
 make[3] -C tools/zstd compile
 make[3] -C tools/elfutils compile
 make[3] -C tools/autoconf compile
 make[3] -C tools/libressl compile
 make[3] -C tools/automake compile
 make[3] -C tools/missing-macros compile
 make[3] -C tools/dosfstools compile
 make[3] -C tools/libtool compile
 make[3] -C tools/cmake compile
 make[3] -C tools/flex compile
 make[3] -C tools/e2fsprogs compile
 make[3] -C tools/fakeroot compile
 make[3] -C tools/gengetopt compile
 make[3] -C tools/mklibs compile
 make[3] -C tools/mtd-utils compile
 make[3] -C tools/patchelf compile
 make[3] -C tools/gmp compile
 make[3] -C tools/bison compile
 make[3] -C tools/bc compile
 make[3] -C tools/findutils compile
 make[3] -C tools/mkimage compile
 make[3] -C tools/padjffs2 compile
 make[3] -C tools/quilt compile
 make[3] -C tools/mpfr compile
 make[3] -C tools/mpc compile
 make[3] -C tools/firmware-utils compile
 make[2] toolchain/compile
 make[3] -C toolchain/gdb compile
 make[3] -C toolchain/binutils compile
 make[3] -C toolchain/fortify-headers compile
 make[3] -C toolchain/gcc/initial compile
 make[3] -C toolchain/kernel-headers compile
 make[3] -C toolchain/musl compile
 make[3] -C toolchain/gcc/final compile
 make[2] target/compile
 make[3] -C target/linux compile
 make[2] buildinfo
 make[2] package/compile
 make[3] diffconfig buildversion feedsversion
 make[3] -C package/libs/libjson-c host-compile
 make[3] -C package/kernel/gpio-button-hotplug compile
 make[3] -C package/libs/toolchain compile
 make[3] -C package/libs/ncurses host-compile
 make[4] scripts/config/conf
 make[3] -C package/libs/zlib compile
 make[3] -C package/system/fwtool host-compile
 make[3] -C package/system/usign host-compile
 make[3] -C package/system/openwrt-keyring compile
 make[3] -C feeds/luci/modules/luci-base host-compile
 make[3] -C package/libs/jansson compile
 make[3] -C package/libs/libmnl compile
 make[3] -C package/system/ca-certificates compile
 make[3] -C package/utils/lua host-compile
 make[3] -C feeds/luci/contrib/package/csstidy host-compile
 make[3] -C feeds/nss_packages/firmware/nss-eip-firmware compile
 make[3] -C feeds/nss_packages/qca/feeds/nss-host/qca-mcs compile
 make[3] -C package/kernel/qca-ssdk compile
 make[3] -C feeds/nss_packages/qca/feeds/ssdk/qca-ssdk-shell compile
 make[3] -C feeds/packages/libs/libpam compile
 make[3] -C feeds/packages/utils/attr compile
 make[3] -C package/libs/gmp compile
 make[3] -C package/libs/libcap compile
 make[3] -C feeds/packages/libs/libffi host-compile
 make[3] -C package/utils/bzip2 host-compile
 make[3] -C package/libs/libunwind compile
 make[3] -C package/firmware/ath11k-firmware compile
 make[3] -C package/firmware/ipq-wifi compile
 make[3] -C package/firmware/nss-firmware compile
 make[3] -C package/firmware/wireless-regdb compile
 make[3] -C package/network/services/dropbear compile
 make[3] -C package/libs/libpcap compile
 make[3] -C package/network/utils/linux-atm compile
 make[3] -C package/network/utils/resolveip compile
 make[3] -C package/libs/libsepol compile
 make[3] -C package/libs/pcre2 compile
 make[3] -C package/libs/musl-fts compile
 make[3] -C package/utils/e2fsprogs host-compile
 make[3] -C package/libs/libubox host-compile
 make[3] -C package/libs/libnl-tiny compile
 make[3] -C package/libs/libjson-c compile
 make[3] -C package/utils/lua compile
 make[3] -C package/firmware/linux-firmware compile
 make[3] -C package/libs/ncurses compile
 make[3] -C package/system/fwtool compile
 make[3] -C package/system/ucert host-compile
 make[3] -C package/libs/libnftnl compile
 make[3] -C feeds/luci/libs/luci-lib-ip compile
 make[3] -C feeds/luci/libs/luci-lib-jsonc compile
 make[3] -C feeds/luci/libs/luci-lib-nixio compile
 make[3] -C feeds/luci/protocols/luci-proto-ppp compile
 make[3] -C feeds/luci/themes/luci-theme-bootstrap compile
 make[3] -C feeds/luci/protocols/luci-proto-ipv6 compile
 make[3] -C feeds/luci/themes/luci-theme-material compile
 make[3] -C feeds/luci/themes/luci-theme-openwrt-2020 compile
 make[3] -C package/kernel/qca-nss-dp compile
 make[3] -C feeds/packages/utils/acl compile
 make[3] -C feeds/packages/lang/python/python3 host-compile
 make[3] -C package/firmware/ath10k-ct-firmware compile
 make[3] -C package/network/utils/iw compile
 make[3] -C package/libs/libselinux compile
 make[3] -C package/system/opkg host-compile
 make[3] -C package/libs/libubox compile
 make[3] -C package/kernel/linux compile
 make[3] -C package/utils/util-linux compile
 make[3] -C package/utils/jsonfilter compile
 make[3] -C package/system/usign compile
 make[3] -C package/network/utils/nftables compile
 make[3] -C package/libs/openssl compile
 make[3] -C feeds/nss_packages/qca/feeds/nss-host/qca-nss-drv compile
 make[3] -C package/kernel/nat46 compile
 make[3] -C feeds/packages/utils/coreutils compile
 make[3] -C package/network/ipv6/odhcp6c compile
 make[3] -C package/network/services/ppp compile
 make[3] -C package/network/utils/iptables compile
 make[3] -C package/system/mtd compile
 make[3] -C package/system/urngd compile
 make[3] -C package/utils/busybox compile
 make[3] -C package/utils/e2fsprogs compile
 make[3] -C package/system/ubus compile
 make[3] -C package/system/uci compile
 make[3] -C package/utils/mtd-utils compile
 make[3] -C package/utils/ucode compile
 make[3] -C package/network/utils/iwinfo compile
 make[3] -C feeds/luci/contrib/package/lucihttp compile
 make[3] -C feeds/luci/contrib/package/ucode-mod-html compile
 make[3] -C feeds/packages/net/cgi-io compile
 make[3] -C feeds/luci/libs/luci-lib-base compile
 make[3] -C feeds/luci/contrib/package/ucode-mod-lua compile
 make[3] -C feeds/nss_packages/qca/feeds/nss-host/qca-nss-crypto compile
 make[3] -C feeds/nss_packages/qca/feeds/nss-host/qca-nss-ecm compile
 make[3] -C package/network/services/dnsmasq compile
 make[3] -C package/network/services/odhcpd compile
    ERROR: package/feeds/nss_packages/qca-nss-ecm failed to build.
make -r world: build failed. Please re-run make with -j1 V=s or V=sc for a higher verbosity level to see what's going on
make[2]: Entering directory '/openwrt/src/scripts/config'
make[2]: 'conf' is up to date.
make[2]: Leaving directory '/openwrt/src/scripts/config'
 make[1] world
 make[2] target/compile
 make[3] -C target/linux compile
 make[2] buildinfo
 make[3] diffconfig buildversion feedsversion
 make[4] scripts/config/conf
 make[2] package/cleanup
 make[2] package/compile
 make[3] -C package/libs/libjson-c host-compile
 make[3] -C package/libs/libubox host-compile
 make[3] -C package/system/opkg host-compile
 make[3] -C package/libs/toolchain compile
 make[3] -C package/libs/libnl-tiny compile
 make[3] -C package/libs/libjson-c compile
 make[3] -C package/utils/lua compile
 make[3] -C package/libs/libubox compile
 make[3] -C package/system/ubus compile
 make[3] -C package/system/uci compile
 make[3] -C package/network/config/netifd compile
 make[3] -C package/firmware/linux-firmware compile
 make[3] -C package/kernel/gpio-button-hotplug compile
 make[3] -C package/kernel/linux compile
 make[3] -C package/system/ubox compile
 make[3] -C package/libs/ncurses host-compile
 make[3] -C package/libs/zlib compile
 make[3] -C package/libs/ncurses compile
 make[3] -C package/utils/util-linux compile
 make[3] -C package/utils/mtd-utils compile
 make[3] -C package/system/fstools compile
 make[3] -C package/system/fwtool host-compile
 make[3] -C package/system/fwtool compile
 make[3] -C package/system/usign host-compile
 make[3] -C package/system/ucert host-compile
 make[3] -C package/utils/jsonfilter compile
 make[3] -C package/system/openwrt-keyring compile
 make[3] -C package/system/usign compile
 make[3] -C package/base-files compile
 make[3] -C package/boot/uboot-envtools compile
 make[3] -C feeds/luci/modules/luci-base host-compile
 make[3] -C package/libs/jansson compile
 make[3] -C package/libs/libmnl compile
 make[3] -C package/libs/libnftnl compile
 make[3] -C package/network/utils/nftables compile
 make[3] -C package/utils/ucode compile
 make[3] -C package/network/config/firewall4 compile
 make[3] -C package/system/ca-certificates compile
 make[3] -C package/network/utils/iwinfo compile
 make[3] -C package/system/rpcd compile
 make[3] -C feeds/packages/net/banip compile
 make[3] -C package/utils/lua host-compile
 make[3] -C feeds/luci/contrib/package/csstidy host-compile
 make[3] -C feeds/luci/applications/luci-app-banip compile
 make[3] -C feeds/luci/applications/luci-app-firewall compile
 make[3] -C package/libs/openssl compile
 make[3] -C package/libs/ustream-ssl compile
 make[3] -C package/libs/uclient compile
 make[3] -C package/system/opkg compile
 make[3] -C feeds/luci/applications/luci-app-opkg compile
 make[3] -C feeds/luci/contrib/package/lucihttp compile
 make[3] -C feeds/luci/libs/rpcd-mod-luci compile
 make[3] -C feeds/luci/contrib/package/ucode-mod-html compile
 make[3] -C feeds/packages/net/cgi-io compile
 make[3] -C feeds/luci/modules/luci-base compile
 make[3] -C feeds/luci/libs/luci-lib-ip compile
 make[3] -C feeds/luci/libs/luci-lib-jsonc compile
 make[3] -C feeds/luci/libs/luci-lib-nixio compile
 make[3] -C feeds/luci/libs/luci-lib-base compile
 make[3] -C feeds/luci/modules/luci-mod-network compile
 make[3] -C feeds/luci/modules/luci-mod-status compile
 make[3] -C feeds/luci/modules/luci-mod-system compile
 make[3] -C feeds/luci/modules/luci-mod-admin-full compile
 make[3] -C feeds/luci/protocols/luci-proto-ppp compile
 make[3] -C feeds/luci/themes/luci-theme-bootstrap compile
 make[3] -C feeds/luci/libs/rpcd-mod-rrdns compile
 make[3] -C package/network/services/uhttpd compile
 make[3] -C feeds/luci/protocols/luci-proto-ipv6 compile
 make[3] -C feeds/luci/collections/luci-light compile
 make[3] -C feeds/luci/contrib/package/ucode-mod-lua compile
 make[3] -C feeds/luci/modules/luci-lua-runtime compile
 make[3] -C feeds/luci/modules/luci-mod-dashboard compile
 make[3] -C feeds/luci/collections/luci-ssl-openssl compile
 make[3] -C feeds/luci/themes/luci-theme-material compile
 make[3] -C feeds/luci/themes/luci-theme-openwrt compile
 make[3] -C feeds/luci/themes/luci-theme-openwrt-2020 compile
 make[3] -C feeds/nss_packages/firmware/nss-eip-firmware compile
 make[3] -C feeds/nss_packages/qca/feeds/nss-host/qca-mcs compile
 make[3] -C package/kernel/qca-ssdk compile
 make[3] -C package/kernel/qca-nss-dp compile
 make[3] -C feeds/nss_packages/qca/feeds/nss-host/qca-nss-drv compile
 make[3] -C feeds/nss_packages/qca/feeds/nss-host/qca-nss-crypto compile
 make[3] -C feeds/nss_packages/qca/feeds/nss-host/qca-nss-cfi compile
 make[3] -C package/kernel/nat46 compile
 make[3] -C feeds/nss_packages/qca/feeds/nss-host/qca-nss-ecm compile
    ERROR: package/feeds/nss_packages/qca-nss-ecm failed to build.
make -r world: build failed. Please re-run make with -j1 V=s or V=sc for a higher verbosity level to see what's going on
make[2]: Entering directory '/openwrt/src/scripts/config'
make[2]: 'conf' is up to date.
make[2]: Leaving directory '/openwrt/src/scripts/config'
make[1]: Entering directory '/openwrt/src'
make[2]: Entering directory '/openwrt/src'
make[3]: Entering directory '/openwrt/src/target/linux'
make[4]: Entering directory '/openwrt/src/target/linux/qualcommax'
rm -f /openwrt/src/build_dir/target-aarch64_cortex-a53_musl/linux-qualcommax_ipq807x/linux-6.1.40/localversion
/openwrt/src/scripts/kconfig.pl  + /openwrt/src/target/linux/generic/config-6.1 /openwrt/src/target/linux/qualcommax/config-6.1 > /openwrt/src/build_dir/target-aarch64_cortex-a53_musl/linux-qualcommax_ipq807x/linux-6.1.40/.config.target
awk '/^(#[[:space:]]+)?CONFIG_KERNEL/{sub("CONFIG_KERNEL_","CONFIG_");print}' /openwrt/src/.config >> /openwrt/src/build_dir/target-aarch64_cortex-a53_musl/linux-qualcommax_ipq807x/linux-6.1.40/.config.target
echo "# CONFIG_KALLSYMS_EXTRA_PASS is not set" >> /openwrt/src/build_dir/target-aarch64_cortex-a53_musl/linux-qualcommax_ipq807x/linux-6.1.40/.config.target
echo "# CONFIG_KALLSYMS_ALL is not set" >> /openwrt/src/build_dir/target-aarch64_cortex-a53_musl/linux-qualcommax_ipq807x/linux-6.1.40/.config.target
echo "CONFIG_KALLSYMS_UNCOMPRESSED=y" >> /openwrt/src/build_dir/target-aarch64_cortex-a53_musl/linux-qualcommax_ipq807x/linux-6.1.40/.config.target
/openwrt/src/scripts/package-metadata.pl kconfig /openwrt/src/tmp/.packageinfo /openwrt/src/.config 6.1 > /openwrt/src/build_dir/target-aarch64_cortex-a53_musl/linux-qualcommax_ipq807x/linux-6.1.40/.config.override
/openwrt/src/scripts/kconfig.pl 'm+' '+' /openwrt/src/build_dir/target-aarch64_cortex-a53_musl/linux-qualcommax_ipq807x/linux-6.1.40/.config.target /dev/null /openwrt/src/build_dir/target-aarch64_cortex-a53_musl/linux-qualcommax_ipq807x/linux-6.1.40/.config.override > /openwrt/src/build_dir/target-aarch64_cortex-a53_musl/linux-qualcommax_ipq807x/linux-6.1.40/.config.set
mv /openwrt/src/build_dir/target-aarch64_cortex-a53_musl/linux-qualcommax_ipq807x/linux-6.1.40/.config.set /openwrt/src/build_dir/target-aarch64_cortex-a53_musl/linux-qualcommax_ipq807x/linux-6.1.40/.config.old
grep -v INITRAMFS /openwrt/src/build_dir/target-aarch64_cortex-a53_musl/linux-qualcommax_ipq807x/linux-6.1.40/.config.old > /openwrt/src/build_dir/target-aarch64_cortex-a53_musl/linux-qualcommax_ipq807x/linux-6.1.40/.config.set
echo 'CONFIG_INITRAMFS_SOURCE=""' >> /openwrt/src/build_dir/target-aarch64_cortex-a53_musl/linux-qualcommax_ipq807x/linux-6.1.40/.config.set
echo '# CONFIG_INITRAMFS_FORCE is not set' >> /openwrt/src/build_dir/target-aarch64_cortex-a53_musl/linux-qualcommax_ipq807x/linux-6.1.40/.config.set
echo "# CONFIG_INITRAMFS_PRESERVE_MTIME is not set" >> /openwrt/src/build_dir/target-aarch64_cortex-a53_musl/linux-qualcommax_ipq807x/linux-6.1.40/.config.set
rm -rf /openwrt/src/build_dir/target-aarch64_cortex-a53_musl/linux-qualcommax_ipq807x/modules
cmp -s /openwrt/src/build_dir/target-aarch64_cortex-a53_musl/linux-qualcommax_ipq807x/linux-6.1.40/.config.set /openwrt/src/build_dir/target-aarch64_cortex-a53_musl/linux-qualcommax_ipq807x/linux-6.1.40/.config.prev || { cp /openwrt/src/build_dir/target-aarch64_cortex-a53_musl/linux-qualcommax_ipq807x/linux-6.1.40/.config.set /openwrt/src/build_dir/target-aarch64_cortex-a53_musl/linux-qualcommax_ipq807x/linux-6.1.40/.config; cp /openwrt/src/build_dir/target-aarch64_cortex-a53_musl/linux-qualcommax_ipq807x/linux-6.1.40/.config.set /openwrt/src/build_dir/target-aarch64_cortex-a53_musl/linux-qualcommax_ipq807x/linux-6.1.40/.config.prev; }
export MAKEFLAGS= ; [ -d /openwrt/src/build_dir/target-aarch64_cortex-a53_musl/linux-qualcommax_ipq807x/linux-6.1.40/user_headers ] || make -C /openwrt/src/build_dir/target-aarch64_cortex-a53_musl/linux-qualcommax_ipq807x/linux-6.1.40 KCFLAGS="-fmacro-prefix-map=/openwrt/src/build_dir/target-aarch64_cortex-a53_musl=target-aarch64_cortex-a53_musl -fno-caller-saves " HOSTCFLAGS="-O2 -I/openwrt/src/staging_dir/host/include  -Wall -Wmissing-prototypes -Wstrict-prototypes" CROSS_COMPILE="aarch64-openwrt-linux-musl-" ARCH="arm64" KBUILD_HAVE_NLS=no KBUILD_BUILD_USER="" KBUILD_BUILD_HOST="" KBUILD_BUILD_TIMESTAMP="Tue Jul 25 04:48:30 2023" KBUILD_BUILD_VERSION="0" KBUILD_HOSTLDFLAGS="-L/openwrt/src/staging_dir/host/lib" CONFIG_SHELL="bash" V=''  cmd_syscalls=  KERNELRELEASE=6.1.40 CC="aarch64-openwrt-linux-musl-gcc"  INSTALL_HDR_PATH=/openwrt/src/build_dir/target-aarch64_cortex-a53_musl/linux-qualcommax_ipq807x/linux-6.1.40/user_headers headers_install
grep '=[ym]' /openwrt/src/build_dir/target-aarch64_cortex-a53_musl/linux-qualcommax_ipq807x/linux-6.1.40/.config.set | LC_ALL=C sort | /openwrt/src/staging_dir/host/bin/mkhash md5 > /openwrt/src/build_dir/target-aarch64_cortex-a53_musl/linux-qualcommax_ipq807x/linux-6.1.40/.vermagic
touch /openwrt/src/build_dir/target-aarch64_cortex-a53_musl/linux-qualcommax_ipq807x/linux-6.1.40/.configured
rm -f /openwrt/src/build_dir/target-aarch64_cortex-a53_musl/linux-qualcommax_ipq807x/linux-6.1.40/vmlinux /openwrt/src/build_dir/target-aarch64_cortex-a53_musl/linux-qualcommax_ipq807x/linux-6.1.40/System.map
make -C /openwrt/src/build_dir/target-aarch64_cortex-a53_musl/linux-qualcommax_ipq807x/linux-6.1.40 KCFLAGS="-fmacro-prefix-map=/openwrt/src/build_dir/target-aarch64_cortex-a53_musl=target-aarch64_cortex-a53_musl -fno-caller-saves " HOSTCFLAGS="-O2 -I/openwrt/src/staging_dir/host/include  -Wall -Wmissing-prototypes -Wstrict-prototypes" CROSS_COMPILE="aarch64-openwrt-linux-musl-" ARCH="arm64" KBUILD_HAVE_NLS=no KBUILD_BUILD_USER="" KBUILD_BUILD_HOST="" KBUILD_BUILD_TIMESTAMP="Tue Jul 25 04:48:30 2023" KBUILD_BUILD_VERSION="0" KBUILD_HOSTLDFLAGS="-L/openwrt/src/staging_dir/host/lib" CONFIG_SHELL="bash" V=''  cmd_syscalls=  KERNELRELEASE=6.1.40 CC="aarch64-openwrt-linux-musl-gcc" Image dtbs modules
make[5]: Entering directory '/openwrt/src/build_dir/target-aarch64_cortex-a53_musl/linux-qualcommax_ipq807x/linux-6.1.40'
  CALL    scripts/checksyscalls.sh
  LD      .tmp_vmlinux.kallsyms1
  NM      .tmp_vmlinux.kallsyms1.syms
  KSYMS   .tmp_vmlinux.kallsyms1.S
  AS      .tmp_vmlinux.kallsyms1.S
  LD      .tmp_vmlinux.kallsyms2
  NM      .tmp_vmlinux.kallsyms2.syms
  KSYMS   .tmp_vmlinux.kallsyms2.S
  AS      .tmp_vmlinux.kallsyms2.S
  LD      vmlinux
  NM      System.map
  SORTTAB vmlinux
  OBJCOPY arch/arm64/boot/Image
make[5]: Leaving directory '/openwrt/src/build_dir/target-aarch64_cortex-a53_musl/linux-qualcommax_ipq807x/linux-6.1.40'
# If .config did not change, use the previous timestamp to avoid package rebuilds
cmp -s /openwrt/src/build_dir/target-aarch64_cortex-a53_musl/linux-qualcommax_ipq807x/linux-6.1.40/.config /openwrt/src/build_dir/target-aarch64_cortex-a53_musl/linux-qualcommax_ipq807x/linux-6.1.40/.config.modules.save && mv /openwrt/src/build_dir/target-aarch64_cortex-a53_musl/linux-qualcommax_ipq807x/linux-6.1.40/.config.modules.save /openwrt/src/build_dir/target-aarch64_cortex-a53_musl/linux-qualcommax_ipq807x/linux-6.1.40/.config; cp -fpR /openwrt/src/build_dir/target-aarch64_cortex-a53_musl/linux-qualcommax_ipq807x/linux-6.1.40/.config /openwrt/src/build_dir/target-aarch64_cortex-a53_musl/linux-qualcommax_ipq807x/linux-6.1.40/.config.modules.save
touch /openwrt/src/build_dir/target-aarch64_cortex-a53_musl/linux-qualcommax_ipq807x/linux-6.1.40/.modules
make -C image compile TARGET_BUILD=
make[5]: Entering directory '/openwrt/src/target/linux/qualcommax/image'
make[5]: Nothing to be done for 'compile'.
make[5]: Leaving directory '/openwrt/src/target/linux/qualcommax/image'
make[4]: Leaving directory '/openwrt/src/target/linux/qualcommax'
make[3]: Leaving directory '/openwrt/src/target/linux'
time: target/linux/compile#2.11#0.71#15.02
make[2]: Leaving directory '/openwrt/src'
export MAKEFLAGS= ;make -w -r buildinfo
make[2]: Entering directory '/openwrt/src'
 make[3] diffconfig buildversion feedsversion
 make[4] scripts/config/conf
make[2]: Leaving directory '/openwrt/src'
make[2]: Entering directory '/openwrt/src'
rm -rf /openwrt/src/staging_dir/target-aarch64_cortex-a53_musl/root-qualcommax
make[2]: Leaving directory '/openwrt/src'
make[2]: Entering directory '/openwrt/src'
make[3]: Entering directory '/openwrt/src/package/libs/libjson-c'
make[3]: Leaving directory '/openwrt/src/package/libs/libjson-c'
time: package/libs/libjson-c/host-compile#0.01#0.00#0.16
make[3]: Entering directory '/openwrt/src/package/libs/libubox'
make[3]: Leaving directory '/openwrt/src/package/libs/libubox'
time: package/libs/libubox/host-compile#0.01#0.00#0.17
make[3]: Entering directory '/openwrt/src/package/system/opkg'
make[3]: Leaving directory '/openwrt/src/package/system/opkg'
time: package/system/opkg/host-compile#0.01#0.00#0.31
make[3]: Entering directory '/openwrt/src/package/libs/toolchain'
mkdir -p /openwrt/src/staging_dir/target-aarch64_cortex-a53_musl/root-qualcommax/stamp
SHELL= flock /openwrt/src/tmp/.root-copy.flock -c 'cp -fpR /openwrt/src/build_dir/target-aarch64_cortex-a53_musl/toolchain/.pkgdir/libc/. /openwrt/src/staging_dir/target-aarch64_cortex-a53_musl/root-qualcommax/'
touch /openwrt/src/staging_dir/target-aarch64_cortex-a53_musl/root-qualcommax/stamp/.libc_installed
echo "libc" >> /openwrt/src/staging_dir/target-aarch64_cortex-a53_musl/pkginfo/toolchain.default.install
mkdir -p /openwrt/src/staging_dir/target-aarch64_cortex-a53_musl/root-qualcommax/stamp
echo '1' | cmp -s - /openwrt/src/staging_dir/target-aarch64_cortex-a53_musl/pkginfo/libgcc.version || { echo '1' > /openwrt/src/staging_dir/target-aarch64_cortex-a53_musl/pkginfo/libgcc.version;  } 
SHELL= flock /openwrt/src/tmp/.root-copy.flock -c 'cp -fpR /openwrt/src/build_dir/target-aarch64_cortex-a53_musl/toolchain/.pkgdir/libgcc/. /openwrt/src/staging_dir/target-aarch64_cortex-a53_musl/root-qualcommax/'
touch /openwrt/src/staging_dir/target-aarch64_cortex-a53_musl/root-qualcommax/stamp/.libgcc_installed
echo "libgcc" >> /openwrt/src/staging_dir/target-aarch64_cortex-a53_musl/pkginfo/toolchain.default.install
mkdir -p /openwrt/src/staging_dir/target-aarch64_cortex-a53_musl/root-qualcommax/stamp
SHELL= flock /openwrt/src/tmp/.root-copy.flock -c 'cp -fpR /openwrt/src/build_dir/target-aarch64_cortex-a53_musl/toolchain/.pkgdir/libpthread/. /openwrt/src/staging_dir/target-aarch64_cortex-a53_musl/root-qualcommax/'
touch /openwrt/src/staging_dir/target-aarch64_cortex-a53_musl/root-qualcommax/stamp/.libpthread_installed
echo "libpthread" >> /openwrt/src/staging_dir/target-aarch64_cortex-a53_musl/pkginfo/toolchain.default.install
mkdir -p /openwrt/src/staging_dir/target-aarch64_cortex-a53_musl/root-qualcommax/stamp
SHELL= flock /openwrt/src/tmp/.root-copy.flock -c 'cp -fpR /openwrt/src/build_dir/target-aarch64_cortex-a53_musl/toolchain/.pkgdir/librt/. /openwrt/src/staging_dir/target-aarch64_cortex-a53_musl/root-qualcommax/'
touch /openwrt/src/staging_dir/target-aarch64_cortex-a53_musl/root-qualcommax/stamp/.librt_installed
echo "librt" >> /openwrt/src/staging_dir/target-aarch64_cortex-a53_musl/pkginfo/toolchain.default.install
make[3]: Leaving directory '/openwrt/src/package/libs/toolchain'
time: package/libs/toolchain/compile#0.01#0.00#0.20
make[3]: Entering directory '/openwrt/src/package/libs/libnl-tiny'
mkdir -p /openwrt/src/staging_dir/target-aarch64_cortex-a53_musl/root-qualcommax/stamp
echo '2023-07-01' | cmp -s - /openwrt/src/staging_dir/target-aarch64_cortex-a53_musl/pkginfo/libnl-tiny.version || { echo '2023-07-01' > /openwrt/src/staging_dir/target-aarch64_cortex-a53_musl/pkginfo/libnl-tiny.version;  } 
SHELL= flock /openwrt/src/tmp/.root-copy.flock -c 'cp -fpR /openwrt/src/build_dir/target-aarch64_cortex-a53_musl/libnl-tiny-2023-07-01-d433990c/.pkgdir/libnl-tiny/. /openwrt/src/staging_dir/target-aarch64_cortex-a53_musl/root-qualcommax/'
touch /openwrt/src/staging_dir/target-aarch64_cortex-a53_musl/root-qualcommax/stamp/.libnl-tiny_installed
echo "libnl-tiny" >> /openwrt/src/staging_dir/target-aarch64_cortex-a53_musl/pkginfo/libnl-tiny.default.install
make[3]: Leaving directory '/openwrt/src/package/libs/libnl-tiny'
time: package/libs/libnl-tiny/compile#0.01#0.00#0.16
make[3]: Entering directory '/openwrt/src/package/libs/libjson-c'
mkdir -p /openwrt/src/staging_dir/target-aarch64_cortex-a53_musl/root-qualcommax/stamp
echo '5' | cmp -s - /openwrt/src/staging_dir/target-aarch64_cortex-a53_musl/pkginfo/libjson-c.version || { echo '5' > /openwrt/src/staging_dir/target-aarch64_cortex-a53_musl/pkginfo/libjson-c.version;  } 
SHELL= flock /openwrt/src/tmp/.root-copy.flock -c 'cp -fpR /openwrt/src/build_dir/target-aarch64_cortex-a53_musl/json-c-0.16/.pkgdir/libjson-c/. /openwrt/src/staging_dir/target-aarch64_cortex-a53_musl/root-qualcommax/'
touch /openwrt/src/staging_dir/target-aarch64_cortex-a53_musl/root-qualcommax/stamp/.libjson-c_installed
echo "libjson-c" >> /openwrt/src/staging_dir/target-aarch64_cortex-a53_musl/pkginfo/libjson-c.default.install
make[3]: Leaving directory '/openwrt/src/package/libs/libjson-c'
time: package/libs/libjson-c/compile#0.01#0.00#0.19
make[3]: Entering directory '/openwrt/src/package/utils/lua'
mkdir -p /openwrt/src/staging_dir/target-aarch64_cortex-a53_musl/root-qualcommax/stamp
echo '5.1.5' | cmp -s - /openwrt/src/staging_dir/target-aarch64_cortex-a53_musl/pkginfo/liblua.version || { echo '5.1.5' > /openwrt/src/staging_dir/target-aarch64_cortex-a53_musl/pkginfo/liblua.version;  } 
SHELL= flock /openwrt/src/tmp/.root-copy.flock -c 'cp -fpR /openwrt/src/build_dir/target-aarch64_cortex-a53_musl/lua-5.1.5/.pkgdir/liblua/. /openwrt/src/staging_dir/target-aarch64_cortex-a53_musl/root-qualcommax/'
touch /openwrt/src/staging_dir/target-aarch64_cortex-a53_musl/root-qualcommax/stamp/.liblua_installed
echo "liblua" >> /openwrt/src/staging_dir/target-aarch64_cortex-a53_musl/pkginfo/lua.default.install
mkdir -p /openwrt/src/staging_dir/target-aarch64_cortex-a53_musl/root-qualcommax/stamp
SHELL= flock /openwrt/src/tmp/.root-copy.flock -c 'cp -fpR /openwrt/src/build_dir/target-aarch64_cortex-a53_musl/lua-5.1.5/.pkgdir/lua/. /openwrt/src/staging_dir/target-aarch64_cortex-a53_musl/root-qualcommax/'
touch /openwrt/src/staging_dir/target-aarch64_cortex-a53_musl/root-qualcommax/stamp/.lua_installed
echo "lua" >> /openwrt/src/staging_dir/target-aarch64_cortex-a53_musl/pkginfo/lua.default.install
make[3]: Leaving directory '/openwrt/src/package/utils/lua'
time: package/utils/lua/compile#0.01#0.00#0.23
make[3]: Entering directory '/openwrt/src/package/libs/libubox'
mkdir -p /openwrt/src/staging_dir/target-aarch64_cortex-a53_musl/root-qualcommax/stamp
echo '20230523' | cmp -s - /openwrt/src/staging_dir/target-aarch64_cortex-a53_musl/pkginfo/libubox.version || { echo '20230523' > /openwrt/src/staging_dir/target-aarch64_cortex-a53_musl/pkginfo/libubox.version;  } 
SHELL= flock /openwrt/src/tmp/.root-copy.flock -c 'cp -fpR /openwrt/src/build_dir/target-aarch64_cortex-a53_musl/libubox-2023-05-23-75a3b870/.pkgdir/libubox/. /openwrt/src/staging_dir/target-aarch64_cortex-a53_musl/root-qualcommax/'
touch /openwrt/src/staging_dir/target-aarch64_cortex-a53_musl/root-qualcommax/stamp/.libubox_installed
echo "libubox" >> /openwrt/src/staging_dir/target-aarch64_cortex-a53_musl/pkginfo/libubox.default.install
mkdir -p /openwrt/src/staging_dir/target-aarch64_cortex-a53_musl/root-qualcommax/stamp
echo '20230523' | cmp -s - /openwrt/src/staging_dir/target-aarch64_cortex-a53_musl/pkginfo/libblobmsg-json.version || { echo '20230523' > /openwrt/src/staging_dir/target-aarch64_cortex-a53_musl/pkginfo/libblobmsg-json.version;  } 
SHELL= flock /openwrt/src/tmp/.root-copy.flock -c 'cp -fpR /openwrt/src/build_dir/target-aarch64_cortex-a53_musl/libubox-2023-05-23-75a3b870/.pkgdir/libblobmsg-json/. /openwrt/src/staging_dir/target-aarch64_cortex-a53_musl/root-qualcommax/'
touch /openwrt/src/staging_dir/target-aarch64_cortex-a53_musl/root-qualcommax/stamp/.libblobmsg-json_installed
echo "libblobmsg-json" >> /openwrt/src/staging_dir/target-aarch64_cortex-a53_musl/pkginfo/libubox.default.install
mkdir -p /openwrt/src/staging_dir/target-aarch64_cortex-a53_musl/root-qualcommax/stamp
SHELL= flock /openwrt/src/tmp/.root-copy.flock -c 'cp -fpR /openwrt/src/build_dir/target-aarch64_cortex-a53_musl/libubox-2023-05-23-75a3b870/.pkgdir/jshn/. /openwrt/src/staging_dir/target-aarch64_cortex-a53_musl/root-qualcommax/'
touch /openwrt/src/staging_dir/target-aarch64_cortex-a53_musl/root-qualcommax/stamp/.jshn_installed
echo "jshn" >> /openwrt/src/staging_dir/target-aarch64_cortex-a53_musl/pkginfo/libubox.default.install
mkdir -p /openwrt/src/staging_dir/target-aarch64_cortex-a53_musl/root-qualcommax/stamp
echo '20230523' | cmp -s - /openwrt/src/staging_dir/target-aarch64_cortex-a53_musl/pkginfo/libjson-script.version || { echo '20230523' > /openwrt/src/staging_dir/target-aarch64_cortex-a53_musl/pkginfo/libjson-script.version;  } 
SHELL= flock /openwrt/src/tmp/.root-copy.flock -c 'cp -fpR /openwrt/src/build_dir/target-aarch64_cortex-a53_musl/libubox-2023-05-23-75a3b870/.pkgdir/libjson-script/. /openwrt/src/staging_dir/target-aarch64_cortex-a53_musl/root-qualcommax/'
touch /openwrt/src/staging_dir/target-aarch64_cortex-a53_musl/root-qualcommax/stamp/.libjson-script_installed
echo "libjson-script" >> /openwrt/src/staging_dir/target-aarch64_cortex-a53_musl/pkginfo/libubox.default.install
make[3]: Leaving directory '/openwrt/src/package/libs/libubox'
time: package/libs/libubox/compile#0.01#0.00#0.24
make[3]: Entering directory '/openwrt/src/package/system/ubus'
mkdir -p /openwrt/src/staging_dir/target-aarch64_cortex-a53_musl/root-qualcommax/stamp
echo '20220615' | cmp -s - /openwrt/src/staging_dir/target-aarch64_cortex-a53_musl/pkginfo/libubus.version || { echo '20220615' > /openwrt/src/staging_dir/target-aarch64_cortex-a53_musl/pkginfo/libubus.version;  } 
SHELL= flock /openwrt/src/tmp/.root-copy.flock -c 'cp -fpR /openwrt/src/build_dir/target-aarch64_cortex-a53_musl/ubus-2022-06-15-9913aa61/.pkgdir/libubus/. /openwrt/src/staging_dir/target-aarch64_cortex-a53_musl/root-qualcommax/'
touch /openwrt/src/staging_dir/target-aarch64_cortex-a53_musl/root-qualcommax/stamp/.libubus_installed
echo "libubus" >> /openwrt/src/staging_dir/target-aarch64_cortex-a53_musl/pkginfo/ubus.default.install
mkdir -p /openwrt/src/staging_dir/target-aarch64_cortex-a53_musl/root-qualcommax/stamp
SHELL= flock /openwrt/src/tmp/.root-copy.flock -c 'cp -fpR /openwrt/src/build_dir/target-aarch64_cortex-a53_musl/ubus-2022-06-15-9913aa61/.pkgdir/libubus-lua/. /openwrt/src/staging_dir/target-aarch64_cortex-a53_musl/root-qualcommax/'
touch /openwrt/src/staging_dir/target-aarch64_cortex-a53_musl/root-qualcommax/stamp/.libubus-lua_installed
echo "libubus-lua" >> /openwrt/src/staging_dir/target-aarch64_cortex-a53_musl/pkginfo/ubus.default.install
mkdir -p /openwrt/src/staging_dir/target-aarch64_cortex-a53_musl/root-qualcommax/stamp
SHELL= flock /openwrt/src/tmp/.root-copy.flock -c 'cp -fpR /openwrt/src/build_dir/target-aarch64_cortex-a53_musl/ubus-2022-06-15-9913aa61/.pkgdir/ubus/. /openwrt/src/staging_dir/target-aarch64_cortex-a53_musl/root-qualcommax/'
touch /openwrt/src/staging_dir/target-aarch64_cortex-a53_musl/root-qualcommax/stamp/.ubus_installed
echo "ubus" >> /openwrt/src/staging_dir/target-aarch64_cortex-a53_musl/pkginfo/ubus.default.install
mkdir -p /openwrt/src/staging_dir/target-aarch64_cortex-a53_musl/root-qualcommax/stamp
SHELL= flock /openwrt/src/tmp/.root-copy.flock -c 'cp -fpR /openwrt/src/build_dir/target-aarch64_cortex-a53_musl/ubus-2022-06-15-9913aa61/.pkgdir/ubusd/. /openwrt/src/staging_dir/target-aarch64_cortex-a53_musl/root-qualcommax/'
touch /openwrt/src/staging_dir/target-aarch64_cortex-a53_musl/root-qualcommax/stamp/.ubusd_installed
echo "ubusd" >> /openwrt/src/staging_dir/target-aarch64_cortex-a53_musl/pkginfo/ubus.default.install
make[3]: Leaving directory '/openwrt/src/package/system/ubus'
time: package/system/ubus/compile#0.01#0.00#0.22
make[3]: Entering directory '/openwrt/src/package/system/uci'
mkdir -p /openwrt/src/staging_dir/target-aarch64_cortex-a53_musl/root-qualcommax/stamp
echo '20130104' | cmp -s - /openwrt/src/staging_dir/target-aarch64_cortex-a53_musl/pkginfo/libuci.version || { echo '20130104' > /openwrt/src/staging_dir/target-aarch64_cortex-a53_musl/pkginfo/libuci.version;  } 
SHELL= flock /openwrt/src/tmp/.root-copy.flock -c 'cp -fpR /openwrt/src/build_dir/target-aarch64_cortex-a53_musl/uci-2023-03-05-04d0c46c/.pkgdir/libuci/. /openwrt/src/staging_dir/target-aarch64_cortex-a53_musl/root-qualcommax/'
touch /openwrt/src/staging_dir/target-aarch64_cortex-a53_musl/root-qualcommax/stamp/.libuci_installed
echo "libuci" >> /openwrt/src/staging_dir/target-aarch64_cortex-a53_musl/pkginfo/uci.default.install
mkdir -p /openwrt/src/staging_dir/target-aarch64_cortex-a53_musl/root-qualcommax/stamp
SHELL= flock /openwrt/src/tmp/.root-copy.flock -c 'cp -fpR /openwrt/src/build_dir/target-aarch64_cortex-a53_musl/uci-2023-03-05-04d0c46c/.pkgdir/uci/. /openwrt/src/staging_dir/target-aarch64_cortex-a53_musl/root-qualcommax/'
touch /openwrt/src/staging_dir/target-aarch64_cortex-a53_musl/root-qualcommax/stamp/.uci_installed
echo "uci" >> /openwrt/src/staging_dir/target-aarch64_cortex-a53_musl/pkginfo/uci.default.install
make[3]: Leaving directory '/openwrt/src/package/system/uci'
time: package/system/uci/compile#0.01#0.00#0.20
make[3]: Entering directory '/openwrt/src/package/network/config/netifd'
mkdir -p /openwrt/src/staging_dir/target-aarch64_cortex-a53_musl/root-qualcommax/stamp
SHELL= flock /openwrt/src/tmp/.root-copy.flock -c 'cp -fpR /openwrt/src/build_dir/target-aarch64_cortex-a53_musl/netifd-2023-07-03-e94f7a81/.pkgdir/netifd/. /openwrt/src/staging_dir/target-aarch64_cortex-a53_musl/root-qualcommax/'
touch /openwrt/src/staging_dir/target-aarch64_cortex-a53_musl/root-qualcommax/stamp/.netifd_installed
echo "netifd" >> /openwrt/src/staging_dir/target-aarch64_cortex-a53_musl/pkginfo/netifd.default.install
make[3]: Leaving directory '/openwrt/src/package/network/config/netifd'
time: package/network/config/netifd/compile#0.01#0.00#0.24
make[3]: Entering directory '/openwrt/src/package/firmware/linux-firmware'
mkdir -p /openwrt/src/staging_dir/target-aarch64_cortex-a53_musl/root-qualcommax/stamp
SHELL= flock /openwrt/src/tmp/.root-copy.flock -c 'cp -fpR /openwrt/src/build_dir/target-aarch64_cortex-a53_musl/linux-firmware-20230625/.pkgdir/ath10k-board-qca9887/. /openwrt/src/staging_dir/target-aarch64_cortex-a53_musl/root-qualcommax/'
touch /openwrt/src/staging_dir/target-aarch64_cortex-a53_musl/root-qualcommax/stamp/.ath10k-board-qca9887_installed
echo "ath10k-board-qca9887" >> /openwrt/src/staging_dir/target-aarch64_cortex-a53_musl/pkginfo/linux-firmware.default.install
make[3]: Leaving directory '/openwrt/src/package/firmware/linux-firmware'
time: package/firmware/linux-firmware/compile#0.47#0.01#2.11
make[3]: Entering directory '/openwrt/src/package/kernel/gpio-button-hotplug'
mkdir -p /openwrt/src/staging_dir/target-aarch64_cortex-a53_musl/root-qualcommax/stamp
SHELL= flock /openwrt/src/tmp/.root-copy.flock -c 'cp -fpR /openwrt/src/build_dir/target-aarch64_cortex-a53_musl/linux-qualcommax_ipq807x/gpio-button-hotplug/.pkgdir/kmod-gpio-button-hotplug/. /openwrt/src/staging_dir/target-aarch64_cortex-a53_musl/root-qualcommax/'
touch /openwrt/src/staging_dir/target-aarch64_cortex-a53_musl/root-qualcommax/stamp/.kmod-gpio-button-hotplug_installed
echo "kmod-gpio-button-hotplug" >> /openwrt/src/staging_dir/target-aarch64_cortex-a53_musl/pkginfo/gpio-button-hotplug.default.install
make[3]: Leaving directory '/openwrt/src/package/kernel/gpio-button-hotplug'
time: package/kernel/gpio-button-hotplug/compile#0.01#0.00#0.15
make[3]: Entering directory '/openwrt/src/package/kernel/linux'
mkdir -p /openwrt/src/staging_dir/target-aarch64_cortex-a53_musl/root-qualcommax/stamp

SHELL= flock /openwrt/src/tmp/.root-copy.flock -c 'cp -fpR /openwrt/src/build_dir/target-aarch64_cortex-a53_musl/linux-qualcommax_ipq807x/packages/.pkgdir/kernel/. /openwrt/src/staging_dir/target-aarch64_cortex-a53_musl/root-qualcommax/'
touch /openwrt/src/staging_dir/target-aarch64_cortex-a53_musl/root-qualcommax/stamp/.kernel_installed
echo "kernel" >> /openwrt/src/staging_dir/target-aarch64_cortex-a53_musl/pkginfo/linux.default.install
mkdir -p /openwrt/src/staging_dir/target-aarch64_cortex-a53_musl/root-qualcommax/stamp

SHELL= flock /openwrt/src/tmp/.root-copy.flock -c 'cp -fpR /openwrt/src/build_dir/target-aarch64_cortex-a53_musl/linux-qualcommax_ipq807x/packages/.pkgdir/kmod-crypto-acompress/. /openwrt/src/staging_dir/target-aarch64_cortex-a53_musl/root-qualcommax/'
touch /openwrt/src/staging_dir/target-aarch64_cortex-a53_musl/root-qualcommax/stamp/.kmod-crypto-acompress_installed
echo "kmod-crypto-acompress" >> /openwrt/src/staging_dir/target-aarch64_cortex-a53_musl/pkginfo/linux.default.install
mkdir -p /openwrt/src/staging_dir/target-aarch64_cortex-a53_musl/root-qualcommax/stamp

SHELL= flock /openwrt/src/tmp/.root-copy.flock -c 'cp -fpR /openwrt/src/build_dir/target-aarch64_cortex-a53_musl/linux-qualcommax_ipq807x/packages/.pkgdir/kmod-crypto-aead/. /openwrt/src/staging_dir/target-aarch64_cortex-a53_musl/root-qualcommax/'
touch /openwrt/src/staging_dir/target-aarch64_cortex-a53_musl/root-qualcommax/stamp/.kmod-crypto-aead_installed
echo "kmod-crypto-aead" >> /openwrt/src/staging_dir/target-aarch64_cortex-a53_musl/pkginfo/linux.default.install
mkdir -p /openwrt/src/staging_dir/target-aarch64_cortex-a53_musl/root-qualcommax/stamp

SHELL= flock /openwrt/src/tmp/.root-copy.flock -c 'cp -fpR /openwrt/src/build_dir/target-aarch64_cortex-a53_musl/linux-qualcommax_ipq807x/packages/.pkgdir/kmod-crypto-authenc/. /openwrt/src/staging_dir/target-aarch64_cortex-a53_musl/root-qualcommax/'
touch /openwrt/src/staging_dir/target-aarch64_cortex-a53_musl/root-qualcommax/stamp/.kmod-crypto-authenc_installed
echo "kmod-crypto-authenc" >> /openwrt/src/staging_dir/target-aarch64_cortex-a53_musl/pkginfo/linux.default.install
mkdir -p /openwrt/src/staging_dir/target-aarch64_cortex-a53_musl/root-qualcommax/stamp

SHELL= flock /openwrt/src/tmp/.root-copy.flock -c 'cp -fpR /openwrt/src/build_dir/target-aarch64_cortex-a53_musl/linux-qualcommax_ipq807x/packages/.pkgdir/kmod-crypto-ccm/. /openwrt/src/staging_dir/target-aarch64_cortex-a53_musl/root-qualcommax/'
touch /openwrt/src/staging_dir/target-aarch64_cortex-a53_musl/root-qualcommax/stamp/.kmod-crypto-ccm_installed
echo "kmod-crypto-ccm" >> /openwrt/src/staging_dir/target-aarch64_cortex-a53_musl/pkginfo/linux.default.install
mkdir -p /openwrt/src/staging_dir/target-aarch64_cortex-a53_musl/root-qualcommax/stamp

SHELL= flock /openwrt/src/tmp/.root-copy.flock -c 'cp -fpR /openwrt/src/build_dir/target-aarch64_cortex-a53_musl/linux-qualcommax_ipq807x/packages/.pkgdir/kmod-crypto-cmac/. /openwrt/src/staging_dir/target-aarch64_cortex-a53_musl/root-qualcommax/'
touch /openwrt/src/staging_dir/target-aarch64_cortex-a53_musl/root-qualcommax/stamp/.kmod-crypto-cmac_installed
echo "kmod-crypto-cmac" >> /openwrt/src/staging_dir/target-aarch64_cortex-a53_musl/pkginfo/linux.default.install
mkdir -p /openwrt/src/staging_dir/target-aarch64_cortex-a53_musl/root-qualcommax/stamp

SHELL= flock /openwrt/src/tmp/.root-copy.flock -c 'cp -fpR /openwrt/src/build_dir/target-aarch64_cortex-a53_musl/linux-qualcommax_ipq807x/packages/.pkgdir/kmod-crypto-crc32c/. /openwrt/src/staging_dir/target-aarch64_cortex-a53_musl/root-qualcommax/'
touch /openwrt/src/staging_dir/target-aarch64_cortex-a53_musl/root-qualcommax/stamp/.kmod-crypto-crc32c_installed
echo "kmod-crypto-crc32c" >> /openwrt/src/staging_dir/target-aarch64_cortex-a53_musl/pkginfo/linux.default.install
mkdir -p /openwrt/src/staging_dir/target-aarch64_cortex-a53_musl/root-qualcommax/stamp

SHELL= flock /openwrt/src/tmp/.root-copy.flock -c 'cp -fpR /openwrt/src/build_dir/target-aarch64_cortex-a53_musl/linux-qualcommax_ipq807x/packages/.pkgdir/kmod-crypto-ctr/. /openwrt/src/staging_dir/target-aarch64_cortex-a53_musl/root-qualcommax/'
touch /openwrt/src/staging_dir/target-aarch64_cortex-a53_musl/root-qualcommax/stamp/.kmod-crypto-ctr_installed
echo "kmod-crypto-ctr" >> /openwrt/src/staging_dir/target-aarch64_cortex-a53_musl/pkginfo/linux.default.install
mkdir -p /openwrt/src/staging_dir/target-aarch64_cortex-a53_musl/root-qualcommax/stamp

SHELL= flock /openwrt/src/tmp/.root-copy.flock -c 'cp -fpR /openwrt/src/build_dir/target-aarch64_cortex-a53_musl/linux-qualcommax_ipq807x/packages/.pkgdir/kmod-crypto-gcm/. /openwrt/src/staging_dir/target-aarch64_cortex-a53_musl/root-qualcommax/'
touch /openwrt/src/staging_dir/target-aarch64_cortex-a53_musl/root-qualcommax/stamp/.kmod-crypto-gcm_installed
echo "kmod-crypto-gcm" >> /openwrt/src/staging_dir/target-aarch64_cortex-a53_musl/pkginfo/linux.default.install
mkdir -p /openwrt/src/staging_dir/target-aarch64_cortex-a53_musl/root-qualcommax/stamp

SHELL= flock /openwrt/src/tmp/.root-copy.flock -c 'cp -fpR /openwrt/src/build_dir/target-aarch64_cortex-a53_musl/linux-qualcommax_ipq807x/packages/.pkgdir/kmod-crypto-gf128/. /openwrt/src/staging_dir/target-aarch64_cortex-a53_musl/root-qualcommax/'
touch /openwrt/src/staging_dir/target-aarch64_cortex-a53_musl/root-qualcommax/stamp/.kmod-crypto-gf128_installed
echo "kmod-crypto-gf128" >> /openwrt/src/staging_dir/target-aarch64_cortex-a53_musl/pkginfo/linux.default.install
mkdir -p /openwrt/src/staging_dir/target-aarch64_cortex-a53_musl/root-qualcommax/stamp

SHELL= flock /openwrt/src/tmp/.root-copy.flock -c 'cp -fpR /openwrt/src/build_dir/target-aarch64_cortex-a53_musl/linux-qualcommax_ipq807x/packages/.pkgdir/kmod-crypto-ghash/. /openwrt/src/staging_dir/target-aarch64_cortex-a53_musl/root-qualcommax/'
touch /openwrt/src/staging_dir/target-aarch64_cortex-a53_musl/root-qualcommax/stamp/.kmod-crypto-ghash_installed
echo "kmod-crypto-ghash" >> /openwrt/src/staging_dir/target-aarch64_cortex-a53_musl/pkginfo/linux.default.install
mkdir -p /openwrt/src/staging_dir/target-aarch64_cortex-a53_musl/root-qualcommax/stamp

SHELL= flock /openwrt/src/tmp/.root-copy.flock -c 'cp -fpR /openwrt/src/build_dir/target-aarch64_cortex-a53_musl/linux-qualcommax_ipq807x/packages/.pkgdir/kmod-crypto-hash/. /openwrt/src/staging_dir/target-aarch64_cortex-a53_musl/root-qualcommax/'
touch /openwrt/src/staging_dir/target-aarch64_cortex-a53_musl/root-qualcommax/stamp/.kmod-crypto-hash_installed
echo "kmod-crypto-hash" >> /openwrt/src/staging_dir/target-aarch64_cortex-a53_musl/pkginfo/linux.default.install
mkdir -p /openwrt/src/staging_dir/target-aarch64_cortex-a53_musl/root-qualcommax/stamp

SHELL= flock /openwrt/src/tmp/.root-copy.flock -c 'cp -fpR /openwrt/src/build_dir/target-aarch64_cortex-a53_musl/linux-qualcommax_ipq807x/packages/.pkgdir/kmod-crypto-hmac/. /openwrt/src/staging_dir/target-aarch64_cortex-a53_musl/root-qualcommax/'
touch /openwrt/src/staging_dir/target-aarch64_cortex-a53_musl/root-qualcommax/stamp/.kmod-crypto-hmac_installed
echo "kmod-crypto-hmac" >> /openwrt/src/staging_dir/target-aarch64_cortex-a53_musl/pkginfo/linux.default.install
mkdir -p /openwrt/src/staging_dir/target-aarch64_cortex-a53_musl/root-qualcommax/stamp

SHELL= flock /openwrt/src/tmp/.root-copy.flock -c 'cp -fpR /openwrt/src/build_dir/target-aarch64_cortex-a53_musl/linux-qualcommax_ipq807x/packages/.pkgdir/kmod-crypto-manager/. /openwrt/src/staging_dir/target-aarch64_cortex-a53_musl/root-qualcommax/'
touch /openwrt/src/staging_dir/target-aarch64_cortex-a53_musl/root-qualcommax/stamp/.kmod-crypto-manager_installed
echo "kmod-crypto-manager" >> /openwrt/src/staging_dir/target-aarch64_cortex-a53_musl/pkginfo/linux.default.install
mkdir -p /openwrt/src/staging_dir/target-aarch64_cortex-a53_musl/root-qualcommax/stamp

SHELL= flock /openwrt/src/tmp/.root-copy.flock -c 'cp -fpR /openwrt/src/build_dir/target-aarch64_cortex-a53_musl/linux-qualcommax_ipq807x/packages/.pkgdir/kmod-crypto-michael-mic/. /openwrt/src/staging_dir/target-aarch64_cortex-a53_musl/root-qualcommax/'
touch /openwrt/src/staging_dir/target-aarch64_cortex-a53_musl/root-qualcommax/stamp/.kmod-crypto-michael-mic_installed
echo "kmod-crypto-michael-mic" >> /openwrt/src/staging_dir/target-aarch64_cortex-a53_musl/pkginfo/linux.default.install
mkdir -p /openwrt/src/staging_dir/target-aarch64_cortex-a53_musl/root-qualcommax/stamp

SHELL= flock /openwrt/src/tmp/.root-copy.flock -c 'cp -fpR /openwrt/src/build_dir/target-aarch64_cortex-a53_musl/linux-qualcommax_ipq807x/packages/.pkgdir/kmod-crypto-null/. /openwrt/src/staging_dir/target-aarch64_cortex-a53_musl/root-qualcommax/'
touch /openwrt/src/staging_dir/target-aarch64_cortex-a53_musl/root-qualcommax/stamp/.kmod-crypto-null_installed
echo "kmod-crypto-null" >> /openwrt/src/staging_dir/target-aarch64_cortex-a53_musl/pkginfo/linux.default.install
mkdir -p /openwrt/src/staging_dir/target-aarch64_cortex-a53_musl/root-qualcommax/stamp

SHELL= flock /openwrt/src/tmp/.root-copy.flock -c 'cp -fpR /openwrt/src/build_dir/target-aarch64_cortex-a53_musl/linux-qualcommax_ipq807x/packages/.pkgdir/kmod-crypto-rng/. /openwrt/src/staging_dir/target-aarch64_cortex-a53_musl/root-qualcommax/'
touch /openwrt/src/staging_dir/target-aarch64_cortex-a53_musl/root-qualcommax/stamp/.kmod-crypto-rng_installed
echo "kmod-crypto-rng" >> /openwrt/src/staging_dir/target-aarch64_cortex-a53_musl/pkginfo/linux.default.install
mkdir -p /openwrt/src/staging_dir/target-aarch64_cortex-a53_musl/root-qualcommax/stamp

SHELL= flock /openwrt/src/tmp/.root-copy.flock -c 'cp -fpR /openwrt/src/build_dir/target-aarch64_cortex-a53_musl/linux-qualcommax_ipq807x/packages/.pkgdir/kmod-crypto-seqiv/. /openwrt/src/staging_dir/target-aarch64_cortex-a53_musl/root-qualcommax/'
touch /openwrt/src/staging_dir/target-aarch64_cortex-a53_musl/root-qualcommax/stamp/.kmod-crypto-seqiv_installed
echo "kmod-crypto-seqiv" >> /openwrt/src/staging_dir/target-aarch64_cortex-a53_musl/pkginfo/linux.default.install
mkdir -p /openwrt/src/staging_dir/target-aarch64_cortex-a53_musl/root-qualcommax/stamp

SHELL= flock /openwrt/src/tmp/.root-copy.flock -c 'cp -fpR /openwrt/src/build_dir/target-aarch64_cortex-a53_musl/linux-qualcommax_ipq807x/packages/.pkgdir/kmod-crypto-sha512/. /openwrt/src/staging_dir/target-aarch64_cortex-a53_musl/root-qualcommax/'
touch /openwrt/src/staging_dir/target-aarch64_cortex-a53_musl/root-qualcommax/stamp/.kmod-crypto-sha512_installed
echo "kmod-crypto-sha512" >> /openwrt/src/staging_dir/target-aarch64_cortex-a53_musl/pkginfo/linux.default.install
mkdir -p /openwrt/src/staging_dir/target-aarch64_cortex-a53_musl/root-qualcommax/stamp

SHELL= flock /openwrt/src/tmp/.root-copy.flock -c 'cp -fpR /openwrt/src/build_dir/target-aarch64_cortex-a53_musl/linux-qualcommax_ipq807x/packages/.pkgdir/kmod-crypto-user/. /openwrt/src/staging_dir/target-aarch64_cortex-a53_musl/root-qualcommax/'
touch /openwrt/src/staging_dir/target-aarch64_cortex-a53_musl/root-qualcommax/stamp/.kmod-crypto-user_installed
echo "kmod-crypto-user" >> /openwrt/src/staging_dir/target-aarch64_cortex-a53_musl/pkginfo/linux.default.install
mkdir -p /openwrt/src/staging_dir/target-aarch64_cortex-a53_musl/root-qualcommax/stamp

SHELL= flock /openwrt/src/tmp/.root-copy.flock -c 'cp -fpR /openwrt/src/build_dir/target-aarch64_cortex-a53_musl/linux-qualcommax_ipq807x/packages/.pkgdir/kmod-fs-ext4/. /openwrt/src/staging_dir/target-aarch64_cortex-a53_musl/root-qualcommax/'
touch /openwrt/src/staging_dir/target-aarch64_cortex-a53_musl/root-qualcommax/stamp/.kmod-fs-ext4_installed
echo "kmod-fs-ext4" >> /openwrt/src/staging_dir/target-aarch64_cortex-a53_musl/pkginfo/linux.default.install
mkdir -p /openwrt/src/staging_dir/target-aarch64_cortex-a53_musl/root-qualcommax/stamp

SHELL= flock /openwrt/src/tmp/.root-copy.flock -c 'cp -fpR /openwrt/src/build_dir/target-aarch64_cortex-a53_musl/linux-qualcommax_ipq807x/packages/.pkgdir/kmod-gpio-cascade/. /openwrt/src/staging_dir/target-aarch64_cortex-a53_musl/root-qualcommax/'
touch /openwrt/src/staging_dir/target-aarch64_cortex-a53_musl/root-qualcommax/stamp/.kmod-gpio-cascade_installed
echo "kmod-gpio-cascade" >> /openwrt/src/staging_dir/target-aarch64_cortex-a53_musl/pkginfo/linux.default.install
mkdir -p /openwrt/src/staging_dir/target-aarch64_cortex-a53_musl/root-qualcommax/stamp

SHELL= flock /openwrt/src/tmp/.root-copy.flock -c 'cp -fpR /openwrt/src/build_dir/target-aarch64_cortex-a53_musl/linux-qualcommax_ipq807x/packages/.pkgdir/kmod-hwmon-core/. /openwrt/src/staging_dir/target-aarch64_cortex-a53_musl/root-qualcommax/'
touch /openwrt/src/staging_dir/target-aarch64_cortex-a53_musl/root-qualcommax/stamp/.kmod-hwmon-core_installed
echo "kmod-hwmon-core" >> /openwrt/src/staging_dir/target-aarch64_cortex-a53_musl/pkginfo/linux.default.install
mkdir -p /openwrt/src/staging_dir/target-aarch64_cortex-a53_musl/root-qualcommax/stamp

SHELL= flock /openwrt/src/tmp/.root-copy.flock -c 'cp -fpR /openwrt/src/build_dir/target-aarch64_cortex-a53_musl/linux-qualcommax_ipq807x/packages/.pkgdir/kmod-hwmon-gpiofan/. /openwrt/src/staging_dir/target-aarch64_cortex-a53_musl/root-qualcommax/'
touch /openwrt/src/staging_dir/target-aarch64_cortex-a53_musl/root-qualcommax/stamp/.kmod-hwmon-gpiofan_installed
echo "kmod-hwmon-gpiofan" >> /openwrt/src/staging_dir/target-aarch64_cortex-a53_musl/pkginfo/linux.default.install
mkdir -p /openwrt/src/staging_dir/target-aarch64_cortex-a53_musl/root-qualcommax/stamp

SHELL= flock /openwrt/src/tmp/.root-copy.flock -c 'cp -fpR /openwrt/src/build_dir/target-aarch64_cortex-a53_musl/linux-qualcommax_ipq807x/packages/.pkgdir/kmod-pmbus-core/. /openwrt/src/staging_dir/target-aarch64_cortex-a53_musl/root-qualcommax/'
touch /openwrt/src/staging_dir/target-aarch64_cortex-a53_musl/root-qualcommax/stamp/.kmod-pmbus-core_installed
echo "kmod-pmbus-core" >> /openwrt/src/staging_dir/target-aarch64_cortex-a53_musl/pkginfo/linux.default.install
mkdir -p /openwrt/src/staging_dir/target-aarch64_cortex-a53_musl/root-qualcommax/stamp

SHELL= flock /openwrt/src/tmp/.root-copy.flock -c 'cp -fpR /openwrt/src/build_dir/target-aarch64_cortex-a53_musl/linux-qualcommax_ipq807x/packages/.pkgdir/kmod-hwmon-pwmfan/. /openwrt/src/staging_dir/target-aarch64_cortex-a53_musl/root-qualcommax/'
touch /openwrt/src/staging_dir/target-aarch64_cortex-a53_musl/root-qualcommax/stamp/.kmod-hwmon-pwmfan_installed
echo "kmod-hwmon-pwmfan" >> /openwrt/src/staging_dir/target-aarch64_cortex-a53_musl/pkginfo/linux.default.install
mkdir -p /openwrt/src/staging_dir/target-aarch64_cortex-a53_musl/root-qualcommax/stamp

SHELL= flock /openwrt/src/tmp/.root-copy.flock -c 'cp -fpR /openwrt/src/build_dir/target-aarch64_cortex-a53_musl/linux-qualcommax_ipq807x/packages/.pkgdir/kmod-i2c-core/. /openwrt/src/staging_dir/target-aarch64_cortex-a53_musl/root-qualcommax/'
touch /openwrt/src/staging_dir/target-aarch64_cortex-a53_musl/root-qualcommax/stamp/.kmod-i2c-core_installed
echo "kmod-i2c-core" >> /openwrt/src/staging_dir/target-aarch64_cortex-a53_musl/pkginfo/linux.default.install
mkdir -p /openwrt/src/staging_dir/target-aarch64_cortex-a53_musl/root-qualcommax/stamp

SHELL= flock /openwrt/src/tmp/.root-copy.flock -c 'cp -fpR /openwrt/src/build_dir/target-aarch64_cortex-a53_musl/linux-qualcommax_ipq807x/packages/.pkgdir/kmod-leds-gpio/. /openwrt/src/staging_dir/target-aarch64_cortex-a53_musl/root-qualcommax/'
touch /openwrt/src/staging_dir/target-aarch64_cortex-a53_musl/root-qualcommax/stamp/.kmod-leds-gpio_installed
echo "kmod-leds-gpio" >> /openwrt/src/staging_dir/target-aarch64_cortex-a53_musl/pkginfo/linux.default.install
mkdir -p /openwrt/src/staging_dir/target-aarch64_cortex-a53_musl/root-qualcommax/stamp

SHELL= flock /openwrt/src/tmp/.root-copy.flock -c 'cp -fpR /openwrt/src/build_dir/target-aarch64_cortex-a53_musl/linux-qualcommax_ipq807x/packages/.pkgdir/kmod-lib-crc-ccitt/. /openwrt/src/staging_dir/target-aarch64_cortex-a53_musl/root-qualcommax/'
touch /openwrt/src/staging_dir/target-aarch64_cortex-a53_musl/root-qualcommax/stamp/.kmod-lib-crc-ccitt_installed
echo "kmod-lib-crc-ccitt" >> /openwrt/src/staging_dir/target-aarch64_cortex-a53_musl/pkginfo/linux.default.install
mkdir -p /openwrt/src/staging_dir/target-aarch64_cortex-a53_musl/root-qualcommax/stamp

SHELL= flock /openwrt/src/tmp/.root-copy.flock -c 'cp -fpR /openwrt/src/build_dir/target-aarch64_cortex-a53_musl/linux-qualcommax_ipq807x/packages/.pkgdir/kmod-lib-crc16/. /openwrt/src/staging_dir/target-aarch64_cortex-a53_musl/root-qualcommax/'
touch /openwrt/src/staging_dir/target-aarch64_cortex-a53_musl/root-qualcommax/stamp/.kmod-lib-crc16_installed
echo "kmod-lib-crc16" >> /openwrt/src/staging_dir/target-aarch64_cortex-a53_musl/pkginfo/linux.default.install
mkdir -p /openwrt/src/staging_dir/target-aarch64_cortex-a53_musl/root-qualcommax/stamp

SHELL= flock /openwrt/src/tmp/.root-copy.flock -c 'cp -fpR /openwrt/src/build_dir/target-aarch64_cortex-a53_musl/linux-qualcommax_ipq807x/packages/.pkgdir/kmod-lib-crc32c/. /openwrt/src/staging_dir/target-aarch64_cortex-a53_musl/root-qualcommax/'
touch /openwrt/src/staging_dir/target-aarch64_cortex-a53_musl/root-qualcommax/stamp/.kmod-lib-crc32c_installed
echo "kmod-lib-crc32c" >> /openwrt/src/staging_dir/target-aarch64_cortex-a53_musl/pkginfo/linux.default.install
mkdir -p /openwrt/src/staging_dir/target-aarch64_cortex-a53_musl/root-qualcommax/stamp

SHELL= flock /openwrt/src/tmp/.root-copy.flock -c 'cp -fpR /openwrt/src/build_dir/target-aarch64_cortex-a53_musl/linux-qualcommax_ipq807x/packages/.pkgdir/kmod-lib-lzo/. /openwrt/src/staging_dir/target-aarch64_cortex-a53_musl/root-qualcommax/'
touch /openwrt/src/staging_dir/target-aarch64_cortex-a53_musl/root-qualcommax/stamp/.kmod-lib-lzo_installed
echo "kmod-lib-lzo" >> /openwrt/src/staging_dir/target-aarch64_cortex-a53_musl/pkginfo/linux.default.install
mkdir -p /openwrt/src/staging_dir/target-aarch64_cortex-a53_musl/root-qualcommax/stamp

SHELL= flock /openwrt/src/tmp/.root-copy.flock -c 'cp -fpR /openwrt/src/build_dir/target-aarch64_cortex-a53_musl/linux-qualcommax_ipq807x/packages/.pkgdir/kmod-mux-core/. /openwrt/src/staging_dir/target-aarch64_cortex-a53_musl/root-qualcommax/'
touch /openwrt/src/staging_dir/target-aarch64_cortex-a53_musl/root-qualcommax/stamp/.kmod-mux-core_installed
echo "kmod-mux-core" >> /openwrt/src/staging_dir/target-aarch64_cortex-a53_musl/pkginfo/linux.default.install
mkdir -p /openwrt/src/staging_dir/target-aarch64_cortex-a53_musl/root-qualcommax/stamp

SHELL= flock /openwrt/src/tmp/.root-copy.flock -c 'cp -fpR /openwrt/src/build_dir/target-aarch64_cortex-a53_musl/linux-qualcommax_ipq807x/packages/.pkgdir/kmod-libphy/. /openwrt/src/staging_dir/target-aarch64_cortex-a53_musl/root-qualcommax/'
touch /openwrt/src/staging_dir/target-aarch64_cortex-a53_musl/root-qualcommax/stamp/.kmod-libphy_installed
echo "kmod-libphy" >> /openwrt/src/staging_dir/target-aarch64_cortex-a53_musl/pkginfo/linux.default.install
mkdir -p /openwrt/src/staging_dir/target-aarch64_cortex-a53_musl/root-qualcommax/stamp

SHELL= flock /openwrt/src/tmp/.root-copy.flock -c 'cp -fpR /openwrt/src/build_dir/target-aarch64_cortex-a53_musl/linux-qualcommax_ipq807x/packages/.pkgdir/kmod-macvlan/. /openwrt/src/staging_dir/target-aarch64_cortex-a53_musl/root-qualcommax/'
touch /openwrt/src/staging_dir/target-aarch64_cortex-a53_musl/root-qualcommax/stamp/.kmod-macvlan_installed
echo "kmod-macvlan" >> /openwrt/src/staging_dir/target-aarch64_cortex-a53_musl/pkginfo/linux.default.install
mkdir -p /openwrt/src/staging_dir/target-aarch64_cortex-a53_musl/root-qualcommax/stamp

SHELL= flock /openwrt/src/tmp/.root-copy.flock -c 'cp -fpR /openwrt/src/build_dir/target-aarch64_cortex-a53_musl/linux-qualcommax_ipq807x/packages/.pkgdir/kmod-ifb/. /openwrt/src/staging_dir/target-aarch64_cortex-a53_musl/root-qualcommax/'
touch /openwrt/src/staging_dir/target-aarch64_cortex-a53_musl/root-qualcommax/stamp/.kmod-ifb_installed
echo "kmod-ifb" >> /openwrt/src/staging_dir/target-aarch64_cortex-a53_musl/pkginfo/linux.default.install
mkdir -p /openwrt/src/staging_dir/target-aarch64_cortex-a53_musl/root-qualcommax/stamp

SHELL= flock /openwrt/src/tmp/.root-copy.flock -c 'cp -fpR /openwrt/src/build_dir/target-aarch64_cortex-a53_musl/linux-qualcommax_ipq807x/packages/.pkgdir/kmod-nf-reject/. /openwrt/src/staging_dir/target-aarch64_cortex-a53_musl/root-qualcommax/'
touch /openwrt/src/staging_dir/target-aarch64_cortex-a53_musl/root-qualcommax/stamp/.kmod-nf-reject_installed
echo "kmod-nf-reject" >> /openwrt/src/staging_dir/target-aarch64_cortex-a53_musl/pkginfo/linux.default.install
mkdir -p /openwrt/src/staging_dir/target-aarch64_cortex-a53_musl/root-qualcommax/stamp

SHELL= flock /openwrt/src/tmp/.root-copy.flock -c 'cp -fpR /openwrt/src/build_dir/target-aarch64_cortex-a53_musl/linux-qualcommax_ipq807x/packages/.pkgdir/kmod-nf-reject6/. /openwrt/src/staging_dir/target-aarch64_cortex-a53_musl/root-qualcommax/'
touch /openwrt/src/staging_dir/target-aarch64_cortex-a53_musl/root-qualcommax/stamp/.kmod-nf-reject6_installed
echo "kmod-nf-reject6" >> /openwrt/src/staging_dir/target-aarch64_cortex-a53_musl/pkginfo/linux.default.install
mkdir -p /openwrt/src/staging_dir/target-aarch64_cortex-a53_musl/root-qualcommax/stamp

SHELL= flock /openwrt/src/tmp/.root-copy.flock -c 'cp -fpR /openwrt/src/build_dir/target-aarch64_cortex-a53_musl/linux-qualcommax_ipq807x/packages/.pkgdir/kmod-nf-conncount/. /openwrt/src/staging_dir/target-aarch64_cortex-a53_musl/root-qualcommax/'
touch /openwrt/src/staging_dir/target-aarch64_cortex-a53_musl/root-qualcommax/stamp/.kmod-nf-conncount_installed
echo "kmod-nf-conncount" >> /openwrt/src/staging_dir/target-aarch64_cortex-a53_musl/pkginfo/linux.default.install
mkdir -p /openwrt/src/staging_dir/target-aarch64_cortex-a53_musl/root-qualcommax/stamp

SHELL= flock /openwrt/src/tmp/.root-copy.flock -c 'cp -fpR /openwrt/src/build_dir/target-aarch64_cortex-a53_musl/linux-qualcommax_ipq807x/packages/.pkgdir/kmod-nf-ipt/. /openwrt/src/staging_dir/target-aarch64_cortex-a53_musl/root-qualcommax/'
touch /openwrt/src/staging_dir/target-aarch64_cortex-a53_musl/root-qualcommax/stamp/.kmod-nf-ipt_installed
echo "kmod-nf-ipt" >> /openwrt/src/staging_dir/target-aarch64_cortex-a53_musl/pkginfo/linux.default.install
mkdir -p /openwrt/src/staging_dir/target-aarch64_cortex-a53_musl/root-qualcommax/stamp

SHELL= flock /openwrt/src/tmp/.root-copy.flock -c 'cp -fpR /openwrt/src/build_dir/target-aarch64_cortex-a53_musl/linux-qualcommax_ipq807x/packages/.pkgdir/kmod-ipt-core/. /openwrt/src/staging_dir/target-aarch64_cortex-a53_musl/root-qualcommax/'
touch /openwrt/src/staging_dir/target-aarch64_cortex-a53_musl/root-qualcommax/stamp/.kmod-ipt-core_installed
echo "kmod-ipt-core" >> /openwrt/src/staging_dir/target-aarch64_cortex-a53_musl/pkginfo/linux.default.install
mkdir -p /openwrt/src/staging_dir/target-aarch64_cortex-a53_musl/root-qualcommax/stamp

SHELL= flock /openwrt/src/tmp/.root-copy.flock -c 'cp -fpR /openwrt/src/build_dir/target-aarch64_cortex-a53_musl/linux-qualcommax_ipq807x/packages/.pkgdir/kmod-nf-conntrack/. /openwrt/src/staging_dir/target-aarch64_cortex-a53_musl/root-qualcommax/'
touch /openwrt/src/staging_dir/target-aarch64_cortex-a53_musl/root-qualcommax/stamp/.kmod-nf-conntrack_installed
echo "kmod-nf-conntrack" >> /openwrt/src/staging_dir/target-aarch64_cortex-a53_musl/pkginfo/linux.default.install
mkdir -p /openwrt/src/staging_dir/target-aarch64_cortex-a53_musl/root-qualcommax/stamp

SHELL= flock /openwrt/src/tmp/.root-copy.flock -c 'cp -fpR /openwrt/src/build_dir/target-aarch64_cortex-a53_musl/linux-qualcommax_ipq807x/packages/.pkgdir/kmod-nf-conntrack6/. /openwrt/src/staging_dir/target-aarch64_cortex-a53_musl/root-qualcommax/'
touch /openwrt/src/staging_dir/target-aarch64_cortex-a53_musl/root-qualcommax/stamp/.kmod-nf-conntrack6_installed
echo "kmod-nf-conntrack6" >> /openwrt/src/staging_dir/target-aarch64_cortex-a53_musl/pkginfo/linux.default.install
mkdir -p /openwrt/src/staging_dir/target-aarch64_cortex-a53_musl/root-qualcommax/stamp

SHELL= flock /openwrt/src/tmp/.root-copy.flock -c 'cp -fpR /openwrt/src/build_dir/target-aarch64_cortex-a53_musl/linux-qualcommax_ipq807x/packages/.pkgdir/kmod-nf-log/. /openwrt/src/staging_dir/target-aarch64_cortex-a53_musl/root-qualcommax/'
touch /openwrt/src/staging_dir/target-aarch64_cortex-a53_musl/root-qualcommax/stamp/.kmod-nf-log_installed
echo "kmod-nf-log" >> /openwrt/src/staging_dir/target-aarch64_cortex-a53_musl/pkginfo/linux.default.install
mkdir -p /openwrt/src/staging_dir/target-aarch64_cortex-a53_musl/root-qualcommax/stamp

SHELL= flock /openwrt/src/tmp/.root-copy.flock -c 'cp -fpR /openwrt/src/build_dir/target-aarch64_cortex-a53_musl/linux-qualcommax_ipq807x/packages/.pkgdir/kmod-nf-log6/. /openwrt/src/staging_dir/target-aarch64_cortex-a53_musl/root-qualcommax/'
touch /openwrt/src/staging_dir/target-aarch64_cortex-a53_musl/root-qualcommax/stamp/.kmod-nf-log6_installed
echo "kmod-nf-log6" >> /openwrt/src/staging_dir/target-aarch64_cortex-a53_musl/pkginfo/linux.default.install
mkdir -p /openwrt/src/staging_dir/target-aarch64_cortex-a53_musl/root-qualcommax/stamp

SHELL= flock /openwrt/src/tmp/.root-copy.flock -c 'cp -fpR /openwrt/src/build_dir/target-aarch64_cortex-a53_musl/linux-qualcommax_ipq807x/packages/.pkgdir/kmod-nf-nat/. /openwrt/src/staging_dir/target-aarch64_cortex-a53_musl/root-qualcommax/'
touch /openwrt/src/staging_dir/target-aarch64_cortex-a53_musl/root-qualcommax/stamp/.kmod-nf-nat_installed
echo "kmod-nf-nat" >> /openwrt/src/staging_dir/target-aarch64_cortex-a53_musl/pkginfo/linux.default.install
mkdir -p /openwrt/src/staging_dir/target-aarch64_cortex-a53_musl/root-qualcommax/stamp

SHELL= flock /openwrt/src/tmp/.root-copy.flock -c 'cp -fpR /openwrt/src/build_dir/target-aarch64_cortex-a53_musl/linux-qualcommax_ipq807x/packages/.pkgdir/kmod-nf-nat6/. /openwrt/src/staging_dir/target-aarch64_cortex-a53_musl/root-qualcommax/'
touch /openwrt/src/staging_dir/target-aarch64_cortex-a53_musl/root-qualcommax/stamp/.kmod-nf-nat6_installed
echo "kmod-nf-nat6" >> /openwrt/src/staging_dir/target-aarch64_cortex-a53_musl/pkginfo/linux.default.install
mkdir -p /openwrt/src/staging_dir/target-aarch64_cortex-a53_musl/root-qualcommax/stamp

SHELL= flock /openwrt/src/tmp/.root-copy.flock -c 'cp -fpR /openwrt/src/build_dir/target-aarch64_cortex-a53_musl/linux-qualcommax_ipq807x/packages/.pkgdir/kmod-nf-flow/. /openwrt/src/staging_dir/target-aarch64_cortex-a53_musl/root-qualcommax/'
touch /openwrt/src/staging_dir/target-aarch64_cortex-a53_musl/root-qualcommax/stamp/.kmod-nf-flow_installed
echo "kmod-nf-flow" >> /openwrt/src/staging_dir/target-aarch64_cortex-a53_musl/pkginfo/linux.default.install
mkdir -p /openwrt/src/staging_dir/target-aarch64_cortex-a53_musl/root-qualcommax/stamp

SHELL= flock /openwrt/src/tmp/.root-copy.flock -c 'cp -fpR /openwrt/src/build_dir/target-aarch64_cortex-a53_musl/linux-qualcommax_ipq807x/packages/.pkgdir/kmod-ipt-conntrack/. /openwrt/src/staging_dir/target-aarch64_cortex-a53_musl/root-qualcommax/'
touch /openwrt/src/staging_dir/target-aarch64_cortex-a53_musl/root-qualcommax/stamp/.kmod-ipt-conntrack_installed
echo "kmod-ipt-conntrack" >> /openwrt/src/staging_dir/target-aarch64_cortex-a53_musl/pkginfo/linux.default.install
mkdir -p /openwrt/src/staging_dir/target-aarch64_cortex-a53_musl/root-qualcommax/stamp

SHELL= flock /openwrt/src/tmp/.root-copy.flock -c 'cp -fpR /openwrt/src/build_dir/target-aarch64_cortex-a53_musl/linux-qualcommax_ipq807x/packages/.pkgdir/kmod-ipt-conntrack-extra/. /openwrt/src/staging_dir/target-aarch64_cortex-a53_musl/root-qualcommax/'
touch /openwrt/src/staging_dir/target-aarch64_cortex-a53_musl/root-qualcommax/stamp/.kmod-ipt-conntrack-extra_installed
echo "kmod-ipt-conntrack-extra" >> /openwrt/src/staging_dir/target-aarch64_cortex-a53_musl/pkginfo/linux.default.install
mkdir -p /openwrt/src/staging_dir/target-aarch64_cortex-a53_musl/root-qualcommax/stamp

SHELL= flock /openwrt/src/tmp/.root-copy.flock -c 'cp -fpR /openwrt/src/build_dir/target-aarch64_cortex-a53_musl/linux-qualcommax_ipq807x/packages/.pkgdir/kmod-ipt-conntrack-label/. /openwrt/src/staging_dir/target-aarch64_cortex-a53_musl/root-qualcommax/'
touch /openwrt/src/staging_dir/target-aarch64_cortex-a53_musl/root-qualcommax/stamp/.kmod-ipt-conntrack-label_installed
echo "kmod-ipt-conntrack-label" >> /openwrt/src/staging_dir/target-aarch64_cortex-a53_musl/pkginfo/linux.default.install
mkdir -p /openwrt/src/staging_dir/target-aarch64_cortex-a53_musl/root-qualcommax/stamp

SHELL= flock /openwrt/src/tmp/.root-copy.flock -c 'cp -fpR /openwrt/src/build_dir/target-aarch64_cortex-a53_musl/linux-qualcommax_ipq807x/packages/.pkgdir/kmod-ipt-extra/. /openwrt/src/staging_dir/target-aarch64_cortex-a53_musl/root-qualcommax/'
touch /openwrt/src/staging_dir/target-aarch64_cortex-a53_musl/root-qualcommax/stamp/.kmod-ipt-extra_installed
echo "kmod-ipt-extra" >> /openwrt/src/staging_dir/target-aarch64_cortex-a53_musl/pkginfo/linux.default.install
mkdir -p /openwrt/src/staging_dir/target-aarch64_cortex-a53_musl/root-qualcommax/stamp

SHELL= flock /openwrt/src/tmp/.root-copy.flock -c 'cp -fpR /openwrt/src/build_dir/target-aarch64_cortex-a53_musl/linux-qualcommax_ipq807x/packages/.pkgdir/kmod-nfnetlink/. /openwrt/src/staging_dir/target-aarch64_cortex-a53_musl/root-qualcommax/'
touch /openwrt/src/staging_dir/target-aarch64_cortex-a53_musl/root-qualcommax/stamp/.kmod-nfnetlink_installed
echo "kmod-nfnetlink" >> /openwrt/src/staging_dir/target-aarch64_cortex-a53_musl/pkginfo/linux.default.install
mkdir -p /openwrt/src/staging_dir/target-aarch64_cortex-a53_musl/root-qualcommax/stamp

SHELL= flock /openwrt/src/tmp/.root-copy.flock -c 'cp -fpR /openwrt/src/build_dir/target-aarch64_cortex-a53_musl/linux-qualcommax_ipq807x/packages/.pkgdir/kmod-nf-conntrack-netlink/. /openwrt/src/staging_dir/target-aarch64_cortex-a53_musl/root-qualcommax/'
touch /openwrt/src/staging_dir/target-aarch64_cortex-a53_musl/root-qualcommax/stamp/.kmod-nf-conntrack-netlink_installed
echo "kmod-nf-conntrack-netlink" >> /openwrt/src/staging_dir/target-aarch64_cortex-a53_musl/pkginfo/linux.default.install
mkdir -p /openwrt/src/staging_dir/target-aarch64_cortex-a53_musl/root-qualcommax/stamp

SHELL= flock /openwrt/src/tmp/.root-copy.flock -c 'cp -fpR /openwrt/src/build_dir/target-aarch64_cortex-a53_musl/linux-qualcommax_ipq807x/packages/.pkgdir/kmod-nft-core/. /openwrt/src/staging_dir/target-aarch64_cortex-a53_musl/root-qualcommax/'
touch /openwrt/src/staging_dir/target-aarch64_cortex-a53_musl/root-qualcommax/stamp/.kmod-nft-core_installed
echo "kmod-nft-core" >> /openwrt/src/staging_dir/target-aarch64_cortex-a53_musl/pkginfo/linux.default.install
mkdir -p /openwrt/src/staging_dir/target-aarch64_cortex-a53_musl/root-qualcommax/stamp

SHELL= flock /openwrt/src/tmp/.root-copy.flock -c 'cp -fpR /openwrt/src/build_dir/target-aarch64_cortex-a53_musl/linux-qualcommax_ipq807x/packages/.pkgdir/kmod-nft-nat/. /openwrt/src/staging_dir/target-aarch64_cortex-a53_musl/root-qualcommax/'
touch /openwrt/src/staging_dir/target-aarch64_cortex-a53_musl/root-qualcommax/stamp/.kmod-nft-nat_installed
echo "kmod-nft-nat" >> /openwrt/src/staging_dir/target-aarch64_cortex-a53_musl/pkginfo/linux.default.install
mkdir -p /openwrt/src/staging_dir/target-aarch64_cortex-a53_musl/root-qualcommax/stamp

SHELL= flock /openwrt/src/tmp/.root-copy.flock -c 'cp -fpR /openwrt/src/build_dir/target-aarch64_cortex-a53_musl/linux-qualcommax_ipq807x/packages/.pkgdir/kmod-nft-offload/. /openwrt/src/staging_dir/target-aarch64_cortex-a53_musl/root-qualcommax/'
touch /openwrt/src/staging_dir/target-aarch64_cortex-a53_musl/root-qualcommax/stamp/.kmod-nft-offload_installed
echo "kmod-nft-offload" >> /openwrt/src/staging_dir/target-aarch64_cortex-a53_musl/pkginfo/linux.default.install
mkdir -p /openwrt/src/staging_dir/target-aarch64_cortex-a53_musl/root-qualcommax/stamp

SHELL= flock /openwrt/src/tmp/.root-copy.flock -c 'cp -fpR /openwrt/src/build_dir/target-aarch64_cortex-a53_musl/linux-qualcommax_ipq807x/packages/.pkgdir/kmod-nft-netdev/. /openwrt/src/staging_dir/target-aarch64_cortex-a53_musl/root-qualcommax/'
touch /openwrt/src/staging_dir/target-aarch64_cortex-a53_musl/root-qualcommax/stamp/.kmod-nft-netdev_installed
echo "kmod-nft-netdev" >> /openwrt/src/staging_dir/target-aarch64_cortex-a53_musl/pkginfo/linux.default.install
mkdir -p /openwrt/src/staging_dir/target-aarch64_cortex-a53_musl/root-qualcommax/stamp

SHELL= flock /openwrt/src/tmp/.root-copy.flock -c 'cp -fpR /openwrt/src/build_dir/target-aarch64_cortex-a53_musl/linux-qualcommax_ipq807x/packages/.pkgdir/kmod-nft-fib/. /openwrt/src/staging_dir/target-aarch64_cortex-a53_musl/root-qualcommax/'
touch /openwrt/src/staging_dir/target-aarch64_cortex-a53_musl/root-qualcommax/stamp/.kmod-nft-fib_installed
echo "kmod-nft-fib" >> /openwrt/src/staging_dir/target-aarch64_cortex-a53_musl/pkginfo/linux.default.install
mkdir -p /openwrt/src/staging_dir/target-aarch64_cortex-a53_musl/root-qualcommax/stamp

SHELL= flock /openwrt/src/tmp/.root-copy.flock -c 'cp -fpR /openwrt/src/build_dir/target-aarch64_cortex-a53_musl/linux-qualcommax_ipq807x/packages/.pkgdir/kmod-bonding/. /openwrt/src/staging_dir/target-aarch64_cortex-a53_musl/root-qualcommax/'
touch /openwrt/src/staging_dir/target-aarch64_cortex-a53_musl/root-qualcommax/stamp/.kmod-bonding_installed
echo "kmod-bonding" >> /openwrt/src/staging_dir/target-aarch64_cortex-a53_musl/pkginfo/linux.default.install
mkdir -p /openwrt/src/staging_dir/target-aarch64_cortex-a53_musl/root-qualcommax/stamp

SHELL= flock /openwrt/src/tmp/.root-copy.flock -c 'cp -fpR /openwrt/src/build_dir/target-aarch64_cortex-a53_musl/linux-qualcommax_ipq807x/packages/.pkgdir/kmod-udptunnel4/. /openwrt/src/staging_dir/target-aarch64_cortex-a53_musl/root-qualcommax/'
touch /openwrt/src/staging_dir/target-aarch64_cortex-a53_musl/root-qualcommax/stamp/.kmod-udptunnel4_installed
echo "kmod-udptunnel4" >> /openwrt/src/staging_dir/target-aarch64_cortex-a53_musl/pkginfo/linux.default.install
mkdir -p /openwrt/src/staging_dir/target-aarch64_cortex-a53_musl/root-qualcommax/stamp

SHELL= flock /openwrt/src/tmp/.root-copy.flock -c 'cp -fpR /openwrt/src/build_dir/target-aarch64_cortex-a53_musl/linux-qualcommax_ipq807x/packages/.pkgdir/kmod-udptunnel6/. /openwrt/src/staging_dir/target-aarch64_cortex-a53_musl/root-qualcommax/'
touch /openwrt/src/staging_dir/target-aarch64_cortex-a53_musl/root-qualcommax/stamp/.kmod-udptunnel6_installed
echo "kmod-udptunnel6" >> /openwrt/src/staging_dir/target-aarch64_cortex-a53_musl/pkginfo/linux.default.install
mkdir -p /openwrt/src/staging_dir/target-aarch64_cortex-a53_musl/root-qualcommax/stamp

SHELL= flock /openwrt/src/tmp/.root-copy.flock -c 'cp -fpR /openwrt/src/build_dir/target-aarch64_cortex-a53_musl/linux-qualcommax_ipq807x/packages/.pkgdir/kmod-vxlan/. /openwrt/src/staging_dir/target-aarch64_cortex-a53_musl/root-qualcommax/'
touch /openwrt/src/staging_dir/target-aarch64_cortex-a53_musl/root-qualcommax/stamp/.kmod-vxlan_installed
echo "kmod-vxlan" >> /openwrt/src/staging_dir/target-aarch64_cortex-a53_musl/pkginfo/linux.default.install
mkdir -p /openwrt/src/staging_dir/target-aarch64_cortex-a53_musl/root-qualcommax/stamp

SHELL= flock /openwrt/src/tmp/.root-copy.flock -c 'cp -fpR /openwrt/src/build_dir/target-aarch64_cortex-a53_musl/linux-qualcommax_ipq807x/packages/.pkgdir/kmod-nsh/. /openwrt/src/staging_dir/target-aarch64_cortex-a53_musl/root-qualcommax/'
touch /openwrt/src/staging_dir/target-aarch64_cortex-a53_musl/root-qualcommax/stamp/.kmod-nsh_installed
echo "kmod-nsh" >> /openwrt/src/staging_dir/target-aarch64_cortex-a53_musl/pkginfo/linux.default.install
mkdir -p /openwrt/src/staging_dir/target-aarch64_cortex-a53_musl/root-qualcommax/stamp

SHELL= flock /openwrt/src/tmp/.root-copy.flock -c 'cp -fpR /openwrt/src/build_dir/target-aarch64_cortex-a53_musl/linux-qualcommax_ipq807x/packages/.pkgdir/kmod-iptunnel/. /openwrt/src/staging_dir/target-aarch64_cortex-a53_musl/root-qualcommax/'
touch /openwrt/src/staging_dir/target-aarch64_cortex-a53_musl/root-qualcommax/stamp/.kmod-iptunnel_installed
echo "kmod-iptunnel" >> /openwrt/src/staging_dir/target-aarch64_cortex-a53_musl/pkginfo/linux.default.install
mkdir -p /openwrt/src/staging_dir/target-aarch64_cortex-a53_musl/root-qualcommax/stamp

SHELL= flock /openwrt/src/tmp/.root-copy.flock -c 'cp -fpR /openwrt/src/build_dir/target-aarch64_cortex-a53_musl/linux-qualcommax_ipq807x/packages/.pkgdir/kmod-gre/. /openwrt/src/staging_dir/target-aarch64_cortex-a53_musl/root-qualcommax/'
touch /openwrt/src/staging_dir/target-aarch64_cortex-a53_musl/root-qualcommax/stamp/.kmod-gre_installed
echo "kmod-gre" >> /openwrt/src/staging_dir/target-aarch64_cortex-a53_musl/pkginfo/linux.default.install
mkdir -p /openwrt/src/staging_dir/target-aarch64_cortex-a53_musl/root-qualcommax/stamp

SHELL= flock /openwrt/src/tmp/.root-copy.flock -c 'cp -fpR /openwrt/src/build_dir/target-aarch64_cortex-a53_musl/linux-qualcommax_ipq807x/packages/.pkgdir/kmod-tun/. /openwrt/src/staging_dir/target-aarch64_cortex-a53_musl/root-qualcommax/'
touch /openwrt/src/staging_dir/target-aarch64_cortex-a53_musl/root-qualcommax/stamp/.kmod-tun_installed
echo "kmod-tun" >> /openwrt/src/staging_dir/target-aarch64_cortex-a53_musl/pkginfo/linux.default.install
mkdir -p /openwrt/src/staging_dir/target-aarch64_cortex-a53_musl/root-qualcommax/stamp

SHELL= flock /openwrt/src/tmp/.root-copy.flock -c 'cp -fpR /openwrt/src/build_dir/target-aarch64_cortex-a53_musl/linux-qualcommax_ipq807x/packages/.pkgdir/kmod-veth/. /openwrt/src/staging_dir/target-aarch64_cortex-a53_musl/root-qualcommax/'
touch /openwrt/src/staging_dir/target-aarch64_cortex-a53_musl/root-qualcommax/stamp/.kmod-veth_installed
echo "kmod-veth" >> /openwrt/src/staging_dir/target-aarch64_cortex-a53_musl/pkginfo/linux.default.install
mkdir -p /openwrt/src/staging_dir/target-aarch64_cortex-a53_musl/root-qualcommax/stamp

SHELL= flock /openwrt/src/tmp/.root-copy.flock -c 'cp -fpR /openwrt/src/build_dir/target-aarch64_cortex-a53_musl/linux-qualcommax_ipq807x/packages/.pkgdir/kmod-slhc/. /openwrt/src/staging_dir/target-aarch64_cortex-a53_musl/root-qualcommax/'
touch /openwrt/src/staging_dir/target-aarch64_cortex-a53_musl/root-qualcommax/stamp/.kmod-slhc_installed
echo "kmod-slhc" >> /openwrt/src/staging_dir/target-aarch64_cortex-a53_musl/pkginfo/linux.default.install
mkdir -p /openwrt/src/staging_dir/target-aarch64_cortex-a53_musl/root-qualcommax/stamp

SHELL= flock /openwrt/src/tmp/.root-copy.flock -c 'cp -fpR /openwrt/src/build_dir/target-aarch64_cortex-a53_musl/linux-qualcommax_ipq807x/packages/.pkgdir/kmod-ppp/. /openwrt/src/staging_dir/target-aarch64_cortex-a53_musl/root-qualcommax/'
touch /openwrt/src/staging_dir/target-aarch64_cortex-a53_musl/root-qualcommax/stamp/.kmod-ppp_installed
echo "kmod-ppp" >> /openwrt/src/staging_dir/target-aarch64_cortex-a53_musl/pkginfo/linux.default.install
mkdir -p /openwrt/src/staging_dir/target-aarch64_cortex-a53_musl/root-qualcommax/stamp

SHELL= flock /openwrt/src/tmp/.root-copy.flock -c 'cp -fpR /openwrt/src/build_dir/target-aarch64_cortex-a53_musl/linux-qualcommax_ipq807x/packages/.pkgdir/kmod-pppox/. /openwrt/src/staging_dir/target-aarch64_cortex-a53_musl/root-qualcommax/'
touch /openwrt/src/staging_dir/target-aarch64_cortex-a53_musl/root-qualcommax/stamp/.kmod-pppox_installed
echo "kmod-pppox" >> /openwrt/src/staging_dir/target-aarch64_cortex-a53_musl/pkginfo/linux.default.install
mkdir -p /openwrt/src/staging_dir/target-aarch64_cortex-a53_musl/root-qualcommax/stamp

SHELL= flock /openwrt/src/tmp/.root-copy.flock -c 'cp -fpR /openwrt/src/build_dir/target-aarch64_cortex-a53_musl/linux-qualcommax_ipq807x/packages/.pkgdir/kmod-pppoe/. /openwrt/src/staging_dir/target-aarch64_cortex-a53_musl/root-qualcommax/'
touch /openwrt/src/staging_dir/target-aarch64_cortex-a53_musl/root-qualcommax/stamp/.kmod-pppoe_installed
echo "kmod-pppoe" >> /openwrt/src/staging_dir/target-aarch64_cortex-a53_musl/pkginfo/linux.default.install
mkdir -p /openwrt/src/staging_dir/target-aarch64_cortex-a53_musl/root-qualcommax/stamp

SHELL= flock /openwrt/src/tmp/.root-copy.flock -c 'cp -fpR /openwrt/src/build_dir/target-aarch64_cortex-a53_musl/linux-qualcommax_ipq807x/packages/.pkgdir/kmod-pptp/. /openwrt/src/staging_dir/target-aarch64_cortex-a53_musl/root-qualcommax/'
touch /openwrt/src/staging_dir/target-aarch64_cortex-a53_musl/root-qualcommax/stamp/.kmod-pptp_installed
echo "kmod-pptp" >> /openwrt/src/staging_dir/target-aarch64_cortex-a53_musl/pkginfo/linux.default.install
mkdir -p /openwrt/src/staging_dir/target-aarch64_cortex-a53_musl/root-qualcommax/stamp

SHELL= flock /openwrt/src/tmp/.root-copy.flock -c 'cp -fpR /openwrt/src/build_dir/target-aarch64_cortex-a53_musl/linux-qualcommax_ipq807x/packages/.pkgdir/kmod-pppol2tp/. /openwrt/src/staging_dir/target-aarch64_cortex-a53_musl/root-qualcommax/'
touch /openwrt/src/staging_dir/target-aarch64_cortex-a53_musl/root-qualcommax/stamp/.kmod-pppol2tp_installed
echo "kmod-pppol2tp" >> /openwrt/src/staging_dir/target-aarch64_cortex-a53_musl/pkginfo/linux.default.install
mkdir -p /openwrt/src/staging_dir/target-aarch64_cortex-a53_musl/root-qualcommax/stamp

SHELL= flock /openwrt/src/tmp/.root-copy.flock -c 'cp -fpR /openwrt/src/build_dir/target-aarch64_cortex-a53_musl/linux-qualcommax_ipq807x/packages/.pkgdir/kmod-sched-core/. /openwrt/src/staging_dir/target-aarch64_cortex-a53_musl/root-qualcommax/'
touch /openwrt/src/staging_dir/target-aarch64_cortex-a53_musl/root-qualcommax/stamp/.kmod-sched-core_installed
echo "kmod-sched-core" >> /openwrt/src/staging_dir/target-aarch64_cortex-a53_musl/pkginfo/linux.default.install
mkdir -p /openwrt/src/staging_dir/target-aarch64_cortex-a53_musl/root-qualcommax/stamp

SHELL= flock /openwrt/src/tmp/.root-copy.flock -c 'cp -fpR /openwrt/src/build_dir/target-aarch64_cortex-a53_musl/linux-qualcommax_ipq807x/packages/.pkgdir/kmod-sched-act-vlan/. /openwrt/src/staging_dir/target-aarch64_cortex-a53_musl/root-qualcommax/'
touch /openwrt/src/staging_dir/target-aarch64_cortex-a53_musl/root-qualcommax/stamp/.kmod-sched-act-vlan_installed
echo "kmod-sched-act-vlan" >> /openwrt/src/staging_dir/target-aarch64_cortex-a53_musl/pkginfo/linux.default.install
mkdir -p /openwrt/src/staging_dir/target-aarch64_cortex-a53_musl/root-qualcommax/stamp

SHELL= flock /openwrt/src/tmp/.root-copy.flock -c 'cp -fpR /openwrt/src/build_dir/target-aarch64_cortex-a53_musl/linux-qualcommax_ipq807x/packages/.pkgdir/kmod-l2tp/. /openwrt/src/staging_dir/target-aarch64_cortex-a53_musl/root-qualcommax/'
touch /openwrt/src/staging_dir/target-aarch64_cortex-a53_musl/root-qualcommax/stamp/.kmod-l2tp_installed
echo "kmod-l2tp" >> /openwrt/src/staging_dir/target-aarch64_cortex-a53_musl/pkginfo/linux.default.install
mkdir -p /openwrt/src/staging_dir/target-aarch64_cortex-a53_musl/root-qualcommax/stamp

SHELL= flock /openwrt/src/tmp/.root-copy.flock -c 'cp -fpR /openwrt/src/build_dir/target-aarch64_cortex-a53_musl/linux-qualcommax_ipq807x/packages/.pkgdir/kmod-mpls/. /openwrt/src/staging_dir/target-aarch64_cortex-a53_musl/root-qualcommax/'
touch /openwrt/src/staging_dir/target-aarch64_cortex-a53_musl/root-qualcommax/stamp/.kmod-mpls_installed
echo "kmod-mpls" >> /openwrt/src/staging_dir/target-aarch64_cortex-a53_musl/pkginfo/linux.default.install
mkdir -p /openwrt/src/staging_dir/target-aarch64_cortex-a53_musl/root-qualcommax/stamp

SHELL= flock /openwrt/src/tmp/.root-copy.flock -c 'cp -fpR /openwrt/src/build_dir/target-aarch64_cortex-a53_musl/linux-qualcommax_ipq807x/packages/.pkgdir/kmod-qrtr/. /openwrt/src/staging_dir/target-aarch64_cortex-a53_musl/root-qualcommax/'
touch /openwrt/src/staging_dir/target-aarch64_cortex-a53_musl/root-qualcommax/stamp/.kmod-qrtr_installed
echo "kmod-qrtr" >> /openwrt/src/staging_dir/target-aarch64_cortex-a53_musl/pkginfo/linux.default.install
mkdir -p /openwrt/src/staging_dir/target-aarch64_cortex-a53_musl/root-qualcommax/stamp

SHELL= flock /openwrt/src/tmp/.root-copy.flock -c 'cp -fpR /openwrt/src/build_dir/target-aarch64_cortex-a53_musl/linux-qualcommax_ipq807x/packages/.pkgdir/kmod-qrtr-smd/. /openwrt/src/staging_dir/target-aarch64_cortex-a53_musl/root-qualcommax/'
touch /openwrt/src/staging_dir/target-aarch64_cortex-a53_musl/root-qualcommax/stamp/.kmod-qrtr-smd_installed
echo "kmod-qrtr-smd" >> /openwrt/src/staging_dir/target-aarch64_cortex-a53_musl/pkginfo/linux.default.install
mkdir -p /openwrt/src/staging_dir/target-aarch64_cortex-a53_musl/root-qualcommax/stamp

SHELL= flock /openwrt/src/tmp/.root-copy.flock -c 'cp -fpR /openwrt/src/build_dir/target-aarch64_cortex-a53_musl/linux-qualcommax_ipq807x/packages/.pkgdir/kmod-nls-base/. /openwrt/src/staging_dir/target-aarch64_cortex-a53_musl/root-qualcommax/'
touch /openwrt/src/staging_dir/target-aarch64_cortex-a53_musl/root-qualcommax/stamp/.kmod-nls-base_installed
echo "kmod-nls-base" >> /openwrt/src/staging_dir/target-aarch64_cortex-a53_musl/pkginfo/linux.default.install
mkdir -p /openwrt/src/staging_dir/target-aarch64_cortex-a53_musl/root-qualcommax/stamp

SHELL= flock /openwrt/src/tmp/.root-copy.flock -c 'cp -fpR /openwrt/src/build_dir/target-aarch64_cortex-a53_musl/linux-qualcommax_ipq807x/packages/.pkgdir/kmod-thermal/. /openwrt/src/staging_dir/target-aarch64_cortex-a53_musl/root-qualcommax/'
touch /openwrt/src/staging_dir/target-aarch64_cortex-a53_musl/root-qualcommax/stamp/.kmod-thermal_installed
echo "kmod-thermal" >> /openwrt/src/staging_dir/target-aarch64_cortex-a53_musl/pkginfo/linux.default.install
mkdir -p /openwrt/src/staging_dir/target-aarch64_cortex-a53_musl/root-qualcommax/stamp

SHELL= flock /openwrt/src/tmp/.root-copy.flock -c 'cp -fpR /openwrt/src/build_dir/target-aarch64_cortex-a53_musl/linux-qualcommax_ipq807x/packages/.pkgdir/kmod-usb-core/. /openwrt/src/staging_dir/target-aarch64_cortex-a53_musl/root-qualcommax/'
touch /openwrt/src/staging_dir/target-aarch64_cortex-a53_musl/root-qualcommax/stamp/.kmod-usb-core_installed
echo "kmod-usb-core" >> /openwrt/src/staging_dir/target-aarch64_cortex-a53_musl/pkginfo/linux.default.install
mkdir -p /openwrt/src/staging_dir/target-aarch64_cortex-a53_musl/root-qualcommax/stamp

SHELL= flock /openwrt/src/tmp/.root-copy.flock -c 'cp -fpR /openwrt/src/build_dir/target-aarch64_cortex-a53_musl/linux-qualcommax_ipq807x/packages/.pkgdir/kmod-usb-dwc3/. /openwrt/src/staging_dir/target-aarch64_cortex-a53_musl/root-qualcommax/'
touch /openwrt/src/staging_dir/target-aarch64_cortex-a53_musl/root-qualcommax/stamp/.kmod-usb-dwc3_installed
echo "kmod-usb-dwc3" >> /openwrt/src/staging_dir/target-aarch64_cortex-a53_musl/pkginfo/linux.default.install
mkdir -p /openwrt/src/staging_dir/target-aarch64_cortex-a53_musl/root-qualcommax/stamp

SHELL= flock /openwrt/src/tmp/.root-copy.flock -c 'cp -fpR /openwrt/src/build_dir/target-aarch64_cortex-a53_musl/linux-qualcommax_ipq807x/packages/.pkgdir/kmod-usb-dwc3-qcom/. /openwrt/src/staging_dir/target-aarch64_cortex-a53_musl/root-qualcommax/'
touch /openwrt/src/staging_dir/target-aarch64_cortex-a53_musl/root-qualcommax/stamp/.kmod-usb-dwc3-qcom_installed
echo "kmod-usb-dwc3-qcom" >> /openwrt/src/staging_dir/target-aarch64_cortex-a53_musl/pkginfo/linux.default.install
mkdir -p /openwrt/src/staging_dir/target-aarch64_cortex-a53_musl/root-qualcommax/stamp

SHELL= flock /openwrt/src/tmp/.root-copy.flock -c 'cp -fpR /openwrt/src/build_dir/target-aarch64_cortex-a53_musl/linux-qualcommax_ipq807x/packages/.pkgdir/kmod-usb3/. /openwrt/src/staging_dir/target-aarch64_cortex-a53_musl/root-qualcommax/'
touch /openwrt/src/staging_dir/target-aarch64_cortex-a53_musl/root-qualcommax/stamp/.kmod-usb3_installed
echo "kmod-usb3" >> /openwrt/src/staging_dir/target-aarch64_cortex-a53_musl/pkginfo/linux.default.install
mkdir -p /openwrt/src/staging_dir/target-aarch64_cortex-a53_musl/root-qualcommax/stamp

SHELL= flock /openwrt/src/tmp/.root-copy.flock -c 'cp -fpR /openwrt/src/build_dir/target-aarch64_cortex-a53_musl/linux-qualcommax_ipq807x/packages/.pkgdir/kmod-usb-xhci-hcd/. /openwrt/src/staging_dir/target-aarch64_cortex-a53_musl/root-qualcommax/'
touch /openwrt/src/staging_dir/target-aarch64_cortex-a53_musl/root-qualcommax/stamp/.kmod-usb-xhci-hcd_installed
echo "kmod-usb-xhci-hcd" >> /openwrt/src/staging_dir/target-aarch64_cortex-a53_musl/pkginfo/linux.default.install
make[3]: Leaving directory '/openwrt/src/package/kernel/linux'
time: package/kernel/linux/compile#0.72#0.03#3.70
make[3]: Entering directory '/openwrt/src/package/system/ubox'
mkdir -p /openwrt/src/staging_dir/target-aarch64_cortex-a53_musl/root-qualcommax/stamp
SHELL= flock /openwrt/src/tmp/.root-copy.flock -c 'cp -fpR /openwrt/src/build_dir/target-aarch64_cortex-a53_musl/ubox-2022-08-13-4c7b720b/.pkgdir/ubox/. /openwrt/src/staging_dir/target-aarch64_cortex-a53_musl/root-qualcommax/'
touch /openwrt/src/staging_dir/target-aarch64_cortex-a53_musl/root-qualcommax/stamp/.ubox_installed
echo "ubox" >> /openwrt/src/staging_dir/target-aarch64_cortex-a53_musl/pkginfo/ubox.default.install
mkdir -p /openwrt/src/staging_dir/target-aarch64_cortex-a53_musl/root-qualcommax/stamp
SHELL= flock /openwrt/src/tmp/.root-copy.flock -c 'cp -fpR /openwrt/src/build_dir/target-aarch64_cortex-a53_musl/ubox-2022-08-13-4c7b720b/.pkgdir/getrandom/. /openwrt/src/staging_dir/target-aarch64_cortex-a53_musl/root-qualcommax/'
touch /openwrt/src/staging_dir/target-aarch64_cortex-a53_musl/root-qualcommax/stamp/.getrandom_installed
echo "getrandom" >> /openwrt/src/staging_dir/target-aarch64_cortex-a53_musl/pkginfo/ubox.default.install
mkdir -p /openwrt/src/staging_dir/target-aarch64_cortex-a53_musl/root-qualcommax/stamp
SHELL= flock /openwrt/src/tmp/.root-copy.flock -c 'cp -fpR /openwrt/src/build_dir/target-aarch64_cortex-a53_musl/ubox-2022-08-13-4c7b720b/.pkgdir/logd/. /openwrt/src/staging_dir/target-aarch64_cortex-a53_musl/root-qualcommax/'
touch /openwrt/src/staging_dir/target-aarch64_cortex-a53_musl/root-qualcommax/stamp/.logd_installed
echo "logd" >> /openwrt/src/staging_dir/target-aarch64_cortex-a53_musl/pkginfo/ubox.default.install
make[3]: Leaving directory '/openwrt/src/package/system/ubox'
time: package/system/ubox/compile#0.01#0.00#0.19
make[3]: Entering directory '/openwrt/src/package/libs/ncurses'
make[3]: Leaving directory '/openwrt/src/package/libs/ncurses'
time: package/libs/ncurses/host-compile#0.02#0.00#0.22
make[3]: Entering directory '/openwrt/src/package/libs/zlib'
mkdir -p /openwrt/src/staging_dir/target-aarch64_cortex-a53_musl/root-qualcommax/stamp
SHELL= flock /openwrt/src/tmp/.root-copy.flock -c 'cp -fpR /openwrt/src/build_dir/target-aarch64_cortex-a53_musl/zlib-1.2.13/.pkgdir/zlib/. /openwrt/src/staging_dir/target-aarch64_cortex-a53_musl/root-qualcommax/'
touch /openwrt/src/staging_dir/target-aarch64_cortex-a53_musl/root-qualcommax/stamp/.zlib_installed
echo "zlib" >> /openwrt/src/staging_dir/target-aarch64_cortex-a53_musl/pkginfo/zlib.default.install
make[3]: Leaving directory '/openwrt/src/package/libs/zlib'
time: package/libs/zlib/compile#0.01#0.00#0.22
make[3]: Entering directory '/openwrt/src/package/libs/ncurses'
make[3]: Leaving directory '/openwrt/src/package/libs/ncurses'
time: package/libs/ncurses/compile#0.02#0.00#0.21
make[3]: Entering directory '/openwrt/src/package/utils/util-linux'
mkdir -p /openwrt/src/staging_dir/target-aarch64_cortex-a53_musl/root-qualcommax/stamp
echo '1' | cmp -s - /openwrt/src/staging_dir/target-aarch64_cortex-a53_musl/pkginfo/libuuid.version || { echo '1' > /openwrt/src/staging_dir/target-aarch64_cortex-a53_musl/pkginfo/libuuid.version;  } 
SHELL= flock /openwrt/src/tmp/.root-copy.flock -c 'cp -fpR /openwrt/src/build_dir/target-aarch64_cortex-a53_musl/util-linux-2.39/.pkgdir/libuuid/. /openwrt/src/staging_dir/target-aarch64_cortex-a53_musl/root-qualcommax/'
touch /openwrt/src/staging_dir/target-aarch64_cortex-a53_musl/root-qualcommax/stamp/.libuuid_installed
echo "libuuid" >> /openwrt/src/staging_dir/target-aarch64_cortex-a53_musl/pkginfo/util-linux.default.install
mkdir -p /openwrt/src/staging_dir/target-aarch64_cortex-a53_musl/root-qualcommax/stamp
echo '1' | cmp -s - /openwrt/src/staging_dir/target-aarch64_cortex-a53_musl/pkginfo/libblkid.version || { echo '1' > /openwrt/src/staging_dir/target-aarch64_cortex-a53_musl/pkginfo/libblkid.version;  } 
SHELL= flock /openwrt/src/tmp/.root-copy.flock -c 'cp -fpR /openwrt/src/build_dir/target-aarch64_cortex-a53_musl/util-linux-2.39/.pkgdir/libblkid/. /openwrt/src/staging_dir/target-aarch64_cortex-a53_musl/root-qualcommax/'
touch /openwrt/src/staging_dir/target-aarch64_cortex-a53_musl/root-qualcommax/stamp/.libblkid_installed
echo "libblkid" >> /openwrt/src/staging_dir/target-aarch64_cortex-a53_musl/pkginfo/util-linux.default.install
mkdir -p /openwrt/src/staging_dir/target-aarch64_cortex-a53_musl/root-qualcommax/stamp
echo '1' | cmp -s - /openwrt/src/staging_dir/target-aarch64_cortex-a53_musl/pkginfo/libsmartcols.version || { echo '1' > /openwrt/src/staging_dir/target-aarch64_cortex-a53_musl/pkginfo/libsmartcols.version;  } 
SHELL= flock /openwrt/src/tmp/.root-copy.flock -c 'cp -fpR /openwrt/src/build_dir/target-aarch64_cortex-a53_musl/util-linux-2.39/.pkgdir/libsmartcols/. /openwrt/src/staging_dir/target-aarch64_cortex-a53_musl/root-qualcommax/'
touch /openwrt/src/staging_dir/target-aarch64_cortex-a53_musl/root-qualcommax/stamp/.libsmartcols_installed
echo "libsmartcols" >> /openwrt/src/staging_dir/target-aarch64_cortex-a53_musl/pkginfo/util-linux.default.install
mkdir -p /openwrt/src/staging_dir/target-aarch64_cortex-a53_musl/root-qualcommax/stamp
SHELL= flock /openwrt/src/tmp/.root-copy.flock -c 'cp -fpR /openwrt/src/build_dir/target-aarch64_cortex-a53_musl/util-linux-2.39/.pkgdir/losetup/. /openwrt/src/staging_dir/target-aarch64_cortex-a53_musl/root-qualcommax/'
touch /openwrt/src/staging_dir/target-aarch64_cortex-a53_musl/root-qualcommax/stamp/.losetup_installed
echo "losetup" >> /openwrt/src/staging_dir/target-aarch64_cortex-a53_musl/pkginfo/util-linux.default.install
make[3]: Leaving directory '/openwrt/src/package/utils/util-linux'
time: package/utils/util-linux/compile#0.04#0.01#0.36
make[3]: Entering directory '/openwrt/src/package/utils/mtd-utils'
mkdir -p /openwrt/src/staging_dir/target-aarch64_cortex-a53_musl/root-qualcommax/stamp
SHELL= flock /openwrt/src/tmp/.root-copy.flock -c 'cp -fpR /openwrt/src/build_dir/target-aarch64_cortex-a53_musl/mtd-utils-2.1.5/.pkgdir/ubi-utils/. /openwrt/src/staging_dir/target-aarch64_cortex-a53_musl/root-qualcommax/'
touch /openwrt/src/staging_dir/target-aarch64_cortex-a53_musl/root-qualcommax/stamp/.ubi-utils_installed
echo "ubi-utils" >> /openwrt/src/staging_dir/target-aarch64_cortex-a53_musl/pkginfo/mtd-utils.default.install
make[3]: Leaving directory '/openwrt/src/package/utils/mtd-utils'
time: package/utils/mtd-utils/compile#0.01#0.00#0.17
make[3]: Entering directory '/openwrt/src/package/system/fstools'
mkdir -p /openwrt/src/staging_dir/target-aarch64_cortex-a53_musl/root-qualcommax/stamp
SHELL= flock /openwrt/src/tmp/.root-copy.flock -c 'cp -fpR /openwrt/src/build_dir/target-aarch64_cortex-a53_musl/fstools-2023-02-28-bfe882d5/.pkgdir/fstools/. /openwrt/src/staging_dir/target-aarch64_cortex-a53_musl/root-qualcommax/'
touch /openwrt/src/staging_dir/target-aarch64_cortex-a53_musl/root-qualcommax/stamp/.fstools_installed
echo "fstools" >> /openwrt/src/staging_dir/target-aarch64_cortex-a53_musl/pkginfo/fstools.default.install
make[3]: Leaving directory '/openwrt/src/package/system/fstools'
time: package/system/fstools/compile#0.01#0.00#0.18
make[3]: Entering directory '/openwrt/src/package/system/fwtool'
make[3]: Leaving directory '/openwrt/src/package/system/fwtool'
time: package/system/fwtool/host-compile#0.01#0.00#0.16
make[3]: Entering directory '/openwrt/src/package/system/fwtool'
mkdir -p /openwrt/src/staging_dir/target-aarch64_cortex-a53_musl/root-qualcommax/stamp
SHELL= flock /openwrt/src/tmp/.root-copy.flock -c 'cp -fpR /openwrt/src/build_dir/target-aarch64_cortex-a53_musl/fwtool-2019-11-12-8f7fe925/.pkgdir/fwtool/. /openwrt/src/staging_dir/target-aarch64_cortex-a53_musl/root-qualcommax/'
touch /openwrt/src/staging_dir/target-aarch64_cortex-a53_musl/root-qualcommax/stamp/.fwtool_installed
echo "fwtool" >> /openwrt/src/staging_dir/target-aarch64_cortex-a53_musl/pkginfo/fwtool.default.install
make[3]: Leaving directory '/openwrt/src/package/system/fwtool'
time: package/system/fwtool/compile#0.01#0.00#0.19
make[3]: Entering directory '/openwrt/src/package/system/usign'
make[3]: Leaving directory '/openwrt/src/package/system/usign'
time: package/system/usign/host-compile#0.01#0.00#0.21
make[3]: Entering directory '/openwrt/src/package/system/ucert'
make[3]: Leaving directory '/openwrt/src/package/system/ucert'
time: package/system/ucert/host-compile#0.01#0.00#0.17
make[3]: Entering directory '/openwrt/src/package/utils/jsonfilter'
mkdir -p /openwrt/src/staging_dir/target-aarch64_cortex-a53_musl/root-qualcommax/stamp
SHELL= flock /openwrt/src/tmp/.root-copy.flock -c 'cp -fpR /openwrt/src/build_dir/target-aarch64_cortex-a53_musl/jsonfilter-2018-02-04-c7e938d6/.pkgdir/jsonfilter/. /openwrt/src/staging_dir/target-aarch64_cortex-a53_musl/root-qualcommax/'
touch /openwrt/src/staging_dir/target-aarch64_cortex-a53_musl/root-qualcommax/stamp/.jsonfilter_installed
echo "jsonfilter" >> /openwrt/src/staging_dir/target-aarch64_cortex-a53_musl/pkginfo/jsonfilter.default.install
make[3]: Leaving directory '/openwrt/src/package/utils/jsonfilter'
time: package/utils/jsonfilter/compile#0.01#0.00#0.17
make[3]: Entering directory '/openwrt/src/package/system/openwrt-keyring'
mkdir -p /openwrt/src/staging_dir/target-aarch64_cortex-a53_musl/root-qualcommax/stamp
SHELL= flock /openwrt/src/tmp/.root-copy.flock -c 'cp -fpR /openwrt/src/build_dir/target-aarch64_cortex-a53_musl/openwrt-keyring-2022-03-25-62471e69/.pkgdir/openwrt-keyring/. /openwrt/src/staging_dir/target-aarch64_cortex-a53_musl/root-qualcommax/'
touch /openwrt/src/staging_dir/target-aarch64_cortex-a53_musl/root-qualcommax/stamp/.openwrt-keyring_installed
echo "openwrt-keyring" >> /openwrt/src/staging_dir/target-aarch64_cortex-a53_musl/pkginfo/openwrt-keyring.default.install
make[3]: Leaving directory '/openwrt/src/package/system/openwrt-keyring'
time: package/system/openwrt-keyring/compile#0.01#0.00#0.16
make[3]: Entering directory '/openwrt/src/package/system/usign'
mkdir -p /openwrt/src/staging_dir/target-aarch64_cortex-a53_musl/root-qualcommax/stamp
SHELL= flock /openwrt/src/tmp/.root-copy.flock -c 'cp -fpR /openwrt/src/build_dir/target-aarch64_cortex-a53_musl/usign-2020-05-23-f1f65026/.pkgdir/usign/. /openwrt/src/staging_dir/target-aarch64_cortex-a53_musl/root-qualcommax/'
touch /openwrt/src/staging_dir/target-aarch64_cortex-a53_musl/root-qualcommax/stamp/.usign_installed
echo "usign" >> /openwrt/src/staging_dir/target-aarch64_cortex-a53_musl/pkginfo/usign.default.install
make[3]: Leaving directory '/openwrt/src/package/system/usign'
time: package/system/usign/compile#0.01#0.00#0.17
make[3]: Entering directory '/openwrt/src/package/base-files'
mkdir -p /openwrt/src/staging_dir/target-aarch64_cortex-a53_musl/root-qualcommax/stamp
SHELL= flock /openwrt/src/tmp/.root-copy.flock -c 'cp -fpR /openwrt/src/build_dir/target-aarch64_cortex-a53_musl/linux-qualcommax_ipq807x/base-files/.pkgdir/base-files/. /openwrt/src/staging_dir/target-aarch64_cortex-a53_musl/root-qualcommax/'
touch /openwrt/src/staging_dir/target-aarch64_cortex-a53_musl/root-qualcommax/stamp/.base-files_installed
echo "base-files" >> /openwrt/src/staging_dir/target-aarch64_cortex-a53_musl/pkginfo/base-files.default.install
make[3]: Leaving directory '/openwrt/src/package/base-files'
time: package/base-files/compile#0.02#0.00#0.26
make[3]: Entering directory '/openwrt/src/package/boot/uboot-envtools'
mkdir -p /openwrt/src/staging_dir/target-aarch64_cortex-a53_musl/root-qualcommax/stamp
SHELL= flock /openwrt/src/tmp/.root-copy.flock -c 'cp -fpR /openwrt/src/build_dir/target-aarch64_cortex-a53_musl/u-boot-2023.04/.pkgdir/uboot-envtools/. /openwrt/src/staging_dir/target-aarch64_cortex-a53_musl/root-qualcommax/'
touch /openwrt/src/staging_dir/target-aarch64_cortex-a53_musl/root-qualcommax/stamp/.uboot-envtools_installed
echo "uboot-envtools" >> /openwrt/src/staging_dir/target-aarch64_cortex-a53_musl/pkginfo/uboot-envtools.default.install
make[3]: Leaving directory '/openwrt/src/package/boot/uboot-envtools'
time: package/boot/uboot-envtools/compile#0.06#0.04#0.45
make[3]: Entering directory '/openwrt/src/feeds/luci/modules/luci-base'
touch /openwrt/src/build_dir/hostpkg/luci-base/.prepared1c0e40d3e903f930a0821f13a4330611_6664517399ebbbc92a37c5bb081b5c53
touch /openwrt/src/build_dir/hostpkg/luci-base/.configured
make -C src/ clean po2lmo jsmin
make[4]: Entering directory '/openwrt/src/feeds/luci/modules/luci-base/src'
rm -f contrib/lemon lib/*.o lib/plural_formula.c lib/plural_formula.h core.so version.uc
cc -o contrib/lemon contrib/lemon.c
./contrib/lemon -q lib/plural_formula.y
cc    -DNDEBUG -c -o lib/lmo.o lib/lmo.c
cc    -DNDEBUG -c -o lib/plural_formula.o lib/plural_formula.c
cc  -o po2lmo po2lmo.o lib/lmo.o lib/plural_formula.o
make[4]: 'jsmin' is up to date.
make[4]: Leaving directory '/openwrt/src/feeds/luci/modules/luci-base/src'
touch /openwrt/src/build_dir/hostpkg/luci-base/.built
install -d -m0755 /openwrt/src/staging_dir/hostpkg/bin
install -m0755 src/po2lmo /openwrt/src/staging_dir/hostpkg/bin/po2lmo
install -m0755 src/jsmin /openwrt/src/staging_dir/hostpkg/bin/jsmin
mkdir -p /openwrt/src/staging_dir/hostpkg/stamp
touch /openwrt/src/build_dir/hostpkg/luci-base/.built
touch /openwrt/src/staging_dir/hostpkg/stamp/.luci-base_installed 
make[3]: Leaving directory '/openwrt/src/feeds/luci/modules/luci-base'
time: package/feeds/luci/luci-base/host-compile#0.12#0.01#0.99
make[3]: Entering directory '/openwrt/src/package/libs/jansson'
mkdir -p /openwrt/src/staging_dir/target-aarch64_cortex-a53_musl/root-qualcommax/stamp
echo '4' | cmp -s - /openwrt/src/staging_dir/target-aarch64_cortex-a53_musl/pkginfo/jansson.version || { echo '4' > /openwrt/src/staging_dir/target-aarch64_cortex-a53_musl/pkginfo/jansson.version;  } 
SHELL= flock /openwrt/src/tmp/.root-copy.flock -c 'cp -fpR /openwrt/src/build_dir/target-aarch64_cortex-a53_musl/jansson-2.14/.pkgdir/jansson/. /openwrt/src/staging_dir/target-aarch64_cortex-a53_musl/root-qualcommax/'
touch /openwrt/src/staging_dir/target-aarch64_cortex-a53_musl/root-qualcommax/stamp/.jansson_installed
echo "jansson" >> /openwrt/src/staging_dir/target-aarch64_cortex-a53_musl/pkginfo/jansson.default.install
make[3]: Leaving directory '/openwrt/src/package/libs/jansson'
time: package/libs/jansson/compile#0.01#0.00#0.21
make[3]: Entering directory '/openwrt/src/package/libs/libmnl'
mkdir -p /openwrt/src/staging_dir/target-aarch64_cortex-a53_musl/root-qualcommax/stamp
echo '0' | cmp -s - /openwrt/src/staging_dir/target-aarch64_cortex-a53_musl/pkginfo/libmnl.version || { echo '0' > /openwrt/src/staging_dir/target-aarch64_cortex-a53_musl/pkginfo/libmnl.version;  } 
SHELL= flock /openwrt/src/tmp/.root-copy.flock -c 'cp -fpR /openwrt/src/build_dir/target-aarch64_cortex-a53_musl/libmnl-1.0.5/.pkgdir/libmnl/. /openwrt/src/staging_dir/target-aarch64_cortex-a53_musl/root-qualcommax/'
touch /openwrt/src/staging_dir/target-aarch64_cortex-a53_musl/root-qualcommax/stamp/.libmnl_installed
echo "libmnl" >> /openwrt/src/staging_dir/target-aarch64_cortex-a53_musl/pkginfo/libmnl.default.install
make[3]: Leaving directory '/openwrt/src/package/libs/libmnl'
time: package/libs/libmnl/compile#0.01#0.00#0.16
make[3]: Entering directory '/openwrt/src/package/libs/libnftnl'
mkdir -p /openwrt/src/staging_dir/target-aarch64_cortex-a53_musl/root-qualcommax/stamp
echo '11' | cmp -s - /openwrt/src/staging_dir/target-aarch64_cortex-a53_musl/pkginfo/libnftnl.version || { echo '11' > /openwrt/src/staging_dir/target-aarch64_cortex-a53_musl/pkginfo/libnftnl.version;  } 
SHELL= flock /openwrt/src/tmp/.root-copy.flock -c 'cp -fpR /openwrt/src/build_dir/target-aarch64_cortex-a53_musl/libnftnl-1.2.6/.pkgdir/libnftnl/. /openwrt/src/staging_dir/target-aarch64_cortex-a53_musl/root-qualcommax/'
touch /openwrt/src/staging_dir/target-aarch64_cortex-a53_musl/root-qualcommax/stamp/.libnftnl_installed
echo "libnftnl" >> /openwrt/src/staging_dir/target-aarch64_cortex-a53_musl/pkginfo/libnftnl.default.install
make[3]: Leaving directory '/openwrt/src/package/libs/libnftnl'
time: package/libs/libnftnl/compile#0.01#0.00#0.16
make[3]: Entering directory '/openwrt/src/package/network/utils/nftables'
mkdir -p /openwrt/src/staging_dir/target-aarch64_cortex-a53_musl/root-qualcommax/stamp
SHELL= flock /openwrt/src/tmp/.root-copy.flock -c 'cp -fpR /openwrt/src/build_dir/target-aarch64_cortex-a53_musl/nftables-json/nftables-1.0.8/.pkgdir/nftables-json/. /openwrt/src/staging_dir/target-aarch64_cortex-a53_musl/root-qualcommax/'
touch /openwrt/src/staging_dir/target-aarch64_cortex-a53_musl/root-qualcommax/stamp/.nftables-json_installed
echo "nftables-json" >> /openwrt/src/staging_dir/target-aarch64_cortex-a53_musl/pkginfo/nftables.json.install
make[3]: Leaving directory '/openwrt/src/package/network/utils/nftables'
time: package/network/utils/nftables/json/compile#0.01#0.00#0.20
make[3]: Entering directory '/openwrt/src/package/utils/ucode'
mkdir -p /openwrt/src/staging_dir/target-aarch64_cortex-a53_musl/root-qualcommax/stamp
echo '20220812' | cmp -s - /openwrt/src/staging_dir/target-aarch64_cortex-a53_musl/pkginfo/libucode.version || { echo '20220812' > /openwrt/src/staging_dir/target-aarch64_cortex-a53_musl/pkginfo/libucode.version;  } 
SHELL= flock /openwrt/src/tmp/.root-copy.flock -c 'cp -fpR /openwrt/src/build_dir/target-aarch64_cortex-a53_musl/ucode-2023-06-06-c7d84aae/.pkgdir/libucode/. /openwrt/src/staging_dir/target-aarch64_cortex-a53_musl/root-qualcommax/'
touch /openwrt/src/staging_dir/target-aarch64_cortex-a53_musl/root-qualcommax/stamp/.libucode_installed
echo "libucode" >> /openwrt/src/staging_dir/target-aarch64_cortex-a53_musl/pkginfo/ucode.default.install
mkdir -p /openwrt/src/staging_dir/target-aarch64_cortex-a53_musl/root-qualcommax/stamp
SHELL= flock /openwrt/src/tmp/.root-copy.flock -c 'cp -fpR /openwrt/src/build_dir/target-aarch64_cortex-a53_musl/ucode-2023-06-06-c7d84aae/.pkgdir/ucode/. /openwrt/src/staging_dir/target-aarch64_cortex-a53_musl/root-qualcommax/'
touch /openwrt/src/staging_dir/target-aarch64_cortex-a53_musl/root-qualcommax/stamp/.ucode_installed
echo "ucode" >> /openwrt/src/staging_dir/target-aarch64_cortex-a53_musl/pkginfo/ucode.default.install
mkdir -p /openwrt/src/staging_dir/target-aarch64_cortex-a53_musl/root-qualcommax/stamp
SHELL= flock /openwrt/src/tmp/.root-copy.flock -c 'cp -fpR /openwrt/src/build_dir/target-aarch64_cortex-a53_musl/ucode-2023-06-06-c7d84aae/.pkgdir/ucode-mod-fs/. /openwrt/src/staging_dir/target-aarch64_cortex-a53_musl/root-qualcommax/'
touch /openwrt/src/staging_dir/target-aarch64_cortex-a53_musl/root-qualcommax/stamp/.ucode-mod-fs_installed
echo "ucode-mod-fs" >> /openwrt/src/staging_dir/target-aarch64_cortex-a53_musl/pkginfo/ucode.default.install
mkdir -p /openwrt/src/staging_dir/target-aarch64_cortex-a53_musl/root-qualcommax/stamp
SHELL= flock /openwrt/src/tmp/.root-copy.flock -c 'cp -fpR /openwrt/src/build_dir/target-aarch64_cortex-a53_musl/ucode-2023-06-06-c7d84aae/.pkgdir/ucode-mod-math/. /openwrt/src/staging_dir/target-aarch64_cortex-a53_musl/root-qualcommax/'
touch /openwrt/src/staging_dir/target-aarch64_cortex-a53_musl/root-qualcommax/stamp/.ucode-mod-math_installed
echo "ucode-mod-math" >> /openwrt/src/staging_dir/target-aarch64_cortex-a53_musl/pkginfo/ucode.default.install
mkdir -p /openwrt/src/staging_dir/target-aarch64_cortex-a53_musl/root-qualcommax/stamp
SHELL= flock /openwrt/src/tmp/.root-copy.flock -c 'cp -fpR /openwrt/src/build_dir/target-aarch64_cortex-a53_musl/ucode-2023-06-06-c7d84aae/.pkgdir/ucode-mod-ubus/. /openwrt/src/staging_dir/target-aarch64_cortex-a53_musl/root-qualcommax/'
touch /openwrt/src/staging_dir/target-aarch64_cortex-a53_musl/root-qualcommax/stamp/.ucode-mod-ubus_installed
echo "ucode-mod-ubus" >> /openwrt/src/staging_dir/target-aarch64_cortex-a53_musl/pkginfo/ucode.default.install
mkdir -p /openwrt/src/staging_dir/target-aarch64_cortex-a53_musl/root-qualcommax/stamp
SHELL= flock /openwrt/src/tmp/.root-copy.flock -c 'cp -fpR /openwrt/src/build_dir/target-aarch64_cortex-a53_musl/ucode-2023-06-06-c7d84aae/.pkgdir/ucode-mod-uci/. /openwrt/src/staging_dir/target-aarch64_cortex-a53_musl/root-qualcommax/'
touch /openwrt/src/staging_dir/target-aarch64_cortex-a53_musl/root-qualcommax/stamp/.ucode-mod-uci_installed
echo "ucode-mod-uci" >> /openwrt/src/staging_dir/target-aarch64_cortex-a53_musl/pkginfo/ucode.default.install
make[3]: Leaving directory '/openwrt/src/package/utils/ucode'
time: package/utils/ucode/compile#0.01#0.00#0.26
make[3]: Entering directory '/openwrt/src/package/network/config/firewall4'
mkdir -p /openwrt/src/staging_dir/target-aarch64_cortex-a53_musl/root-qualcommax/stamp
SHELL= flock /openwrt/src/tmp/.root-copy.flock -c 'cp -fpR /openwrt/src/build_dir/target-aarch64_cortex-a53_musl/firewall4-2023-03-23-04a06bd7/.pkgdir/firewall4/. /openwrt/src/staging_dir/target-aarch64_cortex-a53_musl/root-qualcommax/'
touch /openwrt/src/staging_dir/target-aarch64_cortex-a53_musl/root-qualcommax/stamp/.firewall4_installed
echo "firewall4" >> /openwrt/src/staging_dir/target-aarch64_cortex-a53_musl/pkginfo/firewall4.default.install
make[3]: Leaving directory '/openwrt/src/package/network/config/firewall4'
time: package/network/config/firewall4/compile#0.01#0.00#0.15
make[3]: Entering directory '/openwrt/src/package/system/ca-certificates'
mkdir -p /openwrt/src/staging_dir/target-aarch64_cortex-a53_musl/root-qualcommax/stamp
SHELL= flock /openwrt/src/tmp/.root-copy.flock -c 'cp -fpR /openwrt/src/build_dir/target-aarch64_cortex-a53_musl/ca-certificates-20230311/.pkgdir/ca-bundle/. /openwrt/src/staging_dir/target-aarch64_cortex-a53_musl/root-qualcommax/'
touch /openwrt/src/staging_dir/target-aarch64_cortex-a53_musl/root-qualcommax/stamp/.ca-bundle_installed
echo "ca-bundle" >> /openwrt/src/staging_dir/target-aarch64_cortex-a53_musl/pkginfo/ca-certificates.default.install
make[3]: Leaving directory '/openwrt/src/package/system/ca-certificates'
time: package/system/ca-certificates/compile#0.01#0.00#0.15
make[3]: Entering directory '/openwrt/src/package/network/utils/iwinfo'
mkdir -p /openwrt/src/staging_dir/target-aarch64_cortex-a53_musl/root-qualcommax/stamp
echo '20230701' | cmp -s - /openwrt/src/staging_dir/target-aarch64_cortex-a53_musl/pkginfo/libiwinfo.version || { echo '20230701' > /openwrt/src/staging_dir/target-aarch64_cortex-a53_musl/pkginfo/libiwinfo.version;  } 
SHELL= flock /openwrt/src/tmp/.root-copy.flock -c 'cp -fpR /openwrt/src/build_dir/target-aarch64_cortex-a53_musl/libiwinfo-2023-07-01-ca79f641/.pkgdir/libiwinfo/. /openwrt/src/staging_dir/target-aarch64_cortex-a53_musl/root-qualcommax/'
touch /openwrt/src/staging_dir/target-aarch64_cortex-a53_musl/root-qualcommax/stamp/.libiwinfo_installed
echo "libiwinfo" >> /openwrt/src/staging_dir/target-aarch64_cortex-a53_musl/pkginfo/iwinfo.default.install
mkdir -p /openwrt/src/staging_dir/target-aarch64_cortex-a53_musl/root-qualcommax/stamp
SHELL= flock /openwrt/src/tmp/.root-copy.flock -c 'cp -fpR /openwrt/src/build_dir/target-aarch64_cortex-a53_musl/libiwinfo-2023-07-01-ca79f641/.pkgdir/libiwinfo-data/. /openwrt/src/staging_dir/target-aarch64_cortex-a53_musl/root-qualcommax/'
touch /openwrt/src/staging_dir/target-aarch64_cortex-a53_musl/root-qualcommax/stamp/.libiwinfo-data_installed
echo "libiwinfo-data" >> /openwrt/src/staging_dir/target-aarch64_cortex-a53_musl/pkginfo/iwinfo.default.install
mkdir -p /openwrt/src/staging_dir/target-aarch64_cortex-a53_musl/root-qualcommax/stamp
SHELL= flock /openwrt/src/tmp/.root-copy.flock -c 'cp -fpR /openwrt/src/build_dir/target-aarch64_cortex-a53_musl/libiwinfo-2023-07-01-ca79f641/.pkgdir/iwinfo/. /openwrt/src/staging_dir/target-aarch64_cortex-a53_musl/root-qualcommax/'
touch /openwrt/src/staging_dir/target-aarch64_cortex-a53_musl/root-qualcommax/stamp/.iwinfo_installed
echo "iwinfo" >> /openwrt/src/staging_dir/target-aarch64_cortex-a53_musl/pkginfo/iwinfo.default.install
make[3]: Leaving directory '/openwrt/src/package/network/utils/iwinfo'
time: package/network/utils/iwinfo/compile#0.01#0.00#0.18
make[3]: Entering directory '/openwrt/src/package/system/rpcd'
mkdir -p /openwrt/src/staging_dir/target-aarch64_cortex-a53_musl/root-qualcommax/stamp
SHELL= flock /openwrt/src/tmp/.root-copy.flock -c 'cp -fpR /openwrt/src/build_dir/target-aarch64_cortex-a53_musl/rpcd-2023-07-01-c07ab2f9/.pkgdir/rpcd/. /openwrt/src/staging_dir/target-aarch64_cortex-a53_musl/root-qualcommax/'
touch /openwrt/src/staging_dir/target-aarch64_cortex-a53_musl/root-qualcommax/stamp/.rpcd_installed
echo "rpcd" >> /openwrt/src/staging_dir/target-aarch64_cortex-a53_musl/pkginfo/rpcd.default.install
mkdir -p /openwrt/src/staging_dir/target-aarch64_cortex-a53_musl/root-qualcommax/stamp
SHELL= flock /openwrt/src/tmp/.root-copy.flock -c 'cp -fpR /openwrt/src/build_dir/target-aarch64_cortex-a53_musl/rpcd-2023-07-01-c07ab2f9/.pkgdir/rpcd-mod-file/. /openwrt/src/staging_dir/target-aarch64_cortex-a53_musl/root-qualcommax/'
touch /openwrt/src/staging_dir/target-aarch64_cortex-a53_musl/root-qualcommax/stamp/.rpcd-mod-file_installed
echo "rpcd-mod-file" >> /openwrt/src/staging_dir/target-aarch64_cortex-a53_musl/pkginfo/rpcd.default.install
mkdir -p /openwrt/src/staging_dir/target-aarch64_cortex-a53_musl/root-qualcommax/stamp
SHELL= flock /openwrt/src/tmp/.root-copy.flock -c 'cp -fpR /openwrt/src/build_dir/target-aarch64_cortex-a53_musl/rpcd-2023-07-01-c07ab2f9/.pkgdir/rpcd-mod-rpcsys/. /openwrt/src/staging_dir/target-aarch64_cortex-a53_musl/root-qualcommax/'
touch /openwrt/src/staging_dir/target-aarch64_cortex-a53_musl/root-qualcommax/stamp/.rpcd-mod-rpcsys_installed
echo "rpcd-mod-rpcsys" >> /openwrt/src/staging_dir/target-aarch64_cortex-a53_musl/pkginfo/rpcd.default.install
mkdir -p /openwrt/src/staging_dir/target-aarch64_cortex-a53_musl/root-qualcommax/stamp
SHELL= flock /openwrt/src/tmp/.root-copy.flock -c 'cp -fpR /openwrt/src/build_dir/target-aarch64_cortex-a53_musl/rpcd-2023-07-01-c07ab2f9/.pkgdir/rpcd-mod-iwinfo/. /openwrt/src/staging_dir/target-aarch64_cortex-a53_musl/root-qualcommax/'
touch /openwrt/src/staging_dir/target-aarch64_cortex-a53_musl/root-qualcommax/stamp/.rpcd-mod-iwinfo_installed
echo "rpcd-mod-iwinfo" >> /openwrt/src/staging_dir/target-aarch64_cortex-a53_musl/pkginfo/rpcd.default.install
mkdir -p /openwrt/src/staging_dir/target-aarch64_cortex-a53_musl/root-qualcommax/stamp
SHELL= flock /openwrt/src/tmp/.root-copy.flock -c 'cp -fpR /openwrt/src/build_dir/target-aarch64_cortex-a53_musl/rpcd-2023-07-01-c07ab2f9/.pkgdir/rpcd-mod-ucode/. /openwrt/src/staging_dir/target-aarch64_cortex-a53_musl/root-qualcommax/'
touch /openwrt/src/staging_dir/target-aarch64_cortex-a53_musl/root-qualcommax/stamp/.rpcd-mod-ucode_installed
echo "rpcd-mod-ucode" >> /openwrt/src/staging_dir/target-aarch64_cortex-a53_musl/pkginfo/rpcd.default.install
make[3]: Leaving directory '/openwrt/src/package/system/rpcd'
time: package/system/rpcd/compile#0.01#0.00#0.23
make[3]: Entering directory '/openwrt/src/feeds/packages/net/banip'
mkdir -p /openwrt/src/staging_dir/target-aarch64_cortex-a53_musl/root-qualcommax/stamp
SHELL= flock /openwrt/src/tmp/.root-copy.flock -c 'cp -fpR /openwrt/src/build_dir/target-aarch64_cortex-a53_musl/banip-0.9.0/.pkgdir/banip/. /openwrt/src/staging_dir/target-aarch64_cortex-a53_musl/root-qualcommax/'
touch /openwrt/src/staging_dir/target-aarch64_cortex-a53_musl/root-qualcommax/stamp/.banip_installed
echo "banip" >> /openwrt/src/staging_dir/target-aarch64_cortex-a53_musl/pkginfo/banip.default.install
make[3]: Leaving directory '/openwrt/src/feeds/packages/net/banip'
time: package/feeds/packages/banip/compile#0.01#0.00#0.14
make[3]: Entering directory '/openwrt/src/package/utils/lua'
make[3]: Leaving directory '/openwrt/src/package/utils/lua'
time: package/utils/lua/host-compile#0.01#0.00#0.15
make[3]: Entering directory '/openwrt/src/feeds/luci/contrib/package/csstidy'
make[3]: Leaving directory '/openwrt/src/feeds/luci/contrib/package/csstidy'
time: package/feeds/luci/csstidy/host-compile#0.01#0.00#0.15
make[3]: Entering directory '/openwrt/src/feeds/luci/applications/luci-app-banip'
mkdir -p /openwrt/src/staging_dir/target-aarch64_cortex-a53_musl/root-qualcommax/stamp
SHELL= flock /openwrt/src/tmp/.root-copy.flock -c 'cp -fpR /openwrt/src/build_dir/target-aarch64_cortex-a53_musl/luci-app-banip/.pkgdir/luci-app-banip/. /openwrt/src/staging_dir/target-aarch64_cortex-a53_musl/root-qualcommax/'
touch /openwrt/src/staging_dir/target-aarch64_cortex-a53_musl/root-qualcommax/stamp/.luci-app-banip_installed
echo "luci-app-banip" >> /openwrt/src/staging_dir/target-aarch64_cortex-a53_musl/pkginfo/luci-app-banip.default.install
make[3]: Leaving directory '/openwrt/src/feeds/luci/applications/luci-app-banip'
time: package/feeds/luci/luci-app-banip/compile#0.02#0.00#0.54
make[3]: Entering directory '/openwrt/src/feeds/luci/applications/luci-app-firewall'
mkdir -p /openwrt/src/staging_dir/target-aarch64_cortex-a53_musl/root-qualcommax/stamp
SHELL= flock /openwrt/src/tmp/.root-copy.flock -c 'cp -fpR /openwrt/src/build_dir/target-aarch64_cortex-a53_musl/luci-app-firewall/.pkgdir/luci-app-firewall/. /openwrt/src/staging_dir/target-aarch64_cortex-a53_musl/root-qualcommax/'
touch /openwrt/src/staging_dir/target-aarch64_cortex-a53_musl/root-qualcommax/stamp/.luci-app-firewall_installed
echo "luci-app-firewall" >> /openwrt/src/staging_dir/target-aarch64_cortex-a53_musl/pkginfo/luci-app-firewall.default.install
make[3]: Leaving directory '/openwrt/src/feeds/luci/applications/luci-app-firewall'
time: package/feeds/luci/luci-app-firewall/compile#0.02#0.00#0.45
make[3]: Entering directory '/openwrt/src/package/libs/openssl'
Package/openssl/add-module 1='provider'; 2='legacy'; 3='/usr/lib/ossl-modules' 4=''
MOD_TYPE='provider'; MOD_NAME='legacy'; MOD_DIR='/usr/lib/ossl-modules' OSSL_PKG='libopenssl-legacy'
Package/openssl/add-module 1='engine'; 2='afalg'; 3='/usr/lib/engines-3' 4=''
MOD_TYPE='engine'; MOD_NAME='afalg'; MOD_DIR='/usr/lib/engines-3' OSSL_PKG='libopenssl-afalg'
Package/openssl/add-module 1='engine'; 2='devcrypto'; 3='/usr/lib/engines-3' 4=''
MOD_TYPE='engine'; MOD_NAME='devcrypto'; MOD_DIR='/usr/lib/engines-3' OSSL_PKG='libopenssl-devcrypto'
Package/openssl/add-module 1='engine'; 2='padlock'; 3='/usr/lib/engines-3' 4=''
MOD_TYPE='engine'; MOD_NAME='padlock'; MOD_DIR='/usr/lib/engines-3' OSSL_PKG='libopenssl-padlock'
mkdir -p /openwrt/src/staging_dir/target-aarch64_cortex-a53_musl/root-qualcommax/stamp
echo '3' | cmp -s - /openwrt/src/staging_dir/target-aarch64_cortex-a53_musl/pkginfo/libopenssl.version || { echo '3' > /openwrt/src/staging_dir/target-aarch64_cortex-a53_musl/pkginfo/libopenssl.version;  } 
SHELL= flock /openwrt/src/tmp/.root-copy.flock -c 'cp -fpR /openwrt/src/build_dir/target-aarch64_cortex-a53_musl/openssl-3.0.9/.pkgdir/libopenssl/. /openwrt/src/staging_dir/target-aarch64_cortex-a53_musl/root-qualcommax/'
touch /openwrt/src/staging_dir/target-aarch64_cortex-a53_musl/root-qualcommax/stamp/.libopenssl_installed
echo "libopenssl" >> /openwrt/src/staging_dir/target-aarch64_cortex-a53_musl/pkginfo/openssl.default.install
mkdir -p /openwrt/src/staging_dir/target-aarch64_cortex-a53_musl/root-qualcommax/stamp
SHELL= flock /openwrt/src/tmp/.root-copy.flock -c 'cp -fpR /openwrt/src/build_dir/target-aarch64_cortex-a53_musl/openssl-3.0.9/.pkgdir/libopenssl-conf/. /openwrt/src/staging_dir/target-aarch64_cortex-a53_musl/root-qualcommax/'
touch /openwrt/src/staging_dir/target-aarch64_cortex-a53_musl/root-qualcommax/stamp/.libopenssl-conf_installed
echo "libopenssl-conf" >> /openwrt/src/staging_dir/target-aarch64_cortex-a53_musl/pkginfo/openssl.default.install
mkdir -p /openwrt/src/staging_dir/target-aarch64_cortex-a53_musl/root-qualcommax/stamp
SHELL= flock /openwrt/src/tmp/.root-copy.flock -c 'cp -fpR /openwrt/src/build_dir/target-aarch64_cortex-a53_musl/openssl-3.0.9/.pkgdir/openssl-util/. /openwrt/src/staging_dir/target-aarch64_cortex-a53_musl/root-qualcommax/'
touch /openwrt/src/staging_dir/target-aarch64_cortex-a53_musl/root-qualcommax/stamp/.openssl-util_installed
echo "openssl-util" >> /openwrt/src/staging_dir/target-aarch64_cortex-a53_musl/pkginfo/openssl.default.install
make[3]: Leaving directory '/openwrt/src/package/libs/openssl'
time: package/libs/openssl/compile#0.05#0.01#0.35
make[3]: Entering directory '/openwrt/src/package/libs/ustream-ssl'
mkdir -p /openwrt/src/staging_dir/target-aarch64_cortex-a53_musl/root-qualcommax/stamp
echo '20201210' | cmp -s - /openwrt/src/staging_dir/target-aarch64_cortex-a53_musl/pkginfo/libustream-openssl.version || { echo '20201210' > /openwrt/src/staging_dir/target-aarch64_cortex-a53_musl/pkginfo/libustream-openssl.version;  } 
SHELL= flock /openwrt/src/tmp/.root-copy.flock -c 'cp -fpR /openwrt/src/build_dir/target-aarch64_cortex-a53_musl/ustream-ssl-openssl/ustream-ssl-2023-02-25-498f6e26/.pkgdir/libustream-openssl/. /openwrt/src/staging_dir/target-aarch64_cortex-a53_musl/root-qualcommax/'
touch /openwrt/src/staging_dir/target-aarch64_cortex-a53_musl/root-qualcommax/stamp/.libustream-openssl_installed
echo "libustream-openssl" >> /openwrt/src/staging_dir/target-aarch64_cortex-a53_musl/pkginfo/ustream-ssl.openssl.install
make[3]: Leaving directory '/openwrt/src/package/libs/ustream-ssl'
time: package/libs/ustream-ssl/openssl/compile#0.01#0.00#0.19
make[3]: Entering directory '/openwrt/src/package/libs/uclient'
mkdir -p /openwrt/src/staging_dir/target-aarch64_cortex-a53_musl/root-qualcommax/stamp
echo '20201210' | cmp -s - /openwrt/src/staging_dir/target-aarch64_cortex-a53_musl/pkginfo/libuclient.version || { echo '20201210' > /openwrt/src/staging_dir/target-aarch64_cortex-a53_musl/pkginfo/libuclient.version;  } 
SHELL= flock /openwrt/src/tmp/.root-copy.flock -c 'cp -fpR /openwrt/src/build_dir/target-aarch64_cortex-a53_musl/uclient-2023-04-13-007d9454/.pkgdir/libuclient/. /openwrt/src/staging_dir/target-aarch64_cortex-a53_musl/root-qualcommax/'
touch /openwrt/src/staging_dir/target-aarch64_cortex-a53_musl/root-qualcommax/stamp/.libuclient_installed
echo "libuclient" >> /openwrt/src/staging_dir/target-aarch64_cortex-a53_musl/pkginfo/uclient.default.install
mkdir -p /openwrt/src/staging_dir/target-aarch64_cortex-a53_musl/root-qualcommax/stamp
SHELL= flock /openwrt/src/tmp/.root-copy.flock -c 'cp -fpR /openwrt/src/build_dir/target-aarch64_cortex-a53_musl/uclient-2023-04-13-007d9454/.pkgdir/uclient-fetch/. /openwrt/src/staging_dir/target-aarch64_cortex-a53_musl/root-qualcommax/'
touch /openwrt/src/staging_dir/target-aarch64_cortex-a53_musl/root-qualcommax/stamp/.uclient-fetch_installed
echo "uclient-fetch" >> /openwrt/src/staging_dir/target-aarch64_cortex-a53_musl/pkginfo/uclient.default.install
make[3]: Leaving directory '/openwrt/src/package/libs/uclient'
time: package/libs/uclient/compile#0.01#0.00#0.22
make[3]: Entering directory '/openwrt/src/package/system/opkg'
mkdir -p /openwrt/src/staging_dir/target-aarch64_cortex-a53_musl/root-qualcommax/stamp
SHELL= flock /openwrt/src/tmp/.root-copy.flock -c 'cp -fpR /openwrt/src/build_dir/target-aarch64_cortex-a53_musl/linux-qualcommax_ipq807x/opkg-2022-02-24-d038e5b6/.pkgdir/opkg/. /openwrt/src/staging_dir/target-aarch64_cortex-a53_musl/root-qualcommax/'
touch /openwrt/src/staging_dir/target-aarch64_cortex-a53_musl/root-qualcommax/stamp/.opkg_installed
echo "opkg" >> /openwrt/src/staging_dir/target-aarch64_cortex-a53_musl/pkginfo/opkg.default.install
make[3]: Leaving directory '/openwrt/src/package/system/opkg'
time: package/system/opkg/compile#0.01#0.00#0.31
make[3]: Entering directory '/openwrt/src/feeds/luci/applications/luci-app-opkg'
mkdir -p /openwrt/src/staging_dir/target-aarch64_cortex-a53_musl/root-qualcommax/stamp
SHELL= flock /openwrt/src/tmp/.root-copy.flock -c 'cp -fpR /openwrt/src/build_dir/target-aarch64_cortex-a53_musl/luci-app-opkg/.pkgdir/luci-app-opkg/. /openwrt/src/staging_dir/target-aarch64_cortex-a53_musl/root-qualcommax/'
touch /openwrt/src/staging_dir/target-aarch64_cortex-a53_musl/root-qualcommax/stamp/.luci-app-opkg_installed
echo "luci-app-opkg" >> /openwrt/src/staging_dir/target-aarch64_cortex-a53_musl/pkginfo/luci-app-opkg.default.install
make[3]: Leaving directory '/openwrt/src/feeds/luci/applications/luci-app-opkg'
time: package/feeds/luci/luci-app-opkg/compile#0.02#0.00#0.55
make[3]: Entering directory '/openwrt/src/feeds/luci/contrib/package/lucihttp'
mkdir -p /openwrt/src/staging_dir/target-aarch64_cortex-a53_musl/root-qualcommax/stamp
echo '0' | cmp -s - /openwrt/src/staging_dir/target-aarch64_cortex-a53_musl/pkginfo/liblucihttp.version || { echo '0' > /openwrt/src/staging_dir/target-aarch64_cortex-a53_musl/pkginfo/liblucihttp.version;  } 
SHELL= flock /openwrt/src/tmp/.root-copy.flock -c 'cp -fpR /openwrt/src/build_dir/target-aarch64_cortex-a53_musl/lucihttp-2023-03-15-9b5b683f/.pkgdir/liblucihttp/. /openwrt/src/staging_dir/target-aarch64_cortex-a53_musl/root-qualcommax/'
touch /openwrt/src/staging_dir/target-aarch64_cortex-a53_musl/root-qualcommax/stamp/.liblucihttp_installed
echo "liblucihttp" >> /openwrt/src/staging_dir/target-aarch64_cortex-a53_musl/pkginfo/lucihttp.default.install
mkdir -p /openwrt/src/staging_dir/target-aarch64_cortex-a53_musl/root-qualcommax/stamp
SHELL= flock /openwrt/src/tmp/.root-copy.flock -c 'cp -fpR /openwrt/src/build_dir/target-aarch64_cortex-a53_musl/lucihttp-2023-03-15-9b5b683f/.pkgdir/liblucihttp-lua/. /openwrt/src/staging_dir/target-aarch64_cortex-a53_musl/root-qualcommax/'
touch /openwrt/src/staging_dir/target-aarch64_cortex-a53_musl/root-qualcommax/stamp/.liblucihttp-lua_installed
echo "liblucihttp-lua" >> /openwrt/src/staging_dir/target-aarch64_cortex-a53_musl/pkginfo/lucihttp.default.install
mkdir -p /openwrt/src/staging_dir/target-aarch64_cortex-a53_musl/root-qualcommax/stamp
SHELL= flock /openwrt/src/tmp/.root-copy.flock -c 'cp -fpR /openwrt/src/build_dir/target-aarch64_cortex-a53_musl/lucihttp-2023-03-15-9b5b683f/.pkgdir/liblucihttp-ucode/. /openwrt/src/staging_dir/target-aarch64_cortex-a53_musl/root-qualcommax/'
touch /openwrt/src/staging_dir/target-aarch64_cortex-a53_musl/root-qualcommax/stamp/.liblucihttp-ucode_installed
echo "liblucihttp-ucode" >> /openwrt/src/staging_dir/target-aarch64_cortex-a53_musl/pkginfo/lucihttp.default.install
make[3]: Leaving directory '/openwrt/src/feeds/luci/contrib/package/lucihttp'
time: package/feeds/luci/lucihttp/compile#0.01#0.00#0.19
make[3]: Entering directory '/openwrt/src/feeds/luci/libs/rpcd-mod-luci'
mkdir -p /openwrt/src/staging_dir/target-aarch64_cortex-a53_musl/root-qualcommax/stamp
SHELL= flock /openwrt/src/tmp/.root-copy.flock -c 'cp -fpR /openwrt/src/build_dir/target-aarch64_cortex-a53_musl/rpcd-mod-luci-20230123/.pkgdir/rpcd-mod-luci/. /openwrt/src/staging_dir/target-aarch64_cortex-a53_musl/root-qualcommax/'
touch /openwrt/src/staging_dir/target-aarch64_cortex-a53_musl/root-qualcommax/stamp/.rpcd-mod-luci_installed
echo "rpcd-mod-luci" >> /openwrt/src/staging_dir/target-aarch64_cortex-a53_musl/pkginfo/rpcd-mod-luci.default.install
make[3]: Leaving directory '/openwrt/src/feeds/luci/libs/rpcd-mod-luci'
time: package/feeds/luci/rpcd-mod-luci/compile#0.01#0.00#0.15
make[3]: Entering directory '/openwrt/src/feeds/luci/contrib/package/ucode-mod-html'
mkdir -p /openwrt/src/staging_dir/target-aarch64_cortex-a53_musl/root-qualcommax/stamp
SHELL= flock /openwrt/src/tmp/.root-copy.flock -c 'cp -fpR /openwrt/src/build_dir/target-aarch64_cortex-a53_musl/ucode-mod-html/.pkgdir/ucode-mod-html/. /openwrt/src/staging_dir/target-aarch64_cortex-a53_musl/root-qualcommax/'
touch /openwrt/src/staging_dir/target-aarch64_cortex-a53_musl/root-qualcommax/stamp/.ucode-mod-html_installed
echo "ucode-mod-html" >> /openwrt/src/staging_dir/target-aarch64_cortex-a53_musl/pkginfo/ucode-mod-html.default.install
make[3]: Leaving directory '/openwrt/src/feeds/luci/contrib/package/ucode-mod-html'
time: package/feeds/luci/ucode-mod-html/compile#0.01#0.00#0.15
make[3]: Entering directory '/openwrt/src/feeds/packages/net/cgi-io'
mkdir -p /openwrt/src/staging_dir/target-aarch64_cortex-a53_musl/root-qualcommax/stamp
SHELL= flock /openwrt/src/tmp/.root-copy.flock -c 'cp -fpR /openwrt/src/build_dir/target-aarch64_cortex-a53_musl/cgi-io-2022-08-10-901b0f04/.pkgdir/cgi-io/. /openwrt/src/staging_dir/target-aarch64_cortex-a53_musl/root-qualcommax/'
touch /openwrt/src/staging_dir/target-aarch64_cortex-a53_musl/root-qualcommax/stamp/.cgi-io_installed
echo "cgi-io" >> /openwrt/src/staging_dir/target-aarch64_cortex-a53_musl/pkginfo/cgi-io.default.install
make[3]: Leaving directory '/openwrt/src/feeds/packages/net/cgi-io'
time: package/feeds/packages/cgi-io/compile#0.01#0.00#0.16
make[3]: Entering directory '/openwrt/src/feeds/luci/modules/luci-base'
touch /openwrt/src/build_dir/target-aarch64_cortex-a53_musl/luci-base/.prepared_ccb7559f8cd2d8a3400d301e245419bc_6664517399ebbbc92a37c5bb081b5c53_check
for d in luasrc ucode htdocs root src; do if [ -d ./$d ]; then mkdir -p /openwrt/src/build_dir/target-aarch64_cortex-a53_musl/luci-base/$d; cp -fpR ./$d/* /openwrt/src/build_dir/target-aarch64_cortex-a53_musl/luci-base/$d/; fi; done
true
[ ! -d ./src/ ] || cp -fpR ./src/. /openwrt/src/build_dir/target-aarch64_cortex-a53_musl/luci-base
touch /openwrt/src/build_dir/target-aarch64_cortex-a53_musl/luci-base/.prepared_ccb7559f8cd2d8a3400d301e245419bc_6664517399ebbbc92a37c5bb081b5c53
rm -f /openwrt/src/build_dir/target-aarch64_cortex-a53_musl/luci-base/.configured_*
rm -f /openwrt/src/staging_dir/target-aarch64_cortex-a53_musl/stamp/.luci-base_installed
touch /openwrt/src/build_dir/target-aarch64_cortex-a53_musl/luci-base/.configured_811dc2f0ccfbe4b68a068320f8578dbe
rm -f /openwrt/src/build_dir/target-aarch64_cortex-a53_musl/luci-base/.built
touch /openwrt/src/build_dir/target-aarch64_cortex-a53_musl/luci-base/.built_check
CFLAGS="-O2 -pipe -mcpu=cortex-a53 -fno-caller-saves -fno-plt -fhonour-copts -fmacro-prefix-map=/openwrt/src/build_dir/target-aarch64_cortex-a53_musl/luci-base=luci-base -Wformat -Werror=format-security -fstack-protector -D_FORTIFY_SOURCE=1 -Wl,-z,now -Wl,-z,relro  -I/openwrt/src/staging_dir/toolchain-aarch64_cortex-a53_gcc-12.3.0_musl/usr/include -I/openwrt/src/staging_dir/toolchain-aarch64_cortex-a53_gcc-12.3.0_musl/include/fortify -I/openwrt/src/staging_dir/toolchain-aarch64_cortex-a53_gcc-12.3.0_musl/include " CXXFLAGS="-O2 -pipe -mcpu=cortex-a53 -fno-caller-saves -fno-plt -fhonour-copts -fmacro-prefix-map=/openwrt/src/build_dir/target-aarch64_cortex-a53_musl/luci-base=luci-base -Wformat -Werror=format-security -fstack-protector -D_FORTIFY_SOURCE=1 -Wl,-z,now -Wl,-z,relro  -I/openwrt/src/staging_dir/toolchain-aarch64_cortex-a53_gcc-12.3.0_musl/usr/include -I/openwrt/src/staging_dir/toolchain-aarch64_cortex-a53_gcc-12.3.0_musl/include/fortify -I/openwrt/src/staging_dir/toolchain-aarch64_cortex-a53_gcc-12.3.0_musl/include " LDFLAGS="-L/openwrt/src/staging_dir/toolchain-aarch64_cortex-a53_gcc-12.3.0_musl/usr/lib -L/openwrt/src/staging_dir/toolchain-aarch64_cortex-a53_gcc-12.3.0_musl/lib -fuse-ld=bfd -znow -zrelro " FPIC="-DPIC -fPIC" LUCI_VERSION="git-23.206.44643-5d5cf55" LUCI_GITBRANCH="LuCI Master" make -j1 -C /openwrt/src/build_dir/target-aarch64_cortex-a53_musl/luci-base/src/ AR="aarch64-openwrt-linux-musl-gcc-ar" AS="aarch64-openwrt-linux-musl-gcc -c -O2 -pipe -mcpu=cortex-a53 -fno-caller-saves -fno-plt -fhonour-copts -fmacro-prefix-map=/openwrt/src/build_dir/target-aarch64_cortex-a53_musl/luci-base=luci-base -Wformat -Werror=format-security -fstack-protector -D_FORTIFY_SOURCE=1 -Wl,-z,now -Wl,-z,relro" LD="aarch64-openwrt-linux-musl-ld.bfd" NM="aarch64-openwrt-linux-musl-gcc-nm" CC="aarch64-openwrt-linux-musl-gcc" GCC="aarch64-openwrt-linux-musl-gcc" CXX="aarch64-openwrt-linux-musl-g++" RANLIB="aarch64-openwrt-linux-musl-gcc-ranlib" STRIP=aarch64-openwrt-linux-musl-strip OBJCOPY=aarch64-openwrt-linux-musl-objcopy OBJDUMP=aarch64-openwrt-linux-musl-objdump SIZE=aarch64-openwrt-linux-musl-size CROSS="aarch64-openwrt-linux-musl-" ARCH="aarch64" clean compile;
make[4]: Entering directory '/openwrt/src/build_dir/target-aarch64_cortex-a53_musl/luci-base/src'
rm -f contrib/lemon lib/*.o lib/plural_formula.c lib/plural_formula.h core.so version.uc
aarch64-openwrt-linux-musl-gcc  -O2 -pipe -mcpu=cortex-a53 -fno-caller-saves -fno-plt -fhonour-copts -fmacro-prefix-map=/openwrt/src/build_dir/target-aarch64_cortex-a53_musl/luci-base=luci-base -Wformat -Werror=format-security -fstack-protector -D_FORTIFY_SOURCE=1 -Wl,-z,now -Wl,-z,relro  -I/openwrt/src/staging_dir/toolchain-aarch64_cortex-a53_gcc-12.3.0_musl/usr/include -I/openwrt/src/staging_dir/toolchain-aarch64_cortex-a53_gcc-12.3.0_musl/include/fortify -I/openwrt/src/staging_dir/toolchain-aarch64_cortex-a53_gcc-12.3.0_musl/include  -DPIC -fPIC -DNDEBUG -c -o lib/luci.o lib/luci.c
cc -o contrib/lemon contrib/lemon.c
./contrib/lemon -q lib/plural_formula.y
aarch64-openwrt-linux-musl-gcc  -O2 -pipe -mcpu=cortex-a53 -fno-caller-saves -fno-plt -fhonour-copts -fmacro-prefix-map=/openwrt/src/build_dir/target-aarch64_cortex-a53_musl/luci-base=luci-base -Wformat -Werror=format-security -fstack-protector -D_FORTIFY_SOURCE=1 -Wl,-z,now -Wl,-z,relro  -I/openwrt/src/staging_dir/toolchain-aarch64_cortex-a53_gcc-12.3.0_musl/usr/include -I/openwrt/src/staging_dir/toolchain-aarch64_cortex-a53_gcc-12.3.0_musl/include/fortify -I/openwrt/src/staging_dir/toolchain-aarch64_cortex-a53_gcc-12.3.0_musl/include  -DPIC -fPIC -DNDEBUG -c -o lib/lmo.o lib/lmo.c
aarch64-openwrt-linux-musl-gcc  -O2 -pipe -mcpu=cortex-a53 -fno-caller-saves -fno-plt -fhonour-copts -fmacro-prefix-map=/openwrt/src/build_dir/target-aarch64_cortex-a53_musl/luci-base=luci-base -Wformat -Werror=format-security -fstack-protector -D_FORTIFY_SOURCE=1 -Wl,-z,now -Wl,-z,relro  -I/openwrt/src/staging_dir/toolchain-aarch64_cortex-a53_gcc-12.3.0_musl/usr/include -I/openwrt/src/staging_dir/toolchain-aarch64_cortex-a53_gcc-12.3.0_musl/include/fortify -I/openwrt/src/staging_dir/toolchain-aarch64_cortex-a53_gcc-12.3.0_musl/include  -DPIC -fPIC -DNDEBUG -c -o lib/plural_formula.o lib/plural_formula.c
aarch64-openwrt-linux-musl-gcc -L/openwrt/src/staging_dir/toolchain-aarch64_cortex-a53_gcc-12.3.0_musl/usr/lib -L/openwrt/src/staging_dir/toolchain-aarch64_cortex-a53_gcc-12.3.0_musl/lib -fuse-ld=bfd -znow -zrelro  -shared -lcrypt -o core.so lib/luci.o lib/lmo.o lib/plural_formula.o
echo "export const revision = 'git-23.206.44643-5d5cf55', branch = 'LuCI Master';" > version.uc
make[4]: Leaving directory '/openwrt/src/build_dir/target-aarch64_cortex-a53_musl/luci-base/src'
CFLAGS="-O2 -pipe -mcpu=cortex-a53 -fno-caller-saves -fno-plt -fhonour-copts -fmacro-prefix-map=/openwrt/src/build_dir/target-aarch64_cortex-a53_musl/luci-base=luci-base -Wformat -Werror=format-security -fstack-protector -D_FORTIFY_SOURCE=1 -Wl,-z,now -Wl,-z,relro  -I/openwrt/src/staging_dir/toolchain-aarch64_cortex-a53_gcc-12.3.0_musl/usr/include -I/openwrt/src/staging_dir/toolchain-aarch64_cortex-a53_gcc-12.3.0_musl/include/fortify -I/openwrt/src/staging_dir/toolchain-aarch64_cortex-a53_gcc-12.3.0_musl/include " CXXFLAGS="-O2 -pipe -mcpu=cortex-a53 -fno-caller-saves -fno-plt -fhonour-copts -fmacro-prefix-map=/openwrt/src/build_dir/target-aarch64_cortex-a53_musl/luci-base=luci-base -Wformat -Werror=format-security -fstack-protector -D_FORTIFY_SOURCE=1 -Wl,-z,now -Wl,-z,relro  -I/openwrt/src/staging_dir/toolchain-aarch64_cortex-a53_gcc-12.3.0_musl/usr/include -I/openwrt/src/staging_dir/toolchain-aarch64_cortex-a53_gcc-12.3.0_musl/include/fortify -I/openwrt/src/staging_dir/toolchain-aarch64_cortex-a53_gcc-12.3.0_musl/include " LDFLAGS="-L/openwrt/src/staging_dir/toolchain-aarch64_cortex-a53_gcc-12.3.0_musl/usr/lib -L/openwrt/src/staging_dir/toolchain-aarch64_cortex-a53_gcc-12.3.0_musl/lib -fuse-ld=bfd -znow -zrelro " FPIC="-DPIC -fPIC" LUCI_VERSION="git-23.206.44643-5d5cf55" LUCI_GITBRANCH="LuCI Master" make -C /openwrt/src/build_dir/target-aarch64_cortex-a53_musl/luci-base/src/ AR="aarch64-openwrt-linux-musl-gcc-ar" AS="aarch64-openwrt-linux-musl-gcc -c -O2 -pipe -mcpu=cortex-a53 -fno-caller-saves -fno-plt -fhonour-copts -fmacro-prefix-map=/openwrt/src/build_dir/target-aarch64_cortex-a53_musl/luci-base=luci-base -Wformat -Werror=format-security -fstack-protector -D_FORTIFY_SOURCE=1 -Wl,-z,now -Wl,-z,relro" LD="aarch64-openwrt-linux-musl-ld.bfd" NM="aarch64-openwrt-linux-musl-gcc-nm" CC="aarch64-openwrt-linux-musl-gcc" GCC="aarch64-openwrt-linux-musl-gcc" CXX="aarch64-openwrt-linux-musl-g++" RANLIB="aarch64-openwrt-linux-musl-gcc-ranlib" STRIP=aarch64-openwrt-linux-musl-strip OBJCOPY=aarch64-openwrt-linux-musl-objcopy OBJDUMP=aarch64-openwrt-linux-musl-objdump SIZE=aarch64-openwrt-linux-musl-size CROSS="aarch64-openwrt-linux-musl-" ARCH="aarch64" DESTDIR="/openwrt/src/build_dir/target-aarch64_cortex-a53_musl/luci-base/ipkg-install"  install;
make[4]: Entering directory '/openwrt/src/build_dir/target-aarch64_cortex-a53_musl/luci-base/src'
mkdir -p /openwrt/src/build_dir/target-aarch64_cortex-a53_musl/luci-base/ipkg-install/usr/lib/ucode/luci
cp core.so /openwrt/src/build_dir/target-aarch64_cortex-a53_musl/luci-base/ipkg-install/usr/lib/ucode/luci/core.so
mkdir -p /openwrt/src/build_dir/target-aarch64_cortex-a53_musl/luci-base/ipkg-install/usr/share/ucode/luci
cp version.uc /openwrt/src/build_dir/target-aarch64_cortex-a53_musl/luci-base/ipkg-install/usr/share/ucode/luci/version.uc
make[4]: Leaving directory '/openwrt/src/build_dir/target-aarch64_cortex-a53_musl/luci-base/src'
touch /openwrt/src/build_dir/target-aarch64_cortex-a53_musl/luci-base/.built
rm -rf /openwrt/src/build_dir/target-aarch64_cortex-a53_musl/luci-base/.pkgdir/luci-base.installed /openwrt/src/build_dir/target-aarch64_cortex-a53_musl/luci-base/.pkgdir/luci-base
mkdir -p /openwrt/src/build_dir/target-aarch64_cortex-a53_musl/luci-base/.pkgdir/luci-base
install -d -m0755 /openwrt/src/build_dir/target-aarch64_cortex-a53_musl/luci-base/.pkgdir/luci-base/usr/share/ucode/luci
cp -pR /openwrt/src/build_dir/target-aarch64_cortex-a53_musl/luci-base/ucode/* /openwrt/src/build_dir/target-aarch64_cortex-a53_musl/luci-base/.pkgdir/luci-base/usr/share/ucode/luci/
find /openwrt/src/build_dir/target-aarch64_cortex-a53_musl/luci-base/.pkgdir/luci-base/usr/share/ucode/luci/ -type f -name '*.htm' | while read src; do /openwrt/src/staging_dir/host/bin/sed -i -e 's/<%# *\([^ ]*\)PKG_VERSION *%>/\1git-23.206.44643-5d5cf55/g' -e 's/"\(<%= *\(media\|resource\) *%>[^"]*\.\(js\|css\)\)"/"\1?v=git-23.206.44643-5d5cf55"/g' "$src"; done; find /openwrt/src/build_dir/target-aarch64_cortex-a53_musl/luci-base/.pkgdir/luci-base/usr/share/ucode/luci/ -type f -name '*.ut' | while read src; do /openwrt/src/staging_dir/host/bin/sed -i -e 's/{# *\([^ ]*\)PKG_VERSION *#}/\1git-23.206.44643-5d5cf55/g' -e 's/"\({{ *\(media\|resource\) *}}[^"]*\.\(js\|css\)\)"/"\1?v=git-23.206.44643-5d5cf55"/g' "$src"; done
install -d -m0755 /openwrt/src/build_dir/target-aarch64_cortex-a53_musl/luci-base/.pkgdir/luci-base/www
cp -pR /openwrt/src/build_dir/target-aarch64_cortex-a53_musl/luci-base/htdocs/* /openwrt/src/build_dir/target-aarch64_cortex-a53_musl/luci-base/.pkgdir/luci-base/www/
find /openwrt/src/build_dir/target-aarch64_cortex-a53_musl/luci-base/.pkgdir/luci-base/www/ -type f -name '*.js' | while read src; do if jsmin < "$src" > "$src.o"; then mv "$src.o" "$src"; fi; done
find /openwrt/src/build_dir/target-aarch64_cortex-a53_musl/luci-base/.pkgdir/luci-base/www/ -type f -name '*.css' | while read src; do if csstidy "$src" --template=highest --remove_last_semicolon=true "$src.o"; then mv "$src.o" "$src"; fi; done
install -d -m0755 /openwrt/src/build_dir/target-aarch64_cortex-a53_musl/luci-base/.pkgdir/luci-base/
cp -pR /openwrt/src/build_dir/target-aarch64_cortex-a53_musl/luci-base/root/* /openwrt/src/build_dir/target-aarch64_cortex-a53_musl/luci-base/.pkgdir/luci-base/
CFLAGS="-O2 -pipe -mcpu=cortex-a53 -fno-caller-saves -fno-plt -fhonour-copts -fmacro-prefix-map=/openwrt/src/build_dir/target-aarch64_cortex-a53_musl/luci-base=luci-base -Wformat -Werror=format-security -fstack-protector -D_FORTIFY_SOURCE=1 -Wl,-z,now -Wl,-z,relro  -I/openwrt/src/staging_dir/toolchain-aarch64_cortex-a53_gcc-12.3.0_musl/usr/include -I/openwrt/src/staging_dir/toolchain-aarch64_cortex-a53_gcc-12.3.0_musl/include/fortify -I/openwrt/src/staging_dir/toolchain-aarch64_cortex-a53_gcc-12.3.0_musl/include " CXXFLAGS="-O2 -pipe -mcpu=cortex-a53 -fno-caller-saves -fno-plt -fhonour-copts -fmacro-prefix-map=/openwrt/src/build_dir/target-aarch64_cortex-a53_musl/luci-base=luci-base -Wformat -Werror=format-security -fstack-protector -D_FORTIFY_SOURCE=1 -Wl,-z,now -Wl,-z,relro  -I/openwrt/src/staging_dir/toolchain-aarch64_cortex-a53_gcc-12.3.0_musl/usr/include -I/openwrt/src/staging_dir/toolchain-aarch64_cortex-a53_gcc-12.3.0_musl/include/fortify -I/openwrt/src/staging_dir/toolchain-aarch64_cortex-a53_gcc-12.3.0_musl/include " LDFLAGS="-L/openwrt/src/staging_dir/toolchain-aarch64_cortex-a53_gcc-12.3.0_musl/usr/lib -L/openwrt/src/staging_dir/toolchain-aarch64_cortex-a53_gcc-12.3.0_musl/lib -fuse-ld=bfd -znow -zrelro " FPIC="-DPIC -fPIC" LUCI_VERSION="git-23.206.44643-5d5cf55" LUCI_GITBRANCH="LuCI Master" make -C /openwrt/src/build_dir/target-aarch64_cortex-a53_musl/luci-base/src/ AR="aarch64-openwrt-linux-musl-gcc-ar" AS="aarch64-openwrt-linux-musl-gcc -c -O2 -pipe -mcpu=cortex-a53 -fno-caller-saves -fno-plt -fhonour-copts -fmacro-prefix-map=/openwrt/src/build_dir/target-aarch64_cortex-a53_musl/luci-base=luci-base -Wformat -Werror=format-security -fstack-protector -D_FORTIFY_SOURCE=1 -Wl,-z,now -Wl,-z,relro" LD="aarch64-openwrt-linux-musl-ld.bfd" NM="aarch64-openwrt-linux-musl-gcc-nm" CC="aarch64-openwrt-linux-musl-gcc" GCC="aarch64-openwrt-linux-musl-gcc" CXX="aarch64-openwrt-linux-musl-g++" RANLIB="aarch64-openwrt-linux-musl-gcc-ranlib" STRIP=aarch64-openwrt-linux-musl-strip OBJCOPY=aarch64-openwrt-linux-musl-objcopy OBJDUMP=aarch64-openwrt-linux-musl-objdump SIZE=aarch64-openwrt-linux-musl-size CROSS="aarch64-openwrt-linux-musl-" ARCH="aarch64" DESTDIR="/openwrt/src/build_dir/target-aarch64_cortex-a53_musl/luci-base/ipkg-install"  install;
make[4]: Entering directory '/openwrt/src/build_dir/target-aarch64_cortex-a53_musl/luci-base/src'
mkdir -p /openwrt/src/build_dir/target-aarch64_cortex-a53_musl/luci-base/ipkg-install/usr/lib/ucode/luci
cp core.so /openwrt/src/build_dir/target-aarch64_cortex-a53_musl/luci-base/ipkg-install/usr/lib/ucode/luci/core.so
mkdir -p /openwrt/src/build_dir/target-aarch64_cortex-a53_musl/luci-base/ipkg-install/usr/share/ucode/luci
cp version.uc /openwrt/src/build_dir/target-aarch64_cortex-a53_musl/luci-base/ipkg-install/usr/share/ucode/luci/version.uc
make[4]: Leaving directory '/openwrt/src/build_dir/target-aarch64_cortex-a53_musl/luci-base/src'
cp -fpR /openwrt/src/build_dir/target-aarch64_cortex-a53_musl/luci-base/ipkg-install/* /openwrt/src/build_dir/target-aarch64_cortex-a53_musl/luci-base/.pkgdir/luci-base/
touch /openwrt/src/build_dir/target-aarch64_cortex-a53_musl/luci-base/.pkgdir/luci-base.installed
mkdir -p /openwrt/src/staging_dir/target-aarch64_cortex-a53_musl/root-qualcommax/stamp
SHELL= flock /openwrt/src/tmp/.root-copy.flock -c 'cp -fpR /openwrt/src/build_dir/target-aarch64_cortex-a53_musl/luci-base/.pkgdir/luci-base/. /openwrt/src/staging_dir/target-aarch64_cortex-a53_musl/root-qualcommax/'
touch /openwrt/src/staging_dir/target-aarch64_cortex-a53_musl/root-qualcommax/stamp/.luci-base_installed
removed '/openwrt/src/bin/packages/aarch64_cortex-a53/luci/luci-base_git-23.206.44643-5d5cf55_aarch64_cortex-a53.ipk'
mkdir -p /openwrt/src/bin/targets/qualcommax/ipq807x/packages /openwrt/src/build_dir/target-aarch64_cortex-a53_musl/luci-base/ipkg-aarch64_cortex-a53/luci-base/CONTROL /openwrt/src/staging_dir/target-aarch64_cortex-a53_musl/pkginfo
install -d -m0755 /openwrt/src/build_dir/target-aarch64_cortex-a53_musl/luci-base/ipkg-aarch64_cortex-a53/luci-base/usr/share/ucode/luci
cp -pR /openwrt/src/build_dir/target-aarch64_cortex-a53_musl/luci-base/ucode/* /openwrt/src/build_dir/target-aarch64_cortex-a53_musl/luci-base/ipkg-aarch64_cortex-a53/luci-base/usr/share/ucode/luci/
find /openwrt/src/build_dir/target-aarch64_cortex-a53_musl/luci-base/ipkg-aarch64_cortex-a53/luci-base/usr/share/ucode/luci/ -type f -name '*.htm' | while read src; do /openwrt/src/staging_dir/host/bin/sed -i -e 's/<%# *\([^ ]*\)PKG_VERSION *%>/\1git-23.206.44643-5d5cf55/g' -e 's/"\(<%= *\(media\|resource\) *%>[^"]*\.\(js\|css\)\)"/"\1?v=git-23.206.44643-5d5cf55"/g' "$src"; done; find /openwrt/src/build_dir/target-aarch64_cortex-a53_musl/luci-base/ipkg-aarch64_cortex-a53/luci-base/usr/share/ucode/luci/ -type f -name '*.ut' | while read src; do /openwrt/src/staging_dir/host/bin/sed -i -e 's/{# *\([^ ]*\)PKG_VERSION *#}/\1git-23.206.44643-5d5cf55/g' -e 's/"\({{ *\(media\|resource\) *}}[^"]*\.\(js\|css\)\)"/"\1?v=git-23.206.44643-5d5cf55"/g' "$src"; done
install -d -m0755 /openwrt/src/build_dir/target-aarch64_cortex-a53_musl/luci-base/ipkg-aarch64_cortex-a53/luci-base/www
cp -pR /openwrt/src/build_dir/target-aarch64_cortex-a53_musl/luci-base/htdocs/* /openwrt/src/build_dir/target-aarch64_cortex-a53_musl/luci-base/ipkg-aarch64_cortex-a53/luci-base/www/
find /openwrt/src/build_dir/target-aarch64_cortex-a53_musl/luci-base/ipkg-aarch64_cortex-a53/luci-base/www/ -type f -name '*.js' | while read src; do if jsmin < "$src" > "$src.o"; then mv "$src.o" "$src"; fi; done
find /openwrt/src/build_dir/target-aarch64_cortex-a53_musl/luci-base/ipkg-aarch64_cortex-a53/luci-base/www/ -type f -name '*.css' | while read src; do if csstidy "$src" --template=highest --remove_last_semicolon=true "$src.o"; then mv "$src.o" "$src"; fi; done
install -d -m0755 /openwrt/src/build_dir/target-aarch64_cortex-a53_musl/luci-base/ipkg-aarch64_cortex-a53/luci-base/
cp -pR /openwrt/src/build_dir/target-aarch64_cortex-a53_musl/luci-base/root/* /openwrt/src/build_dir/target-aarch64_cortex-a53_musl/luci-base/ipkg-aarch64_cortex-a53/luci-base/
CFLAGS="-O2 -pipe -mcpu=cortex-a53 -fno-caller-saves -fno-plt -fhonour-copts -fmacro-prefix-map=/openwrt/src/build_dir/target-aarch64_cortex-a53_musl/luci-base=luci-base -Wformat -Werror=format-security -fstack-protector -D_FORTIFY_SOURCE=1 -Wl,-z,now -Wl,-z,relro  -I/openwrt/src/staging_dir/toolchain-aarch64_cortex-a53_gcc-12.3.0_musl/usr/include -I/openwrt/src/staging_dir/toolchain-aarch64_cortex-a53_gcc-12.3.0_musl/include/fortify -I/openwrt/src/staging_dir/toolchain-aarch64_cortex-a53_gcc-12.3.0_musl/include " CXXFLAGS="-O2 -pipe -mcpu=cortex-a53 -fno-caller-saves -fno-plt -fhonour-copts -fmacro-prefix-map=/openwrt/src/build_dir/target-aarch64_cortex-a53_musl/luci-base=luci-base -Wformat -Werror=format-security -fstack-protector -D_FORTIFY_SOURCE=1 -Wl,-z,now -Wl,-z,relro  -I/openwrt/src/staging_dir/toolchain-aarch64_cortex-a53_gcc-12.3.0_musl/usr/include -I/openwrt/src/staging_dir/toolchain-aarch64_cortex-a53_gcc-12.3.0_musl/include/fortify -I/openwrt/src/staging_dir/toolchain-aarch64_cortex-a53_gcc-12.3.0_musl/include " LDFLAGS="-L/openwrt/src/staging_dir/toolchain-aarch64_cortex-a53_gcc-12.3.0_musl/usr/lib -L/openwrt/src/staging_dir/toolchain-aarch64_cortex-a53_gcc-12.3.0_musl/lib -fuse-ld=bfd -znow -zrelro " FPIC="-DPIC -fPIC" LUCI_VERSION="git-23.206.44643-5d5cf55" LUCI_GITBRANCH="LuCI Master" make -C /openwrt/src/build_dir/target-aarch64_cortex-a53_musl/luci-base/src/ AR="aarch64-openwrt-linux-musl-gcc-ar" AS="aarch64-openwrt-linux-musl-gcc -c -O2 -pipe -mcpu=cortex-a53 -fno-caller-saves -fno-plt -fhonour-copts -fmacro-prefix-map=/openwrt/src/build_dir/target-aarch64_cortex-a53_musl/luci-base=luci-base -Wformat -Werror=format-security -fstack-protector -D_FORTIFY_SOURCE=1 -Wl,-z,now -Wl,-z,relro" LD="aarch64-openwrt-linux-musl-ld.bfd" NM="aarch64-openwrt-linux-musl-gcc-nm" CC="aarch64-openwrt-linux-musl-gcc" GCC="aarch64-openwrt-linux-musl-gcc" CXX="aarch64-openwrt-linux-musl-g++" RANLIB="aarch64-openwrt-linux-musl-gcc-ranlib" STRIP=aarch64-openwrt-linux-musl-strip OBJCOPY=aarch64-openwrt-linux-musl-objcopy OBJDUMP=aarch64-openwrt-linux-musl-objdump SIZE=aarch64-openwrt-linux-musl-size CROSS="aarch64-openwrt-linux-musl-" ARCH="aarch64" DESTDIR="/openwrt/src/build_dir/target-aarch64_cortex-a53_musl/luci-base/ipkg-install"  install;
make[4]: Entering directory '/openwrt/src/build_dir/target-aarch64_cortex-a53_musl/luci-base/src'
mkdir -p /openwrt/src/build_dir/target-aarch64_cortex-a53_musl/luci-base/ipkg-install/usr/lib/ucode/luci
cp core.so /openwrt/src/build_dir/target-aarch64_cortex-a53_musl/luci-base/ipkg-install/usr/lib/ucode/luci/core.so
mkdir -p /openwrt/src/build_dir/target-aarch64_cortex-a53_musl/luci-base/ipkg-install/usr/share/ucode/luci
cp version.uc /openwrt/src/build_dir/target-aarch64_cortex-a53_musl/luci-base/ipkg-install/usr/share/ucode/luci/version.uc
make[4]: Leaving directory '/openwrt/src/build_dir/target-aarch64_cortex-a53_musl/luci-base/src'
cp -fpR /openwrt/src/build_dir/target-aarch64_cortex-a53_musl/luci-base/ipkg-install/* /openwrt/src/build_dir/target-aarch64_cortex-a53_musl/luci-base/ipkg-aarch64_cortex-a53/luci-base/
find /openwrt/src/build_dir/target-aarch64_cortex-a53_musl/luci-base/ipkg-aarch64_cortex-a53/luci-base -name 'CVS' -o -name '.svn' -o -name '.#*' -o -name '*~'| xargs -r rm -rf
export CROSS="aarch64-openwrt-linux-musl-"  NO_RENAME=1 ; NM="aarch64-openwrt-linux-musl-nm" STRIP="/openwrt/src/staging_dir/host/bin/sstrip -z" STRIP_KMOD="/openwrt/src/scripts/strip-kmod.sh" PATCHELF="/openwrt/src/staging_dir/host/bin/patchelf" /openwrt/src/scripts/rstrip.sh /openwrt/src/build_dir/target-aarch64_cortex-a53_musl/luci-base/ipkg-aarch64_cortex-a53/luci-base
rstrip.sh: /openwrt/src/build_dir/target-aarch64_cortex-a53_musl/luci-base/ipkg-aarch64_cortex-a53/luci-base/usr/lib/ucode/luci/core.so: shared object
(cd /openwrt/src/build_dir/target-aarch64_cortex-a53_musl/luci-base/ipkg-aarch64_cortex-a53/luci-base/CONTROL; ( echo "$CONTROL"; printf "Description: "; echo "$DESCRIPTION" | sed -e 's,^[[:space:]]*, ,g'; ) > control; chmod 644 control; ( echo "#!/bin/sh"; echo "[ \"\${IPKG_NO_SCRIPT}\" = \"1\" ] && exit 0"; echo "[ -s "\${IPKG_INSTROOT}/lib/functions.sh" ] || exit 0"; echo ". \${IPKG_INSTROOT}/lib/functions.sh"; echo "default_postinst \$0 \$@"; ) > postinst; ( echo "#!/bin/sh"; echo "[ -s "\${IPKG_INSTROOT}/lib/functions.sh" ] || exit 0"; echo ". \${IPKG_INSTROOT}/lib/functions.sh"; echo "default_prerm \$0 \$@"; ) > prerm; chmod 0755 postinst prerm; echo "$V_Package_luci_base_conffiles" > conffiles;  echo "$V_Package_luci_base_postinst" > postinst-pkg; chmod 0755 postinst-pkg; )
install -d -m0755 /openwrt/src/bin/packages/aarch64_cortex-a53/luci
/openwrt/src/staging_dir/host/bin/fakeroot /openwrt/src/staging_dir/host/bin/bash /openwrt/src/scripts/ipkg-build -m "" /openwrt/src/build_dir/target-aarch64_cortex-a53_musl/luci-base/ipkg-aarch64_cortex-a53/luci-base /openwrt/src/bin/packages/aarch64_cortex-a53/luci
Packaged contents of /openwrt/src/build_dir/target-aarch64_cortex-a53_musl/luci-base/ipkg-aarch64_cortex-a53/luci-base into /openwrt/src/bin/packages/aarch64_cortex-a53/luci/luci-base_git-23.206.44643-5d5cf55_aarch64_cortex-a53.ipk
echo "luci-base" >> /openwrt/src/staging_dir/target-aarch64_cortex-a53_musl/pkginfo/luci-base.default.install
make[3]: Leaving directory '/openwrt/src/feeds/luci/modules/luci-base'
time: package/feeds/luci/luci-base/compile#0.23#0.03#2.41
make[3]: Entering directory '/openwrt/src/feeds/luci/libs/luci-lib-ip'
mkdir -p /openwrt/src/staging_dir/target-aarch64_cortex-a53_musl/root-qualcommax/stamp
SHELL= flock /openwrt/src/tmp/.root-copy.flock -c 'cp -fpR /openwrt/src/build_dir/target-aarch64_cortex-a53_musl/luci-lib-ip/.pkgdir/luci-lib-ip/. /openwrt/src/staging_dir/target-aarch64_cortex-a53_musl/root-qualcommax/'
touch /openwrt/src/staging_dir/target-aarch64_cortex-a53_musl/root-qualcommax/stamp/.luci-lib-ip_installed
echo "luci-lib-ip" >> /openwrt/src/staging_dir/target-aarch64_cortex-a53_musl/pkginfo/luci-lib-ip.default.install
make[3]: Leaving directory '/openwrt/src/feeds/luci/libs/luci-lib-ip'
time: package/feeds/luci/luci-lib-ip/compile#0.01#0.00#0.31
make[3]: Entering directory '/openwrt/src/feeds/luci/libs/luci-lib-jsonc'
mkdir -p /openwrt/src/staging_dir/target-aarch64_cortex-a53_musl/root-qualcommax/stamp
SHELL= flock /openwrt/src/tmp/.root-copy.flock -c 'cp -fpR /openwrt/src/build_dir/target-aarch64_cortex-a53_musl/luci-lib-jsonc/.pkgdir/luci-lib-jsonc/. /openwrt/src/staging_dir/target-aarch64_cortex-a53_musl/root-qualcommax/'
touch /openwrt/src/staging_dir/target-aarch64_cortex-a53_musl/root-qualcommax/stamp/.luci-lib-jsonc_installed
echo "luci-lib-jsonc" >> /openwrt/src/staging_dir/target-aarch64_cortex-a53_musl/pkginfo/luci-lib-jsonc.default.install
make[3]: Leaving directory '/openwrt/src/feeds/luci/libs/luci-lib-jsonc'
time: package/feeds/luci/luci-lib-jsonc/compile#0.01#0.00#0.27
make[3]: Entering directory '/openwrt/src/feeds/luci/libs/luci-lib-nixio'
mkdir -p /openwrt/src/staging_dir/target-aarch64_cortex-a53_musl/root-qualcommax/stamp
SHELL= flock /openwrt/src/tmp/.root-copy.flock -c 'cp -fpR /openwrt/src/build_dir/target-aarch64_cortex-a53_musl/luci-lib-nixio/.pkgdir/luci-lib-nixio/. /openwrt/src/staging_dir/target-aarch64_cortex-a53_musl/root-qualcommax/'
touch /openwrt/src/staging_dir/target-aarch64_cortex-a53_musl/root-qualcommax/stamp/.luci-lib-nixio_installed
echo "luci-lib-nixio" >> /openwrt/src/staging_dir/target-aarch64_cortex-a53_musl/pkginfo/luci-lib-nixio.default.install
make[3]: Leaving directory '/openwrt/src/feeds/luci/libs/luci-lib-nixio'
time: package/feeds/luci/luci-lib-nixio/compile#0.01#0.00#0.28
make[3]: Entering directory '/openwrt/src/feeds/luci/libs/luci-lib-base'
mkdir -p /openwrt/src/staging_dir/target-aarch64_cortex-a53_musl/root-qualcommax/stamp
SHELL= flock /openwrt/src/tmp/.root-copy.flock -c 'cp -fpR /openwrt/src/build_dir/target-aarch64_cortex-a53_musl/luci-lib-base/.pkgdir/luci-lib-base/. /openwrt/src/staging_dir/target-aarch64_cortex-a53_musl/root-qualcommax/'
touch /openwrt/src/staging_dir/target-aarch64_cortex-a53_musl/root-qualcommax/stamp/.luci-lib-base_installed
echo "luci-lib-base" >> /openwrt/src/staging_dir/target-aarch64_cortex-a53_musl/pkginfo/luci-lib-base.default.install
make[3]: Leaving directory '/openwrt/src/feeds/luci/libs/luci-lib-base'
time: package/feeds/luci/luci-lib-base/compile#0.01#0.00#0.22
make[3]: Entering directory '/openwrt/src/feeds/luci/modules/luci-mod-network'
mkdir -p /openwrt/src/staging_dir/target-aarch64_cortex-a53_musl/root-qualcommax/stamp
SHELL= flock /openwrt/src/tmp/.root-copy.flock -c 'cp -fpR /openwrt/src/build_dir/target-aarch64_cortex-a53_musl/luci-mod-network/.pkgdir/luci-mod-network/. /openwrt/src/staging_dir/target-aarch64_cortex-a53_musl/root-qualcommax/'
touch /openwrt/src/staging_dir/target-aarch64_cortex-a53_musl/root-qualcommax/stamp/.luci-mod-network_installed
echo "luci-mod-network" >> /openwrt/src/staging_dir/target-aarch64_cortex-a53_musl/pkginfo/luci-mod-network.default.install
make[3]: Leaving directory '/openwrt/src/feeds/luci/modules/luci-mod-network'
time: package/feeds/luci/luci-mod-network/compile#0.01#0.00#0.23
make[3]: Entering directory '/openwrt/src/feeds/luci/modules/luci-mod-status'
mkdir -p /openwrt/src/staging_dir/target-aarch64_cortex-a53_musl/root-qualcommax/stamp
SHELL= flock /openwrt/src/tmp/.root-copy.flock -c 'cp -fpR /openwrt/src/build_dir/target-aarch64_cortex-a53_musl/luci-mod-status/.pkgdir/luci-mod-status/. /openwrt/src/staging_dir/target-aarch64_cortex-a53_musl/root-qualcommax/'
touch /openwrt/src/staging_dir/target-aarch64_cortex-a53_musl/root-qualcommax/stamp/.luci-mod-status_installed
echo "luci-mod-status" >> /openwrt/src/staging_dir/target-aarch64_cortex-a53_musl/pkginfo/luci-mod-status.default.install
make[3]: Leaving directory '/openwrt/src/feeds/luci/modules/luci-mod-status'
time: package/feeds/luci/luci-mod-status/compile#0.01#0.00#0.27
make[3]: Entering directory '/openwrt/src/feeds/luci/modules/luci-mod-system'
mkdir -p /openwrt/src/staging_dir/target-aarch64_cortex-a53_musl/root-qualcommax/stamp
SHELL= flock /openwrt/src/tmp/.root-copy.flock -c 'cp -fpR /openwrt/src/build_dir/target-aarch64_cortex-a53_musl/luci-mod-system/.pkgdir/luci-mod-system/. /openwrt/src/staging_dir/target-aarch64_cortex-a53_musl/root-qualcommax/'
touch /openwrt/src/staging_dir/target-aarch64_cortex-a53_musl/root-qualcommax/stamp/.luci-mod-system_installed
echo "luci-mod-system" >> /openwrt/src/staging_dir/target-aarch64_cortex-a53_musl/pkginfo/luci-mod-system.default.install
make[3]: Leaving directory '/openwrt/src/feeds/luci/modules/luci-mod-system'
time: package/feeds/luci/luci-mod-system/compile#0.01#0.00#0.23
make[3]: Entering directory '/openwrt/src/feeds/luci/modules/luci-mod-admin-full'
mkdir -p /openwrt/src/staging_dir/target-aarch64_cortex-a53_musl/root-qualcommax/stamp
SHELL= flock /openwrt/src/tmp/.root-copy.flock -c 'cp -fpR /openwrt/src/build_dir/target-aarch64_cortex-a53_musl/luci-mod-admin-full/.pkgdir/luci-mod-admin-full/. /openwrt/src/staging_dir/target-aarch64_cortex-a53_musl/root-qualcommax/'
touch /openwrt/src/staging_dir/target-aarch64_cortex-a53_musl/root-qualcommax/stamp/.luci-mod-admin-full_installed
echo "luci-mod-admin-full" >> /openwrt/src/staging_dir/target-aarch64_cortex-a53_musl/pkginfo/luci-mod-admin-full.default.install
make[3]: Leaving directory '/openwrt/src/feeds/luci/modules/luci-mod-admin-full'
time: package/feeds/luci/luci-mod-admin-full/compile#0.01#0.00#0.23
make[3]: Entering directory '/openwrt/src/feeds/luci/protocols/luci-proto-ppp'
mkdir -p /openwrt/src/staging_dir/target-aarch64_cortex-a53_musl/root-qualcommax/stamp
SHELL= flock /openwrt/src/tmp/.root-copy.flock -c 'cp -fpR /openwrt/src/build_dir/target-aarch64_cortex-a53_musl/luci-proto-ppp/.pkgdir/luci-proto-ppp/. /openwrt/src/staging_dir/target-aarch64_cortex-a53_musl/root-qualcommax/'
touch /openwrt/src/staging_dir/target-aarch64_cortex-a53_musl/root-qualcommax/stamp/.luci-proto-ppp_installed
echo "luci-proto-ppp" >> /openwrt/src/staging_dir/target-aarch64_cortex-a53_musl/pkginfo/luci-proto-ppp.default.install
make[3]: Leaving directory '/openwrt/src/feeds/luci/protocols/luci-proto-ppp'
time: package/feeds/luci/luci-proto-ppp/compile#0.01#0.00#0.24
make[3]: Entering directory '/openwrt/src/feeds/luci/themes/luci-theme-bootstrap'
mkdir -p /openwrt/src/staging_dir/target-aarch64_cortex-a53_musl/root-qualcommax/stamp
SHELL= flock /openwrt/src/tmp/.root-copy.flock -c 'cp -fpR /openwrt/src/build_dir/target-aarch64_cortex-a53_musl/luci-theme-bootstrap/.pkgdir/luci-theme-bootstrap/. /openwrt/src/staging_dir/target-aarch64_cortex-a53_musl/root-qualcommax/'
touch /openwrt/src/staging_dir/target-aarch64_cortex-a53_musl/root-qualcommax/stamp/.luci-theme-bootstrap_installed
echo "luci-theme-bootstrap" >> /openwrt/src/staging_dir/target-aarch64_cortex-a53_musl/pkginfo/luci-theme-bootstrap.default.install
make[3]: Leaving directory '/openwrt/src/feeds/luci/themes/luci-theme-bootstrap'
time: package/feeds/luci/luci-theme-bootstrap/compile#0.01#0.00#0.25
make[3]: Entering directory '/openwrt/src/feeds/luci/libs/rpcd-mod-rrdns'
mkdir -p /openwrt/src/staging_dir/target-aarch64_cortex-a53_musl/root-qualcommax/stamp
SHELL= flock /openwrt/src/tmp/.root-copy.flock -c 'cp -fpR /openwrt/src/build_dir/target-aarch64_cortex-a53_musl/rpcd-mod-rrdns-20170710/.pkgdir/rpcd-mod-rrdns/. /openwrt/src/staging_dir/target-aarch64_cortex-a53_musl/root-qualcommax/'
touch /openwrt/src/staging_dir/target-aarch64_cortex-a53_musl/root-qualcommax/stamp/.rpcd-mod-rrdns_installed
echo "rpcd-mod-rrdns" >> /openwrt/src/staging_dir/target-aarch64_cortex-a53_musl/pkginfo/rpcd-mod-rrdns.default.install
make[3]: Leaving directory '/openwrt/src/feeds/luci/libs/rpcd-mod-rrdns'
time: package/feeds/luci/rpcd-mod-rrdns/compile#0.01#0.00#0.15
make[3]: Entering directory '/openwrt/src/package/network/services/uhttpd'
mkdir -p /openwrt/src/staging_dir/target-aarch64_cortex-a53_musl/root-qualcommax/stamp
SHELL= flock /openwrt/src/tmp/.root-copy.flock -c 'cp -fpR /openwrt/src/build_dir/target-aarch64_cortex-a53_musl/uhttpd-2023-06-25-34a8a74d/.pkgdir/uhttpd/. /openwrt/src/staging_dir/target-aarch64_cortex-a53_musl/root-qualcommax/'
touch /openwrt/src/staging_dir/target-aarch64_cortex-a53_musl/root-qualcommax/stamp/.uhttpd_installed
echo "uhttpd" >> /openwrt/src/staging_dir/target-aarch64_cortex-a53_musl/pkginfo/uhttpd.default.install
mkdir -p /openwrt/src/staging_dir/target-aarch64_cortex-a53_musl/root-qualcommax/stamp
SHELL= flock /openwrt/src/tmp/.root-copy.flock -c 'cp -fpR /openwrt/src/build_dir/target-aarch64_cortex-a53_musl/uhttpd-2023-06-25-34a8a74d/.pkgdir/uhttpd-mod-ubus/. /openwrt/src/staging_dir/target-aarch64_cortex-a53_musl/root-qualcommax/'
touch /openwrt/src/staging_dir/target-aarch64_cortex-a53_musl/root-qualcommax/stamp/.uhttpd-mod-ubus_installed
echo "uhttpd-mod-ubus" >> /openwrt/src/staging_dir/target-aarch64_cortex-a53_musl/pkginfo/uhttpd.default.install
make[3]: Leaving directory '/openwrt/src/package/network/services/uhttpd'
time: package/network/services/uhttpd/compile#0.01#0.00#0.24
make[3]: Entering directory '/openwrt/src/feeds/luci/protocols/luci-proto-ipv6'
mkdir -p /openwrt/src/staging_dir/target-aarch64_cortex-a53_musl/root-qualcommax/stamp
SHELL= flock /openwrt/src/tmp/.root-copy.flock -c 'cp -fpR /openwrt/src/build_dir/target-aarch64_cortex-a53_musl/luci-proto-ipv6/.pkgdir/luci-proto-ipv6/. /openwrt/src/staging_dir/target-aarch64_cortex-a53_musl/root-qualcommax/'
touch /openwrt/src/staging_dir/target-aarch64_cortex-a53_musl/root-qualcommax/stamp/.luci-proto-ipv6_installed
echo "luci-proto-ipv6" >> /openwrt/src/staging_dir/target-aarch64_cortex-a53_musl/pkginfo/luci-proto-ipv6.default.install
make[3]: Leaving directory '/openwrt/src/feeds/luci/protocols/luci-proto-ipv6'
time: package/feeds/luci/luci-proto-ipv6/compile#0.01#0.00#0.24
make[3]: Entering directory '/openwrt/src/feeds/luci/collections/luci-light'
mkdir -p /openwrt/src/staging_dir/target-aarch64_cortex-a53_musl/root-qualcommax/stamp
SHELL= flock /openwrt/src/tmp/.root-copy.flock -c 'cp -fpR /openwrt/src/build_dir/target-aarch64_cortex-a53_musl/luci-light/.pkgdir/luci-light/. /openwrt/src/staging_dir/target-aarch64_cortex-a53_musl/root-qualcommax/'
touch /openwrt/src/staging_dir/target-aarch64_cortex-a53_musl/root-qualcommax/stamp/.luci-light_installed
echo "luci-light" >> /openwrt/src/staging_dir/target-aarch64_cortex-a53_musl/pkginfo/luci-light.default.install
make[3]: Leaving directory '/openwrt/src/feeds/luci/collections/luci-light'
time: package/feeds/luci/luci-light/compile#0.01#0.00#0.22
make[3]: Entering directory '/openwrt/src/feeds/luci/contrib/package/ucode-mod-lua'
mkdir -p /openwrt/src/staging_dir/target-aarch64_cortex-a53_musl/root-qualcommax/stamp
SHELL= flock /openwrt/src/tmp/.root-copy.flock -c 'cp -fpR /openwrt/src/build_dir/target-aarch64_cortex-a53_musl/ucode-mod-lua/.pkgdir/ucode-mod-lua/. /openwrt/src/staging_dir/target-aarch64_cortex-a53_musl/root-qualcommax/'
touch /openwrt/src/staging_dir/target-aarch64_cortex-a53_musl/root-qualcommax/stamp/.ucode-mod-lua_installed
echo "ucode-mod-lua" >> /openwrt/src/staging_dir/target-aarch64_cortex-a53_musl/pkginfo/ucode-mod-lua.default.install
make[3]: Leaving directory '/openwrt/src/feeds/luci/contrib/package/ucode-mod-lua'
time: package/feeds/luci/ucode-mod-lua/compile#0.01#0.00#0.14
make[3]: Entering directory '/openwrt/src/feeds/luci/modules/luci-lua-runtime'
mkdir -p /openwrt/src/staging_dir/target-aarch64_cortex-a53_musl/root-qualcommax/stamp
SHELL= flock /openwrt/src/tmp/.root-copy.flock -c 'cp -fpR /openwrt/src/build_dir/target-aarch64_cortex-a53_musl/luci-lua-runtime/.pkgdir/luci-lua-runtime/. /openwrt/src/staging_dir/target-aarch64_cortex-a53_musl/root-qualcommax/'
touch /openwrt/src/staging_dir/target-aarch64_cortex-a53_musl/root-qualcommax/stamp/.luci-lua-runtime_installed
echo "luci-lua-runtime" >> /openwrt/src/staging_dir/target-aarch64_cortex-a53_musl/pkginfo/luci-lua-runtime.default.install
make[3]: Leaving directory '/openwrt/src/feeds/luci/modules/luci-lua-runtime'
time: package/feeds/luci/luci-lua-runtime/compile#0.01#0.00#0.27
make[3]: Entering directory '/openwrt/src/feeds/luci/modules/luci-mod-dashboard'
mkdir -p /openwrt/src/staging_dir/target-aarch64_cortex-a53_musl/root-qualcommax/stamp
SHELL= flock /openwrt/src/tmp/.root-copy.flock -c 'cp -fpR /openwrt/src/build_dir/target-aarch64_cortex-a53_musl/luci-mod-dashboard/.pkgdir/luci-mod-dashboard/. /openwrt/src/staging_dir/target-aarch64_cortex-a53_musl/root-qualcommax/'
touch /openwrt/src/staging_dir/target-aarch64_cortex-a53_musl/root-qualcommax/stamp/.luci-mod-dashboard_installed
echo "luci-mod-dashboard" >> /openwrt/src/staging_dir/target-aarch64_cortex-a53_musl/pkginfo/luci-mod-dashboard.default.install
make[3]: Leaving directory '/openwrt/src/feeds/luci/modules/luci-mod-dashboard'
time: package/feeds/luci/luci-mod-dashboard/compile#0.02#0.00#0.51
make[3]: Entering directory '/openwrt/src/feeds/luci/collections/luci-ssl-openssl'
mkdir -p /openwrt/src/staging_dir/target-aarch64_cortex-a53_musl/root-qualcommax/stamp
SHELL= flock /openwrt/src/tmp/.root-copy.flock -c 'cp -fpR /openwrt/src/build_dir/target-aarch64_cortex-a53_musl/luci-ssl-openssl/.pkgdir/luci-ssl-openssl/. /openwrt/src/staging_dir/target-aarch64_cortex-a53_musl/root-qualcommax/'
touch /openwrt/src/staging_dir/target-aarch64_cortex-a53_musl/root-qualcommax/stamp/.luci-ssl-openssl_installed
echo "luci-ssl-openssl" >> /openwrt/src/staging_dir/target-aarch64_cortex-a53_musl/pkginfo/luci-ssl-openssl.default.install
make[3]: Leaving directory '/openwrt/src/feeds/luci/collections/luci-ssl-openssl'
time: package/feeds/luci/luci-ssl-openssl/compile#0.01#0.00#0.29
make[3]: Entering directory '/openwrt/src/feeds/luci/themes/luci-theme-material'
mkdir -p /openwrt/src/staging_dir/target-aarch64_cortex-a53_musl/root-qualcommax/stamp
SHELL= flock /openwrt/src/tmp/.root-copy.flock -c 'cp -fpR /openwrt/src/build_dir/target-aarch64_cortex-a53_musl/luci-theme-material/.pkgdir/luci-theme-material/. /openwrt/src/staging_dir/target-aarch64_cortex-a53_musl/root-qualcommax/'
touch /openwrt/src/staging_dir/target-aarch64_cortex-a53_musl/root-qualcommax/stamp/.luci-theme-material_installed
echo "luci-theme-material" >> /openwrt/src/staging_dir/target-aarch64_cortex-a53_musl/pkginfo/luci-theme-material.default.install
make[3]: Leaving directory '/openwrt/src/feeds/luci/themes/luci-theme-material'
time: package/feeds/luci/luci-theme-material/compile#0.01#0.00#0.24
make[3]: Entering directory '/openwrt/src/feeds/luci/themes/luci-theme-openwrt'
mkdir -p /openwrt/src/staging_dir/target-aarch64_cortex-a53_musl/root-qualcommax/stamp
SHELL= flock /openwrt/src/tmp/.root-copy.flock -c 'cp -fpR /openwrt/src/build_dir/target-aarch64_cortex-a53_musl/luci-theme-openwrt/.pkgdir/luci-theme-openwrt/. /openwrt/src/staging_dir/target-aarch64_cortex-a53_musl/root-qualcommax/'
touch /openwrt/src/staging_dir/target-aarch64_cortex-a53_musl/root-qualcommax/stamp/.luci-theme-openwrt_installed
echo "luci-theme-openwrt" >> /openwrt/src/staging_dir/target-aarch64_cortex-a53_musl/pkginfo/luci-theme-openwrt.default.install
make[3]: Leaving directory '/openwrt/src/feeds/luci/themes/luci-theme-openwrt'
time: package/feeds/luci/luci-theme-openwrt/compile#0.01#0.00#0.23
make[3]: Entering directory '/openwrt/src/feeds/luci/themes/luci-theme-openwrt-2020'
mkdir -p /openwrt/src/staging_dir/target-aarch64_cortex-a53_musl/root-qualcommax/stamp
SHELL= flock /openwrt/src/tmp/.root-copy.flock -c 'cp -fpR /openwrt/src/build_dir/target-aarch64_cortex-a53_musl/luci-theme-openwrt-2020/.pkgdir/luci-theme-openwrt-2020/. /openwrt/src/staging_dir/target-aarch64_cortex-a53_musl/root-qualcommax/'
touch /openwrt/src/staging_dir/target-aarch64_cortex-a53_musl/root-qualcommax/stamp/.luci-theme-openwrt-2020_installed
echo "luci-theme-openwrt-2020" >> /openwrt/src/staging_dir/target-aarch64_cortex-a53_musl/pkginfo/luci-theme-openwrt-2020.default.install
make[3]: Leaving directory '/openwrt/src/feeds/luci/themes/luci-theme-openwrt-2020'
time: package/feeds/luci/luci-theme-openwrt-2020/compile#0.01#0.00#0.26
make[3]: Entering directory '/openwrt/src/feeds/nss_packages/firmware/nss-eip-firmware'
mkdir -p /openwrt/src/staging_dir/target-aarch64_cortex-a53_musl/root-qualcommax/stamp
SHELL= flock /openwrt/src/tmp/.root-copy.flock -c 'cp -fpR /openwrt/src/build_dir/target-aarch64_cortex-a53_musl/nss-eip-firmware-2.5.7/.pkgdir/nss-eip-firmware/. /openwrt/src/staging_dir/target-aarch64_cortex-a53_musl/root-qualcommax/'
touch /openwrt/src/staging_dir/target-aarch64_cortex-a53_musl/root-qualcommax/stamp/.nss-eip-firmware_installed
echo "nss-eip-firmware" >> /openwrt/src/staging_dir/target-aarch64_cortex-a53_musl/pkginfo/nss-eip-firmware.default.install
make[3]: Leaving directory '/openwrt/src/feeds/nss_packages/firmware/nss-eip-firmware'
time: package/feeds/nss_packages/nss-eip-firmware/compile#0.01#0.00#0.16
make[3]: Entering directory '/openwrt/src/feeds/nss_packages/qca/feeds/nss-host/qca-mcs'
mkdir -p /openwrt/src/staging_dir/target-aarch64_cortex-a53_musl/root-qualcommax/stamp
SHELL= flock /openwrt/src/tmp/.root-copy.flock -c 'cp -fpR /openwrt/src/build_dir/target-aarch64_cortex-a53_musl/linux-qualcommax_ipq807x/qca-mcs-g63cdd85/.pkgdir/kmod-qca-mcs/. /openwrt/src/staging_dir/target-aarch64_cortex-a53_musl/root-qualcommax/'
touch /openwrt/src/staging_dir/target-aarch64_cortex-a53_musl/root-qualcommax/stamp/.kmod-qca-mcs_installed
echo "kmod-qca-mcs" >> /openwrt/src/staging_dir/target-aarch64_cortex-a53_musl/pkginfo/qca-mcs.default.install
make[3]: Leaving directory '/openwrt/src/feeds/nss_packages/qca/feeds/nss-host/qca-mcs'
time: package/feeds/nss_packages/qca-mcs/compile#0.01#0.00#0.25
make[3]: Entering directory '/openwrt/src/package/kernel/qca-ssdk'
mkdir -p /openwrt/src/staging_dir/target-aarch64_cortex-a53_musl/root-qualcommax/stamp
SHELL= flock /openwrt/src/tmp/.root-copy.flock -c 'cp -fpR /openwrt/src/build_dir/target-aarch64_cortex-a53_musl/linux-qualcommax_ipq807x/qca-ssdk-2023-06-06-74caf88a/.pkgdir/kmod-qca-ssdk/. /openwrt/src/staging_dir/target-aarch64_cortex-a53_musl/root-qualcommax/'
touch /openwrt/src/staging_dir/target-aarch64_cortex-a53_musl/root-qualcommax/stamp/.kmod-qca-ssdk_installed
echo "kmod-qca-ssdk" >> /openwrt/src/staging_dir/target-aarch64_cortex-a53_musl/pkginfo/qca-ssdk.default.install
make[3]: Leaving directory '/openwrt/src/package/kernel/qca-ssdk'
time: package/kernel/qca-ssdk/compile#0.02#0.00#0.23
make[3]: Entering directory '/openwrt/src/package/kernel/qca-nss-dp'
mkdir -p /openwrt/src/staging_dir/target-aarch64_cortex-a53_musl/root-qualcommax/stamp
SHELL= flock /openwrt/src/tmp/.root-copy.flock -c 'cp -fpR /openwrt/src/build_dir/target-aarch64_cortex-a53_musl/linux-qualcommax_ipq807x/qca-nss-dp-2023-06-06-fa674644/.pkgdir/kmod-qca-nss-dp/. /openwrt/src/staging_dir/target-aarch64_cortex-a53_musl/root-qualcommax/'
touch /openwrt/src/staging_dir/target-aarch64_cortex-a53_musl/root-qualcommax/stamp/.kmod-qca-nss-dp_installed
echo "kmod-qca-nss-dp" >> /openwrt/src/staging_dir/target-aarch64_cortex-a53_musl/pkginfo/qca-nss-dp.default.install
make[3]: Leaving directory '/openwrt/src/package/kernel/qca-nss-dp'
time: package/kernel/qca-nss-dp/compile#0.01#0.00#0.20
make[3]: Entering directory '/openwrt/src/feeds/nss_packages/qca/feeds/nss-host/qca-nss-drv'
mkdir -p /openwrt/src/staging_dir/target-aarch64_cortex-a53_musl/root-qualcommax/stamp
SHELL= flock /openwrt/src/tmp/.root-copy.flock -c 'cp -fpR /openwrt/src/build_dir/target-aarch64_cortex-a53_musl/linux-qualcommax_ipq807x/qca-nss-drv-g63cdd85/.pkgdir/kmod-qca-nss-drv/. /openwrt/src/staging_dir/target-aarch64_cortex-a53_musl/root-qualcommax/'
touch /openwrt/src/staging_dir/target-aarch64_cortex-a53_musl/root-qualcommax/stamp/.kmod-qca-nss-drv_installed
echo "kmod-qca-nss-drv" >> /openwrt/src/staging_dir/target-aarch64_cortex-a53_musl/pkginfo/qca-nss-drv.default.install
make[3]: Leaving directory '/openwrt/src/feeds/nss_packages/qca/feeds/nss-host/qca-nss-drv'
time: package/feeds/nss_packages/qca-nss-drv/compile#0.02#0.00#0.23
make[3]: Entering directory '/openwrt/src/feeds/nss_packages/qca/feeds/nss-host/qca-nss-crypto'
mkdir -p /openwrt/src/staging_dir/target-aarch64_cortex-a53_musl/root-qualcommax/stamp
SHELL= flock /openwrt/src/tmp/.root-copy.flock -c 'cp -fpR /openwrt/src/build_dir/target-aarch64_cortex-a53_musl/linux-qualcommax_ipq807x/qca-nss-crypto-g63cdd85/.pkgdir/kmod-qca-nss-crypto/. /openwrt/src/staging_dir/target-aarch64_cortex-a53_musl/root-qualcommax/'
touch /openwrt/src/staging_dir/target-aarch64_cortex-a53_musl/root-qualcommax/stamp/.kmod-qca-nss-crypto_installed
echo "kmod-qca-nss-crypto" >> /openwrt/src/staging_dir/target-aarch64_cortex-a53_musl/pkginfo/qca-nss-crypto.default.install
make[3]: Leaving directory '/openwrt/src/feeds/nss_packages/qca/feeds/nss-host/qca-nss-crypto'
time: package/feeds/nss_packages/qca-nss-crypto/compile#0.01#0.00#0.21
make[3]: Entering directory '/openwrt/src/feeds/nss_packages/qca/feeds/nss-host/qca-nss-cfi'
mkdir -p /openwrt/src/staging_dir/target-aarch64_cortex-a53_musl/root-qualcommax/stamp
SHELL= flock /openwrt/src/tmp/.root-copy.flock -c 'cp -fpR /openwrt/src/build_dir/target-aarch64_cortex-a53_musl/linux-qualcommax_ipq807x/qca-nss-cfi-g63cdd85/.pkgdir/kmod-qca-nss-cfi-cryptoapi/. /openwrt/src/staging_dir/target-aarch64_cortex-a53_musl/root-qualcommax/'
touch /openwrt/src/staging_dir/target-aarch64_cortex-a53_musl/root-qualcommax/stamp/.kmod-qca-nss-cfi-cryptoapi_installed
echo "kmod-qca-nss-cfi-cryptoapi" >> /openwrt/src/staging_dir/target-aarch64_cortex-a53_musl/pkginfo/qca-nss-cfi.default.install
make[3]: Leaving directory '/openwrt/src/feeds/nss_packages/qca/feeds/nss-host/qca-nss-cfi'
time: package/feeds/nss_packages/qca-nss-cfi/compile#0.01#0.00#0.21
make[3]: Entering directory '/openwrt/src/package/kernel/nat46'
mkdir -p /openwrt/src/staging_dir/target-aarch64_cortex-a53_musl/root-qualcommax/stamp
SHELL= flock /openwrt/src/tmp/.root-copy.flock -c 'cp -fpR /openwrt/src/build_dir/target-aarch64_cortex-a53_musl/linux-qualcommax_ipq807x/nat46-2022-09-19-4c5beee2/.pkgdir/kmod-nat46/. /openwrt/src/staging_dir/target-aarch64_cortex-a53_musl/root-qualcommax/'
touch /openwrt/src/staging_dir/target-aarch64_cortex-a53_musl/root-qualcommax/stamp/.kmod-nat46_installed
echo "kmod-nat46" >> /openwrt/src/staging_dir/target-aarch64_cortex-a53_musl/pkginfo/nat46.default.install
make[3]: Leaving directory '/openwrt/src/package/kernel/nat46'
time: package/kernel/nat46/compile#0.01#0.00#0.17
make[3]: Entering directory '/openwrt/src/feeds/nss_packages/qca/feeds/nss-host/qca-nss-ecm'
rm -f /openwrt/src/build_dir/target-aarch64_cortex-a53_musl/linux-qualcommax_ipq807x/qca-nss-ecm-g63cdd85/.built
touch /openwrt/src/build_dir/target-aarch64_cortex-a53_musl/linux-qualcommax_ipq807x/qca-nss-ecm-g63cdd85/.built_check
make -C "/openwrt/src/build_dir/target-aarch64_cortex-a53_musl/linux-qualcommax_ipq807x/linux-6.1.40" ECM_IPV6_ENABLE=y ECM_FRONT_END_NSS_ENABLE=y ECM_FRONT_END_SFE_ENABLE=n ECM_NON_PORTED_SUPPORT_ENABLE=y ECM_INTERFACE_BOND_ENABLE=n ECM_INTERFACE_IPSEC_ENABLE=y ECM_INTERFACE_PPTP_ENABLE=n ECM_INTERFACE_PPPOE_ENABLE=n ECM_INTERFACE_MAP_T_ENABLE=y ECM_INTERFACE_L2TPV2_ENABLE=n ECM_INTERFACE_GRE_TAP_ENABLE=n ECM_INTERFACE_GRE_TUN_ENABLE=n ECM_INTERFACE_SIT_ENABLE=n ECM_INTERFACE_TUNIPIP6_ENABLE=n ECM_INTERFACE_RAWIP_ENABLE=y ECM_INTERFACE_VLAN_ENABLE=n ECM_BRIDGE_VLAN_FILTERING_ENABLE=n ECM_INTERFACE_VXLAN_ENABLE=n ECM_INTERFACE_MACVLAN_ENABLE=y ECM_CLASSIFIER_MARK_ENABLE=n ECM_CLASSIFIER_DSCP_ENABLE=n ECM_CLASSIFIER_PCC_ENABLE=n ECM_CLASSIFIER_MSCS_ENABLE=y ECM_CLASSIFIER_MSCS_SCS_ENABLE=n ECM_CLASSIFIER_NL_ENABLE=n ECM_BAND_STEERING_ENABLE=n ECM_OPENWRT_SUPPORT=y ECM_IPV6_ENABLE=y ECM_INTERFACE_MACVLAN_ENABLE=n ECM_MULTICAST_ENABLE=n ECM_INTERFACE_MAP_T_ENABLE=n ECM_INTERFACE_PPPOE_ENABLE=n ECM_INTERFACE_PPTP_ENABLE=n ECM_INTERFACE_PPP_ENABLE=n ECM_INTERFACE_L2TPV2_ENABLE=n ECM_INTERFACE_GRE_TAP_ENABLE=y ECM_INTERFACE_GRE_TUN_ENABLE=y CROSS_COMPILE="aarch64-openwrt-linux-musl-" ARCH="arm64" M="/openwrt/src/build_dir/target-aarch64_cortex-a53_musl/linux-qualcommax_ipq807x/qca-nss-ecm-g63cdd85" EXTRA_CFLAGS="-I/openwrt/src/staging_dir/target-aarch64_cortex-a53_musl/usr/include/qca-wifi -I/openwrt/src/staging_dir/target-aarch64_cortex-a53_musl/usr/include/qca-nss-drv -I/openwrt/src/staging_dir/target-aarch64_cortex-a53_musl/usr/include/qca-mcs -I/openwrt/src/staging_dir/target-aarch64_cortex-a53_musl/usr/include/qca-nss-sfe -I/openwrt/src/staging_dir/target-aarch64_cortex-a53_musl/usr/include/qca-nss-ppe -I/openwrt/src/staging_dir/target-aarch64_cortex-a53_musl/usr/include/nat46 -Wno-implicit-function-declaration -Wno-int-conversion -Wno-incompatible-pointer-types -Wno-unused-function -Wno-error -Wno-unused-value -I/openwrt/src/staging_dir/target-aarch64_cortex-a53_musl/usr/include/qca-nss-drv -I/openwrt/src/staging_dir/target-aarch64_cortex-a53_musl/usr/include/qca-mcs -I/openwrt/src/staging_dir/target-aarch64_cortex-a53_musl/usr/include/nat46" SoC="ipq807x" BUILD_ECM_WIFI_PLUGIN="n" KCFLAGS="-fmacro-prefix-map=/openwrt/src/build_dir/target-aarch64_cortex-a53_musl=target-aarch64_cortex-a53_musl -fno-caller-saves " HOSTCFLAGS="-O2 -I/openwrt/src/staging_dir/host/include -I/openwrt/src/staging_dir/hostpkg/include -I/openwrt/src/staging_dir/target-aarch64_cortex-a53_musl/host/include -Wall -Wmissing-prototypes -Wstrict-prototypes" CROSS_COMPILE="aarch64-openwrt-linux-musl-" ARCH="arm64" KBUILD_HAVE_NLS=no KBUILD_BUILD_USER="" KBUILD_BUILD_HOST="" KBUILD_BUILD_TIMESTAMP="Tue Jul 25 04:48:30 2023" KBUILD_BUILD_VERSION="0" KBUILD_HOSTLDFLAGS="-L/openwrt/src/staging_dir/host/lib" CONFIG_SHELL="bash" V=''  cmd_syscalls= KBUILD_EXTRA_SYMBOLS="/openwrt/src/build_dir/target-aarch64_cortex-a53_musl/linux-qualcommax_ipq807x/symvers/gpio-button-hotplug.symvers /openwrt/src/build_dir/target-aarch64_cortex-a53_musl/linux-qualcommax_ipq807x/symvers/nat46.symvers /openwrt/src/build_dir/target-aarch64_cortex-a53_musl/linux-qualcommax_ipq807x/symvers/qca-mcs.symvers /openwrt/src/build_dir/target-aarch64_cortex-a53_musl/linux-qualcommax_ipq807x/symvers/qca-nss-cfi.symvers /openwrt/src/build_dir/target-aarch64_cortex-a53_musl/linux-qualcommax_ipq807x/symvers/qca-nss-crypto.symvers /openwrt/src/build_dir/target-aarch64_cortex-a53_musl/linux-qualcommax_ipq807x/symvers/qca-nss-dp.symvers /openwrt/src/build_dir/target-aarch64_cortex-a53_musl/linux-qualcommax_ipq807x/symvers/qca-nss-drv.symvers /openwrt/src/build_dir/target-aarch64_cortex-a53_musl/linux-qualcommax_ipq807x/symvers/qca-ssdk.symvers" KERNELRELEASE=6.1.40  modules
make[4]: Entering directory '/openwrt/src/build_dir/target-aarch64_cortex-a53_musl/linux-qualcommax_ipq807x/linux-6.1.40'
  MODPOST /openwrt/src/build_dir/target-aarch64_cortex-a53_musl/linux-qualcommax_ipq807x/qca-nss-ecm-g63cdd85/Module.symvers
make[4]: Leaving directory '/openwrt/src/build_dir/target-aarch64_cortex-a53_musl/linux-qualcommax_ipq807x/linux-6.1.40'
make[3]: Leaving directory '/openwrt/src/feeds/nss_packages/qca/feeds/nss-host/qca-nss-ecm'
time: package/feeds/nss_packages/qca-nss-ecm/compile#0.09#0.02#0.91
    ERROR: package/feeds/nss_packages/qca-nss-ecm failed to build.
make[2]: Leaving directory '/openwrt/src'
make[1]: Leaving directory '/openwrt/src'
